Archive member included to satisfy reference by file (symbol)

C:/ST/STM32CubeIDE_1.16.1/STM32CubeIDE/plugins/com.st.stm32cube.ide.mcu.externaltools.gnu-tools-for-stm32.12.3.rel1.win32_1.0.200.202406191623/tools/bin/../lib/gcc/arm-none-eabi/12.3.1/../../../../arm-none-eabi/lib/thumb/v7-m/nofp\libc_nano.a(libc_a-exit.o)
                              C:/ST/STM32CubeIDE_1.16.1/STM32CubeIDE/plugins/com.st.stm32cube.ide.mcu.externaltools.gnu-tools-for-stm32.12.3.rel1.win32_1.0.200.202406191623/tools/bin/../lib/gcc/arm-none-eabi/12.3.1/../../../../arm-none-eabi/lib/thumb/v7-m/nofp/crt0.o (exit)
C:/ST/STM32CubeIDE_1.16.1/STM32CubeIDE/plugins/com.st.stm32cube.ide.mcu.externaltools.gnu-tools-for-stm32.12.3.rel1.win32_1.0.200.202406191623/tools/bin/../lib/gcc/arm-none-eabi/12.3.1/../../../../arm-none-eabi/lib/thumb/v7-m/nofp\libc_nano.a(libc_a-findfp.o)
                              C:/ST/STM32CubeIDE_1.16.1/STM32CubeIDE/plugins/com.st.stm32cube.ide.mcu.externaltools.gnu-tools-for-stm32.12.3.rel1.win32_1.0.200.202406191623/tools/bin/../lib/gcc/arm-none-eabi/12.3.1/../../../../arm-none-eabi/lib/thumb/v7-m/nofp\libc_nano.a(libc_a-exit.o) (__stdio_exit_handler)
C:/ST/STM32CubeIDE_1.16.1/STM32CubeIDE/plugins/com.st.stm32cube.ide.mcu.externaltools.gnu-tools-for-stm32.12.3.rel1.win32_1.0.200.202406191623/tools/bin/../lib/gcc/arm-none-eabi/12.3.1/../../../../arm-none-eabi/lib/thumb/v7-m/nofp\libc_nano.a(libc_a-fwalk.o)
                              C:/ST/STM32CubeIDE_1.16.1/STM32CubeIDE/plugins/com.st.stm32cube.ide.mcu.externaltools.gnu-tools-for-stm32.12.3.rel1.win32_1.0.200.202406191623/tools/bin/../lib/gcc/arm-none-eabi/12.3.1/../../../../arm-none-eabi/lib/thumb/v7-m/nofp\libc_nano.a(libc_a-findfp.o) (_fwalk_sglue)
C:/ST/STM32CubeIDE_1.16.1/STM32CubeIDE/plugins/com.st.stm32cube.ide.mcu.externaltools.gnu-tools-for-stm32.12.3.rel1.win32_1.0.200.202406191623/tools/bin/../lib/gcc/arm-none-eabi/12.3.1/../../../../arm-none-eabi/lib/thumb/v7-m/nofp\libc_nano.a(libc_a-sprintf.o)
                              ./Core/Src/main.o (sprintf)
C:/ST/STM32CubeIDE_1.16.1/STM32CubeIDE/plugins/com.st.stm32cube.ide.mcu.externaltools.gnu-tools-for-stm32.12.3.rel1.win32_1.0.200.202406191623/tools/bin/../lib/gcc/arm-none-eabi/12.3.1/../../../../arm-none-eabi/lib/thumb/v7-m/nofp\libc_nano.a(libc_a-stdio.o)
                              C:/ST/STM32CubeIDE_1.16.1/STM32CubeIDE/plugins/com.st.stm32cube.ide.mcu.externaltools.gnu-tools-for-stm32.12.3.rel1.win32_1.0.200.202406191623/tools/bin/../lib/gcc/arm-none-eabi/12.3.1/../../../../arm-none-eabi/lib/thumb/v7-m/nofp\libc_nano.a(libc_a-findfp.o) (__sread)
C:/ST/STM32CubeIDE_1.16.1/STM32CubeIDE/plugins/com.st.stm32cube.ide.mcu.externaltools.gnu-tools-for-stm32.12.3.rel1.win32_1.0.200.202406191623/tools/bin/../lib/gcc/arm-none-eabi/12.3.1/../../../../arm-none-eabi/lib/thumb/v7-m/nofp\libc_nano.a(libc_a-memset.o)
                              C:/ST/STM32CubeIDE_1.16.1/STM32CubeIDE/plugins/com.st.stm32cube.ide.mcu.externaltools.gnu-tools-for-stm32.12.3.rel1.win32_1.0.200.202406191623/tools/bin/../lib/gcc/arm-none-eabi/12.3.1/../../../../arm-none-eabi/lib/thumb/v7-m/nofp/crt0.o (memset)
C:/ST/STM32CubeIDE_1.16.1/STM32CubeIDE/plugins/com.st.stm32cube.ide.mcu.externaltools.gnu-tools-for-stm32.12.3.rel1.win32_1.0.200.202406191623/tools/bin/../lib/gcc/arm-none-eabi/12.3.1/../../../../arm-none-eabi/lib/thumb/v7-m/nofp\libc_nano.a(libc_a-closer.o)
                              C:/ST/STM32CubeIDE_1.16.1/STM32CubeIDE/plugins/com.st.stm32cube.ide.mcu.externaltools.gnu-tools-for-stm32.12.3.rel1.win32_1.0.200.202406191623/tools/bin/../lib/gcc/arm-none-eabi/12.3.1/../../../../arm-none-eabi/lib/thumb/v7-m/nofp\libc_nano.a(libc_a-stdio.o) (_close_r)
C:/ST/STM32CubeIDE_1.16.1/STM32CubeIDE/plugins/com.st.stm32cube.ide.mcu.externaltools.gnu-tools-for-stm32.12.3.rel1.win32_1.0.200.202406191623/tools/bin/../lib/gcc/arm-none-eabi/12.3.1/../../../../arm-none-eabi/lib/thumb/v7-m/nofp\libc_nano.a(libc_a-reent.o)
                              C:/ST/STM32CubeIDE_1.16.1/STM32CubeIDE/plugins/com.st.stm32cube.ide.mcu.externaltools.gnu-tools-for-stm32.12.3.rel1.win32_1.0.200.202406191623/tools/bin/../lib/gcc/arm-none-eabi/12.3.1/../../../../arm-none-eabi/lib/thumb/v7-m/nofp\libc_nano.a(libc_a-closer.o) (errno)
C:/ST/STM32CubeIDE_1.16.1/STM32CubeIDE/plugins/com.st.stm32cube.ide.mcu.externaltools.gnu-tools-for-stm32.12.3.rel1.win32_1.0.200.202406191623/tools/bin/../lib/gcc/arm-none-eabi/12.3.1/../../../../arm-none-eabi/lib/thumb/v7-m/nofp\libc_nano.a(libc_a-impure.o)
                              C:/ST/STM32CubeIDE_1.16.1/STM32CubeIDE/plugins/com.st.stm32cube.ide.mcu.externaltools.gnu-tools-for-stm32.12.3.rel1.win32_1.0.200.202406191623/tools/bin/../lib/gcc/arm-none-eabi/12.3.1/../../../../arm-none-eabi/lib/thumb/v7-m/nofp\libc_nano.a(libc_a-sprintf.o) (_impure_ptr)
[...]
Memory Configuration

Name             Origin             Length             Attributes
RAM              0x20000000         0x00005000         xrw
FLASH            0x08000000         0x00010000         xr
*default*        0x00000000         0xffffffff

Linker script and memory map

LOAD C:/ST/STM32CubeIDE_1.16.1/STM32CubeIDE/plugins/com.st.stm32cube.ide.mcu.externaltools.gnu-tools-for-stm32.12.3.rel1.win32_1.0.200.202406191623/tools/bin/../lib/gcc/arm-none-eabi/12.3.1/thumb/v7-m/nofp/crti.o
LOAD C:/ST/STM32CubeIDE_1.16.1/STM32CubeIDE/plugins/com.st.stm32cube.ide.mcu.externaltools.gnu-tools-for-stm32.12.3.rel1.win32_1.0.200.202406191623/tools/bin/../lib/gcc/arm-none-eabi/12.3.1/thumb/v7-m/nofp/crtbegin.o
LOAD C:/ST/STM32CubeIDE_1.16.1/STM32CubeIDE/plugins/com.st.stm32cube.ide.mcu.externaltools.gnu-tools-for-stm32.12.3.rel1.win32_1.0.200.202406191623/tools/bin/../lib/gcc/arm-none-eabi/12.3.1/../../../../arm-none-eabi/lib/thumb/v7-m/nofp/crt0.o
LOAD ./Core/Src/CLCD_I2C.o
LOAD ./Core/Src/KeyPad.o
LOAD ./Core/Src/fingerprint.o
LOAD ./Core/Src/flash.o
LOAD ./Core/Src/main.o
LOAD ./Core/Src/rc522.o
LOAD ./Core/Src/stm32f1xx_hal_msp.o
LOAD ./Core/Src/stm32f1xx_it.o
LOAD ./Core/Src/syscalls.o
LOAD ./Core/Src/sysmem.o
LOAD ./Core/Src/system_stm32f1xx.o
LOAD ./Core/Startup/startup_stm32f103c8tx.o
LOAD ./Drivers/STM32F1xx_HAL_Driver/Src/stm32f1xx_hal.o
LOAD ./Drivers/STM32F1xx_HAL_Driver/Src/stm32f1xx_hal_cortex.o
LOAD ./Drivers/STM32F1xx_HAL_Driver/Src/stm32f1xx_hal_dma.o
LOAD ./Drivers/STM32F1xx_HAL_Driver/Src/stm32f1xx_hal_exti.o
LOAD ./Drivers/STM32F1xx_HAL_Driver/Src/stm32f1xx_hal_flash.o
LOAD ./Drivers/STM32F1xx_HAL_Driver/Src/stm32f1xx_hal_flash_ex.o
LOAD ./Drivers/STM32F1xx_HAL_Driver/Src/stm32f1xx_hal_gpio.o
LOAD ./Drivers/STM32F1xx_HAL_Driver/Src/stm32f1xx_hal_gpio_ex.o
LOAD ./Drivers/STM32F1xx_HAL_Driver/Src/stm32f1xx_hal_i2c.o
LOAD ./Drivers/STM32F1xx_HAL_Driver/Src/stm32f1xx_hal_pcd.o
LOAD ./Drivers/STM32F1xx_HAL_Driver/Src/stm32f1xx_hal_pcd_ex.o
LOAD ./Drivers/STM32F1xx_HAL_Driver/Src/stm32f1xx_hal_pwr.o
LOAD ./Drivers/STM32F1xx_HAL_Driver/Src/stm32f1xx_hal_rcc.o
LOAD ./Drivers/STM32F1xx_HAL_Driver/Src/stm32f1xx_hal_rcc_ex.o
LOAD ./Drivers/STM32F1xx_HAL_Driver/Src/stm32f1xx_hal_spi.o
LOAD ./Drivers/STM32F1xx_HAL_Driver/Src/stm32f1xx_hal_tim.o
LOAD ./Drivers/STM32F1xx_HAL_Driver/Src/stm32f1xx_hal_tim_ex.o
LOAD ./Drivers/STM32F1xx_HAL_Driver/Src/stm32f1xx_hal_uart.o
LOAD ./Drivers/STM32F1xx_HAL_Driver/Src/stm32f1xx_ll_usb.o
LOAD ./Middlewares/ST/STM32_USB_Device_Library/Class/CDC/Src/usbd_cdc.o
LOAD ./Middlewares/ST/STM32_USB_Device_Library/Core/Src/usbd_core.o
LOAD ./Middlewares/ST/STM32_USB_Device_Library/Core/Src/usbd_ctlreq.o
LOAD ./Middlewares/ST/STM32_USB_Device_Library/Core/Src/usbd_ioreq.o
LOAD ./USB_DEVICE/App/usb_device.o
LOAD ./USB_DEVICE/App/usbd_cdc_if.o
LOAD ./USB_DEVICE/App/usbd_desc.o
LOAD ./USB_DEVICE/Target/usbd_conf.o
START GROUP
LOAD C:/ST/STM32CubeIDE_1.16.1/STM32CubeIDE/plugins/com.st.stm32cube.ide.mcu.externaltools.gnu-tools-for-stm32.12.3.rel1.win32_1.0.200.202406191623/tools/bin/../lib/gcc/arm-none-eabi/12.3.1/../../../../arm-none-eabi/lib/thumb/v7-m/nofp\libc_nano.a
LOAD C:/ST/STM32CubeIDE_1.16.1/STM32CubeIDE/plugins/com.st.stm32cube.ide.mcu.externaltools.gnu-tools-for-stm32.12.3.rel1.win32_1.0.200.202406191623/tools/bin/../lib/gcc/arm-none-eabi/12.3.1/../../../../arm-none-eabi/lib/thumb/v7-m/nofp\libm.a
END GROUP
START GROUP
LOAD C:/ST/STM32CubeIDE_1.16.1/STM32CubeIDE/plugins/com.st.stm32cube.ide.mcu.externaltools.gnu-tools-for-stm32.12.3.rel1.win32_1.0.200.202406191623/tools/bin/../lib/gcc/arm-none-eabi/12.3.1/thumb/v7-m/nofp\libgcc.a
LOAD C:/ST/STM32CubeIDE_1.16.1/STM32CubeIDE/plugins/com.st.stm32cube.ide.mcu.externaltools.gnu-tools-for-stm32.12.3.rel1.win32_1.0.200.202406191623/tools/bin/../lib/gcc/arm-none-eabi/12.3.1/../../../../arm-none-eabi/lib/thumb/v7-m/nofp\libc_nano.a
END GROUP
START GROUP
LOAD C:/ST/STM32CubeIDE_1.16.1/STM32CubeIDE/plugins/com.st.stm32cube.ide.mcu.externaltools.gnu-tools-for-stm32.12.3.rel1.win32_1.0.200.202406191623/tools/bin/../lib/gcc/arm-none-eabi/12.3.1/thumb/v7-m/nofp\libgcc.a
LOAD C:/ST/STM32CubeIDE_1.16.1/STM32CubeIDE/plugins/com.st.stm32cube.ide.mcu.externaltools.gnu-tools-for-stm32.12.3.rel1.win32_1.0.200.202406191623/tools/bin/../lib/gcc/arm-none-eabi/12.3.1/../../../../arm-none-eabi/lib/thumb/v7-m/nofp\libc_nano.a
LOAD C:/ST/STM32CubeIDE_1.16.1/STM32CubeIDE/plugins/com.st.stm32cube.ide.mcu.externaltools.gnu-tools-for-stm32.12.3.rel1.win32_1.0.200.202406191623/tools/bin/../lib/gcc/arm-none-eabi/12.3.1/../../../../arm-none-eabi/lib/thumb/v7-m/nofp\libnosys.a
END GROUP
START GROUP
LOAD C:/ST/STM32CubeIDE_1.16.1/STM32CubeIDE/plugins/com.st.stm32cube.ide.mcu.externaltools.gnu-tools-for-stm32.12.3.rel1.win32_1.0.200.202406191623/tools/bin/../lib/gcc/arm-none-eabi/12.3.1/thumb/v7-m/nofp\libgcc.a
LOAD C:/ST/STM32CubeIDE_1.16.1/STM32CubeIDE/plugins/com.st.stm32cube.ide.mcu.externaltools.gnu-tools-for-stm32.12.3.rel1.win32_1.0.200.202406191623/tools/bin/../lib/gcc/arm-none-eabi/12.3.1/../../../../arm-none-eabi/lib/thumb/v7-m/nofp\libc_nano.a
LOAD C:/ST/STM32CubeIDE_1.16.1/STM32CubeIDE/plugins/com.st.stm32cube.ide.mcu.externaltools.gnu-tools-for-stm32.12.3.rel1.win32_1.0.200.202406191623/tools/bin/../lib/gcc/arm-none-eabi/12.3.1/../../../../arm-none-eabi/lib/thumb/v7-m/nofp\libnosys.a
END GROUP
LOAD C:/ST/STM32CubeIDE_1.16.1/STM32CubeIDE/plugins/com.st.stm32cube.ide.mcu.externaltools.gnu-tools-for-stm32.12.3.rel1.win32_1.0.200.202406191623/tools/bin/../lib/gcc/arm-none-eabi/12.3.1/thumb/v7-m/nofp/crtend.o
LOAD C:/ST/STM32CubeIDE_1.16.1/STM32CubeIDE/plugins/com.st.stm32cube.ide.mcu.externaltools.gnu-tools-for-stm32.12.3.rel1.win32_1.0.200.202406191623/tools/bin/../lib/gcc/arm-none-eabi/12.3.1/thumb/v7-m/nofp/crtn.o
                0x20005000                        _estack = (ORIGIN (RAM) + LENGTH (RAM))
                0x00000200                        _Min_Heap_Size = 0x200
                0x00000400                        _Min_Stack_Size = 0x400

.isr_vector     0x08000000      0x10c
                0x08000000                        . = ALIGN (0x4)
 *(.isr_vector)
 .isr_vector    0x08000000      0x10c ./Core/Startup/startup_stm32f103c8tx.o
                0x08000000                g_pfnVectors
                0x0800010c                        . = ALIGN (0x4)

.text           0x0800010c     0xd094
                0x0800010c                        . = ALIGN (0x4)
 *(.text)
 .text          0x0800010c       0x40 C:/ST/STM32CubeIDE_1.16.1/STM32CubeIDE/plugins/com.st.stm32cube.ide.mcu.externaltools.gnu-tools-for-stm32.12.3.rel1.win32_1.0.200.202406191623/tools/bin/../lib/gcc/arm-none-eabi/12.3.1/thumb/v7-m/nofp/crtbegin.o
 *(.text*)
 .text.CLCD_Delay
                0x0800014c       0x1a ./Core/Src/CLCD_I2C.o
 .text.CLCD_WriteI2C
                0x08000166       0xae ./Core/Src/CLCD_I2C.o
 .text.CLCD_I2C_Init
                0x08000214       0xe0 ./Core/Src/CLCD_I2C.o
                0x08000214                CLCD_I2C_Init
 .text.CLCD_I2C_SetCursor
                0x080002f4       0x86 ./Core/Src/CLCD_I2C.o
                0x080002f4                CLCD_I2C_SetCursor
 .text.CLCD_I2C_WriteChar
                0x0800037a       0x20 ./Core/Src/CLCD_I2C.o
                0x0800037a                CLCD_I2C_WriteChar
 .text.CLCD_I2C_WriteString
                0x0800039a       0x2e ./Core/Src/CLCD_I2C.o
                0x0800039a                CLCD_I2C_WriteString
 .text.CLCD_I2C_Clear
                0x080003c8       0x20 ./Core/Src/CLCD_I2C.o
                0x080003c8                CLCD_I2C_Clear
 .text.CLCD_I2C_Display
                0x080003e8       0x3e ./Core/Src/CLCD_I2C.o
                0x080003e8                CLCD_I2C_Display
 *fill*         0x08000426        0x2 
 .text.KeyPad_Init
                0x08000428       0xc4 ./Core/Src/KeyPad.o
                0x08000428                KeyPad_Init
 .text.KeyPad_Scan
                0x080004ec      0x138 ./Core/Src/KeyPad.o
                0x080004ec                KeyPad_Scan
 .text.KeyPad_WaitForKey
                0x08000624       0x78 ./Core/Src/KeyPad.o
                0x08000624                KeyPad_WaitForKey
 .text.KeyPad_WaitForKeyGetChar
                0x0800069c      0x164 ./Core/Src/KeyPad.o
                0x0800069c                KeyPad_WaitForKeyGetChar
 .text.USART_SendByte
                0x08000800       0x24 ./Core/Src/fingerprint.o
                0x08000800                USART_SendByte
 .text.receive_finger
                0x08000824       0x40 ./Core/Src/fingerprint.o
                0x08000824                receive_finger
 .text.receive_finger_match
                0x08000864       0x38 ./Core/Src/fingerprint.o
                0x08000864                receive_finger_match
 .text.receive_finger_search
                0x0800089c       0x40 ./Core/Src/fingerprint.o
                0x0800089c                receive_finger_search
 .text.collect_finger
                0x080008dc       0x58 ./Core/Src/fingerprint.o
                0x080008dc                collect_finger
 .text.img2tz   0x08000934       0x78 ./Core/Src/fingerprint.o
                0x08000934                img2tz
 .text.match    0x080009ac       0x58 ./Core/Src/fingerprint.o
                0x080009ac                match
 .text.regmodel
                0x08000a04       0x58 ./Core/Src/fingerprint.o
                0x08000a04                regmodel
 .text.store    0x08000a5c       0x7e ./Core/Src/fingerprint.o
                0x08000a5c                store
 .text.search   0x08000ada       0x76 ./Core/Src/fingerprint.o
                0x08000ada                search
 .text.Flash_Erase
                0x08000b50       0x38 ./Core/Src/flash.o
                0x08000b50                Flash_Erase
 .text.Flash_Write_2Byte
                0x08000b88       0x30 ./Core/Src/flash.o
                0x08000b88                Flash_Write_2Byte
 .text.Flash_Write_Array
                0x08000bb8       0x46 ./Core/Src/flash.o
                0x08000bb8                Flash_Write_Array
 .text.Flash_Read_Byte
                0x08000bfe       0x18 ./Core/Src/flash.o
                0x08000bfe                Flash_Read_Byte
 .text.Flash_Read_2Byte
                0x08000c16       0x18 ./Core/Src/flash.o
                0x08000c16                Flash_Read_2Byte
 .text.Flash_Read_8Byte
                0x08000c2e       0x1a ./Core/Src/flash.o
                0x08000c2e                Flash_Read_8Byte
 .text.Flash_Read_Array
                0x08000c48       0x42 ./Core/Src/flash.o
                0x08000c48                Flash_Read_Array
 *fill*         0x08000c8a        0x2 
 .text.HAL_TIM_PeriodElapsedCallback
                0x08000c8c       0x34 ./Core/Src/main.o
                0x08000c8c                HAL_TIM_PeriodElapsedCallback
 .text.check_fingerprint_status
                0x08000cc0       0x28 ./Core/Src/main.o
                0x08000cc0                check_fingerprint_status
 .text.process_fingerprint
                0x08000ce8       0x20 ./Core/Src/main.o
                0x08000ce8                process_fingerprint
 .text.main     0x08000d08      0x1d0 ./Core/Src/main.o
                0x08000d08                main
 .text.SystemClock_Config
                0x08000ed8       0xb6 ./Core/Src/main.o
                0x08000ed8                SystemClock_Config
 *fill*         0x08000f8e        0x2 
 .text.MX_I2C2_Init
                0x08000f90       0x5c ./Core/Src/main.o
 .text.MX_SPI1_Init
                0x08000fec       0x6c ./Core/Src/main.o
 .text.MX_TIM2_Init
                0x08001058       0x9c ./Core/Src/main.o
 .text.MX_USART1_UART_Init
                0x080010f4       0x54 ./Core/Src/main.o
 .text.MX_GPIO_Init
                0x08001148      0x15c ./Core/Src/main.o
 .text.RFID     0x080012a4      0xde4 ./Core/Src/main.o
                0x080012a4                RFID
 .text.FACEID   0x08002088      0x708 ./Core/Src/main.o
                0x08002088                FACEID
 .text.FINGER   0x08002790        0xc ./Core/Src/main.o
                0x08002790                FINGER
 .text.PASSWORD
                0x0800279c        0xc ./Core/Src/main.o
                0x0800279c                PASSWORD
 .text.CheckUID
                0x080027a8       0x58 ./Core/Src/main.o
                0x080027a8                CheckUID
 .text.CheckListUID
                0x08002800       0x60 ./Core/Src/main.o
                0x08002800                CheckListUID
 .text.checkcountUID
                0x08002860       0x64 ./Core/Src/main.o
                0x08002860                checkcountUID
 .text.adduid   0x080028c4       0xe0 ./Core/Src/main.o
                0x080028c4                adduid
 .text.checkthe
                0x080029a4      0x15c ./Core/Src/main.o
                0x080029a4                checkthe
 .text.CheckKey
                0x08002b00       0x5c ./Core/Src/main.o
                0x08002b00                CheckKey
 .text.removeuid
                0x08002b5c       0x1c ./Core/Src/main.o
                0x08002b5c                removeuid
 .text.startadd
                0x08002b78       0xa8 ./Core/Src/main.o
                0x08002b78                startadd
 .text.setaddress
                0x08002c20       0x38 ./Core/Src/main.o
                0x08002c20                setaddress
 .text.remoall  0x08002c58       0x4c ./Core/Src/main.o
                0x08002c58                remoall
 .text.add_finger
                0x08002ca4      0x210 ./Core/Src/main.o
                0x08002ca4                add_finger
 .text.read_finger
                0x08002eb4      0x114 ./Core/Src/main.o
                0x08002eb4                read_finger
 .text.startface
                0x08002fc8       0x70 ./Core/Src/main.o
                0x08002fc8                startface
 .text.addface  0x08003038       0xb8 ./Core/Src/main.o
                0x08003038                addface
 .text.removeface
                0x080030f0       0xb4 ./Core/Src/main.o
                0x080030f0                removeface
 .text.checkfaceid
                0x080031a4       0x78 ./Core/Src/main.o
                0x080031a4                checkfaceid
 .text.Error_Handler
                0x0800321c        0xc ./Core/Src/main.o
                0x0800321c                Error_Handler
 .text.TM_SPI_Send
                0x08003228       0x50 ./Core/Src/rc522.o
                0x08003228                TM_SPI_Send
 .text.TM_MFRC522_Init
                0x08003278       0x48 ./Core/Src/rc522.o
                0x08003278                TM_MFRC522_Init
 .text.TM_MFRC522_Check
                0x080032c0       0x32 ./Core/Src/rc522.o
                0x080032c0                TM_MFRC522_Check
 *fill*         0x080032f2        0x2 
 .text.TM_MFRC522_WriteRegister
                0x080032f4       0x4c ./Core/Src/rc522.o
                0x080032f4                TM_MFRC522_WriteRegister
 .text.TM_MFRC522_ReadRegister
                0x08003340       0x50 ./Core/Src/rc522.o
                0x08003340                TM_MFRC522_ReadRegister
 .text.TM_MFRC522_SetBitMask
                0x08003390       0x34 ./Core/Src/rc522.o
                0x08003390                TM_MFRC522_SetBitMask
 .text.TM_MFRC522_ClearBitMask
                0x080033c4       0x3c ./Core/Src/rc522.o
                0x080033c4                TM_MFRC522_ClearBitMask
 .text.TM_MFRC522_AntennaOn
                0x08003400       0x2a ./Core/Src/rc522.o
                0x08003400                TM_MFRC522_AntennaOn
 .text.TM_MFRC522_Reset
                0x0800342a       0x10 ./Core/Src/rc522.o
                0x0800342a                TM_MFRC522_Reset
 .text.TM_MFRC522_Request
                0x0800343a       0x4a ./Core/Src/rc522.o
                0x0800343a                TM_MFRC522_Request
 .text.TM_MFRC522_ToCard
                0x08003484      0x19e ./Core/Src/rc522.o
                0x08003484                TM_MFRC522_ToCard
 .text.TM_MFRC522_Anticoll
                0x08003622       0x7a ./Core/Src/rc522.o
                0x08003622                TM_MFRC522_Anticoll
 .text.TM_MFRC522_CalculateCRC
                0x0800369c       0x92 ./Core/Src/rc522.o
                0x0800369c                TM_MFRC522_CalculateCRC
 .text.TM_MFRC522_Halt
                0x0800372e       0x36 ./Core/Src/rc522.o
                0x0800372e                TM_MFRC522_Halt
 .text.HAL_MspInit
                0x08003764       0x64 ./Core/Src/stm32f1xx_hal_msp.o
                0x08003764                HAL_MspInit
 .text.HAL_I2C_MspInit
                0x080037c8       0x80 ./Core/Src/stm32f1xx_hal_msp.o
                0x080037c8                HAL_I2C_MspInit
 .text.HAL_SPI_MspInit
                0x08003848       0x94 ./Core/Src/stm32f1xx_hal_msp.o
                0x08003848                HAL_SPI_MspInit
 .text.HAL_TIM_Base_MspInit
                0x080038dc       0x48 ./Core/Src/stm32f1xx_hal_msp.o
                0x080038dc                HAL_TIM_Base_MspInit
 .text.HAL_UART_MspInit
                0x08003924       0xb4 ./Core/Src/stm32f1xx_hal_msp.o
                0x08003924                HAL_UART_MspInit
 .text.NMI_Handler
                0x080039d8        0x8 ./Core/Src/stm32f1xx_it.o
                0x080039d8                NMI_Handler
 .text.HardFault_Handler
                0x080039e0        0x8 ./Core/Src/stm32f1xx_it.o
                0x080039e0                HardFault_Handler
 .text.MemManage_Handler
                0x080039e8        0x8 ./Core/Src/stm32f1xx_it.o
                0x080039e8                MemManage_Handler
 .text.BusFault_Handler
                0x080039f0        0x8 ./Core/Src/stm32f1xx_it.o
                0x080039f0                BusFault_Handler
 .text.UsageFault_Handler
                0x080039f8        0x8 ./Core/Src/stm32f1xx_it.o
                0x080039f8                UsageFault_Handler
 .text.SVC_Handler
                0x08003a00        0xc ./Core/Src/stm32f1xx_it.o
                0x08003a00                SVC_Handler
 .text.DebugMon_Handler
                0x08003a0c        0xc ./Core/Src/stm32f1xx_it.o
                0x08003a0c                DebugMon_Handler
 .text.PendSV_Handler
                0x08003a18        0xc ./Core/Src/stm32f1xx_it.o
                0x08003a18                PendSV_Handler
 .text.SysTick_Handler
                0x08003a24        0xc ./Core/Src/stm32f1xx_it.o
                0x08003a24                SysTick_Handler
 .text.USB_LP_CAN1_RX0_IRQHandler
                0x08003a30       0x14 ./Core/Src/stm32f1xx_it.o
                0x08003a30                USB_LP_CAN1_RX0_IRQHandler
 .text.EXTI9_5_IRQHandler
                0x08003a44       0x10 ./Core/Src/stm32f1xx_it.o
                0x08003a44                EXTI9_5_IRQHandler
 .text.TIM2_IRQHandler
                0x08003a54       0x14 ./Core/Src/stm32f1xx_it.o
                0x08003a54                TIM2_IRQHandler
 .text._sbrk    0x08003a68       0x6c ./Core/Src/sysmem.o
                0x08003a68                _sbrk
 .text.SystemInit
                0x08003ad4        0xc ./Core/Src/system_stm32f1xx.o
                0x08003ad4                SystemInit
 .text.Reset_Handler
                0x08003ae0       0x48 ./Core/Startup/startup_stm32f103c8tx.o
                0x08003ae0                Reset_Handler
 .text.Default_Handler
                0x08003b28        0x2 ./Core/Startup/startup_stm32f103c8tx.o
                0x08003b28                RTC_Alarm_IRQHandler
                0x08003b28                EXTI2_IRQHandler
                0x08003b28                TIM1_CC_IRQHandler
                0x08003b28                PVD_IRQHandler
                0x08003b28                EXTI3_IRQHandler
                0x08003b28                EXTI0_IRQHandler
                0x08003b28                I2C2_EV_IRQHandler
                0x08003b28                ADC1_2_IRQHandler
                0x08003b28                SPI1_IRQHandler
                0x08003b28                TAMPER_IRQHandler
                0x08003b28                DMA1_Channel4_IRQHandler
                0x08003b28                USART3_IRQHandler
                0x08003b28                RTC_IRQHandler
                0x08003b28                DMA1_Channel7_IRQHandler
                0x08003b28                CAN1_RX1_IRQHandler
                0x08003b28                TIM4_IRQHandler
                0x08003b28                I2C1_EV_IRQHandler
                0x08003b28                DMA1_Channel6_IRQHandler
                0x08003b28                TIM3_IRQHandler
                0x08003b28                RCC_IRQHandler
                0x08003b28                TIM1_TRG_COM_IRQHandler
                0x08003b28                DMA1_Channel1_IRQHandler
                0x08003b28                Default_Handler
                0x08003b28                EXTI15_10_IRQHandler
                0x08003b28                SPI2_IRQHandler
                0x08003b28                DMA1_Channel5_IRQHandler
                0x08003b28                EXTI4_IRQHandler
                0x08003b28                USB_HP_CAN1_TX_IRQHandler
                0x08003b28                DMA1_Channel3_IRQHandler
                0x08003b28                TIM1_UP_IRQHandler
                0x08003b28                WWDG_IRQHandler
                0x08003b28                TIM1_BRK_IRQHandler
                0x08003b28                EXTI1_IRQHandler
                0x08003b28                USART2_IRQHandler
                0x08003b28                I2C2_ER_IRQHandler
                0x08003b28                DMA1_Channel2_IRQHandler
                0x08003b28                CAN1_SCE_IRQHandler
                0x08003b28                FLASH_IRQHandler
                0x08003b28                USART1_IRQHandler
                0x08003b28                I2C1_ER_IRQHandler
                0x08003b28                USBWakeUp_IRQHandler
 *fill*         0x08003b2a        0x2 
 .text.HAL_Init
                0x08003b2c       0x2c ./Drivers/STM32F1xx_HAL_Driver/Src/stm32f1xx_hal.o
                0x08003b2c                HAL_Init
 .text.HAL_InitTick
                0x08003b58       0x60 ./Drivers/STM32F1xx_HAL_Driver/Src/stm32f1xx_hal.o
                0x08003b58                HAL_InitTick
 .text.HAL_IncTick
                0x08003bb8       0x24 ./Drivers/STM32F1xx_HAL_Driver/Src/stm32f1xx_hal.o
                0x08003bb8                HAL_IncTick
 .text.HAL_GetTick
                0x08003bdc       0x14 ./Drivers/STM32F1xx_HAL_Driver/Src/stm32f1xx_hal.o
                0x08003bdc                HAL_GetTick
 .text.HAL_Delay
                0x08003bf0       0x48 ./Drivers/STM32F1xx_HAL_Driver/Src/stm32f1xx_hal.o
                0x08003bf0                HAL_Delay
 .text.__NVIC_SetPriorityGrouping
                0x08003c38       0x48 ./Drivers/STM32F1xx_HAL_Driver/Src/stm32f1xx_hal_cortex.o
 .text.__NVIC_GetPriorityGrouping
                0x08003c80       0x1c ./Drivers/STM32F1xx_HAL_Driver/Src/stm32f1xx_hal_cortex.o
 .text.__NVIC_EnableIRQ
                0x08003c9c       0x38 ./Drivers/STM32F1xx_HAL_Driver/Src/stm32f1xx_hal_cortex.o
 .text.__NVIC_SetPriority
                0x08003cd4       0x54 ./Drivers/STM32F1xx_HAL_Driver/Src/stm32f1xx_hal_cortex.o
 .text.NVIC_EncodePriority
                0x08003d28       0x64 ./Drivers/STM32F1xx_HAL_Driver/Src/stm32f1xx_hal_cortex.o
 .text.SysTick_Config
                0x08003d8c       0x44 ./Drivers/STM32F1xx_HAL_Driver/Src/stm32f1xx_hal_cortex.o
 .text.HAL_NVIC_SetPriorityGrouping
                0x08003dd0       0x16 ./Drivers/STM32F1xx_HAL_Driver/Src/stm32f1xx_hal_cortex.o
                0x08003dd0                HAL_NVIC_SetPriorityGrouping
 .text.HAL_NVIC_SetPriority
                0x08003de6       0x38 ./Drivers/STM32F1xx_HAL_Driver/Src/stm32f1xx_hal_cortex.o
                0x08003de6                HAL_NVIC_SetPriority
 .text.HAL_NVIC_EnableIRQ
                0x08003e1e       0x1c ./Drivers/STM32F1xx_HAL_Driver/Src/stm32f1xx_hal_cortex.o
                0x08003e1e                HAL_NVIC_EnableIRQ
 .text.HAL_SYSTICK_Config
                0x08003e3a       0x18 ./Drivers/STM32F1xx_HAL_Driver/Src/stm32f1xx_hal_cortex.o
                0x08003e3a                HAL_SYSTICK_Config
 *fill*         0x08003e52        0x2 
 .text.HAL_FLASH_Program
                0x08003e54       0xe0 ./Drivers/STM32F1xx_HAL_Driver/Src/stm32f1xx_hal_flash.o
                0x08003e54                HAL_FLASH_Program
 .text.HAL_FLASH_Unlock
                0x08003f34       0x4c ./Drivers/STM32F1xx_HAL_Driver/Src/stm32f1xx_hal_flash.o
                0x08003f34                HAL_FLASH_Unlock
 .text.HAL_FLASH_Lock
                0x08003f80       0x20 ./Drivers/STM32F1xx_HAL_Driver/Src/stm32f1xx_hal_flash.o
                0x08003f80                HAL_FLASH_Lock
 .text.FLASH_Program_HalfWord
                0x08003fa0       0x38 ./Drivers/STM32F1xx_HAL_Driver/Src/stm32f1xx_hal_flash.o
 .text.FLASH_WaitForLastOperation
                0x08003fd8       0x8c ./Drivers/STM32F1xx_HAL_Driver/Src/stm32f1xx_hal_flash.o
                0x08003fd8                FLASH_WaitForLastOperation
 .text.FLASH_SetErrorCode
                0x08004064       0xa0 ./Drivers/STM32F1xx_HAL_Driver/Src/stm32f1xx_hal_flash.o
 .text.HAL_FLASHEx_Erase
                0x08004104       0xd8 ./Drivers/STM32F1xx_HAL_Driver/Src/stm32f1xx_hal_flash_ex.o
                0x08004104                HAL_FLASHEx_Erase
 .text.FLASH_MassErase
                0x080041dc       0x38 ./Drivers/STM32F1xx_HAL_Driver/Src/stm32f1xx_hal_flash_ex.o
 .text.FLASH_PageErase
                0x08004214       0x40 ./Drivers/STM32F1xx_HAL_Driver/Src/stm32f1xx_hal_flash_ex.o
                0x08004214                FLASH_PageErase
 .text.HAL_GPIO_Init
                0x08004254      0x308 ./Drivers/STM32F1xx_HAL_Driver/Src/stm32f1xx_hal_gpio.o
                0x08004254                HAL_GPIO_Init
 .text.HAL_GPIO_ReadPin
                0x0800455c       0x2e ./Drivers/STM32F1xx_HAL_Driver/Src/stm32f1xx_hal_gpio.o
                0x0800455c                HAL_GPIO_ReadPin
 .text.HAL_GPIO_WritePin
                0x0800458a       0x30 ./Drivers/STM32F1xx_HAL_Driver/Src/stm32f1xx_hal_gpio.o
                0x0800458a                HAL_GPIO_WritePin
 *fill*         0x080045ba        0x2 
 .text.HAL_GPIO_EXTI_IRQHandler
                0x080045bc       0x30 ./Drivers/STM32F1xx_HAL_Driver/Src/stm32f1xx_hal_gpio.o
                0x080045bc                HAL_GPIO_EXTI_IRQHandler
 .text.HAL_GPIO_EXTI_Callback
                0x080045ec       0x14 ./Drivers/STM32F1xx_HAL_Driver/Src/stm32f1xx_hal_gpio.o
                0x080045ec                HAL_GPIO_EXTI_Callback
 .text.HAL_I2C_Init
                0x08004600      0x288 ./Drivers/STM32F1xx_HAL_Driver/Src/stm32f1xx_hal_i2c.o
                0x08004600                HAL_I2C_Init
 .text.HAL_I2C_Master_Transmit
                0x08004888      0x1fc ./Drivers/STM32F1xx_HAL_Driver/Src/stm32f1xx_hal_i2c.o
                0x08004888                HAL_I2C_Master_Transmit
 .text.I2C_MasterRequestWrite
                0x08004a84      0x104 ./Drivers/STM32F1xx_HAL_Driver/Src/stm32f1xx_hal_i2c.o
 .text.I2C_WaitOnFlagUntilTimeout
                0x08004b88       0xae ./Drivers/STM32F1xx_HAL_Driver/Src/stm32f1xx_hal_i2c.o
 .text.I2C_WaitOnMasterAddressFlagUntilTimeout
                0x08004c36       0xfe ./Drivers/STM32F1xx_HAL_Driver/Src/stm32f1xx_hal_i2c.o
 .text.I2C_WaitOnTXEFlagUntilTimeout
                0x08004d34       0x82 ./Drivers/STM32F1xx_HAL_Driver/Src/stm32f1xx_hal_i2c.o
 .text.I2C_WaitOnBTFFlagUntilTimeout
                0x08004db6       0x82 ./Drivers/STM32F1xx_HAL_Driver/Src/stm32f1xx_hal_i2c.o
 .text.I2C_IsAcknowledgeFailed
                0x08004e38       0x5c ./Drivers/STM32F1xx_HAL_Driver/Src/stm32f1xx_hal_i2c.o
 .text.HAL_PCD_Init
                0x08004e94      0x216 ./Drivers/STM32F1xx_HAL_Driver/Src/stm32f1xx_hal_pcd.o
                0x08004e94                HAL_PCD_Init
 .text.HAL_PCD_Start
                0x080050aa       0x4c ./Drivers/STM32F1xx_HAL_Driver/Src/stm32f1xx_hal_pcd.o
                0x080050aa                HAL_PCD_Start
 .text.HAL_PCD_IRQHandler
                0x080050f6      0x2a6 ./Drivers/STM32F1xx_HAL_Driver/Src/stm32f1xx_hal_pcd.o
                0x080050f6                HAL_PCD_IRQHandler
 .text.HAL_PCD_SetAddress
                0x0800539c       0x4a ./Drivers/STM32F1xx_HAL_Driver/Src/stm32f1xx_hal_pcd.o
                0x0800539c                HAL_PCD_SetAddress
 .text.HAL_PCD_EP_Open
                0x080053e6       0xcc ./Drivers/STM32F1xx_HAL_Driver/Src/stm32f1xx_hal_pcd.o
                0x080053e6                HAL_PCD_EP_Open
 .text.HAL_PCD_EP_Close
                0x080054b2       0x90 ./Drivers/STM32F1xx_HAL_Driver/Src/stm32f1xx_hal_pcd.o
                0x080054b2                HAL_PCD_EP_Close
 .text.HAL_PCD_EP_Receive
                0x08005542       0x7a ./Drivers/STM32F1xx_HAL_Driver/Src/stm32f1xx_hal_pcd.o
                0x08005542                HAL_PCD_EP_Receive
 .text.HAL_PCD_EP_GetRxCount
                0x080055bc       0x2e ./Drivers/STM32F1xx_HAL_Driver/Src/stm32f1xx_hal_pcd.o
                0x080055bc                HAL_PCD_EP_GetRxCount
 .text.HAL_PCD_EP_Transmit
                0x080055ea       0x86 ./Drivers/STM32F1xx_HAL_Driver/Src/stm32f1xx_hal_pcd.o
                0x080055ea                HAL_PCD_EP_Transmit
 .text.HAL_PCD_EP_SetStall
                0x08005670       0xc0 ./Drivers/STM32F1xx_HAL_Driver/Src/stm32f1xx_hal_pcd.o
                0x08005670                HAL_PCD_EP_SetStall
 .text.HAL_PCD_EP_ClrStall
                0x08005730       0xa8 ./Drivers/STM32F1xx_HAL_Driver/Src/stm32f1xx_hal_pcd.o
                0x08005730                HAL_PCD_EP_ClrStall
 .text.PCD_EP_ISR_Handler
                0x080057d8      0x5e4 ./Drivers/STM32F1xx_HAL_Driver/Src/stm32f1xx_hal_pcd.o
 .text.HAL_PCD_EP_DB_Receive
                0x08005dbc      0x21a ./Drivers/STM32F1xx_HAL_Driver/Src/stm32f1xx_hal_pcd.o
 .text.HAL_PCD_EP_DB_Transmit
                0x08005fd6      0x556 ./Drivers/STM32F1xx_HAL_Driver/Src/stm32f1xx_hal_pcd.o
 .text.HAL_PCDEx_PMAConfig
                0x0800652c       0x84 ./Drivers/STM32F1xx_HAL_Driver/Src/stm32f1xx_hal_pcd_ex.o
                0x0800652c                HAL_PCDEx_PMAConfig
 .text.HAL_RCC_OscConfig
                0x080065b0      0x504 ./Drivers/STM32F1xx_HAL_Driver/Src/stm32f1xx_hal_rcc.o
                0x080065b0                HAL_RCC_OscConfig
 .text.HAL_RCC_ClockConfig
                0x08006ab4      0x1d4 ./Drivers/STM32F1xx_HAL_Driver/Src/stm32f1xx_hal_rcc.o
                0x08006ab4                HAL_RCC_ClockConfig
 .text.HAL_RCC_GetSysClockFreq
                0x08006c88       0xbc ./Drivers/STM32F1xx_HAL_Driver/Src/stm32f1xx_hal_rcc.o
                0x08006c88                HAL_RCC_GetSysClockFreq
 .text.HAL_RCC_GetHCLKFreq
                0x08006d44       0x14 ./Drivers/STM32F1xx_HAL_Driver/Src/stm32f1xx_hal_rcc.o
                0x08006d44                HAL_RCC_GetHCLKFreq
 .text.HAL_RCC_GetPCLK1Freq
                0x08006d58       0x28 ./Drivers/STM32F1xx_HAL_Driver/Src/stm32f1xx_hal_rcc.o
                0x08006d58                HAL_RCC_GetPCLK1Freq
 .text.HAL_RCC_GetPCLK2Freq
                0x08006d80       0x28 ./Drivers/STM32F1xx_HAL_Driver/Src/stm32f1xx_hal_rcc.o
                0x08006d80                HAL_RCC_GetPCLK2Freq
 .text.RCC_Delay
                0x08006da8       0x3c ./Drivers/STM32F1xx_HAL_Driver/Src/stm32f1xx_hal_rcc.o
 .text.HAL_RCCEx_PeriphCLKConfig
                0x08006de4      0x16c ./Drivers/STM32F1xx_HAL_Driver/Src/stm32f1xx_hal_rcc_ex.o
                0x08006de4                HAL_RCCEx_PeriphCLKConfig
 .text.HAL_SPI_Init
                0x08006f50      0x108 ./Drivers/STM32F1xx_HAL_Driver/Src/stm32f1xx_hal_spi.o
                0x08006f50                HAL_SPI_Init
 .text.HAL_SPI_TransmitReceive
                0x08007058      0x344 ./Drivers/STM32F1xx_HAL_Driver/Src/stm32f1xx_hal_spi.o
                0x08007058                HAL_SPI_TransmitReceive
 .text.SPI_WaitFlagStateUntilTimeout
                0x0800739c      0x110 ./Drivers/STM32F1xx_HAL_Driver/Src/stm32f1xx_hal_spi.o
 .text.SPI_EndRxTxTransaction
                0x080074ac       0x3c ./Drivers/STM32F1xx_HAL_Driver/Src/stm32f1xx_hal_spi.o
 .text.HAL_TIM_Base_Init
                0x080074e8       0x9e ./Drivers/STM32F1xx_HAL_Driver/Src/stm32f1xx_hal_tim.o
                0x080074e8                HAL_TIM_Base_Init
 *fill*         0x08007586        0x2 
 .text.HAL_TIM_Base_Start_IT
                0x08007588       0xa4 ./Drivers/STM32F1xx_HAL_Driver/Src/stm32f1xx_hal_tim.o
                0x08007588                HAL_TIM_Base_Start_IT
 .text.HAL_TIM_IRQHandler
                0x0800762c      0x210 ./Drivers/STM32F1xx_HAL_Driver/Src/stm32f1xx_hal_tim.o
                0x0800762c                HAL_TIM_IRQHandler
 .text.HAL_TIM_ConfigClockSource
                0x0800783c      0x188 ./Drivers/STM32F1xx_HAL_Driver/Src/stm32f1xx_hal_tim.o
                0x0800783c                HAL_TIM_ConfigClockSource
 .text.HAL_TIM_OC_DelayElapsedCallback
                0x080079c4       0x12 ./Drivers/STM32F1xx_HAL_Driver/Src/stm32f1xx_hal_tim.o
                0x080079c4                HAL_TIM_OC_DelayElapsedCallback
 .text.HAL_TIM_IC_CaptureCallback
                0x080079d6       0x12 ./Drivers/STM32F1xx_HAL_Driver/Src/stm32f1xx_hal_tim.o
                0x080079d6                HAL_TIM_IC_CaptureCallback
 .text.HAL_TIM_PWM_PulseFinishedCallback
                0x080079e8       0x12 ./Drivers/STM32F1xx_HAL_Driver/Src/stm32f1xx_hal_tim.o
                0x080079e8                HAL_TIM_PWM_PulseFinishedCallback
 .text.HAL_TIM_TriggerCallback
                0x080079fa       0x12 ./Drivers/STM32F1xx_HAL_Driver/Src/stm32f1xx_hal_tim.o
                0x080079fa                HAL_TIM_TriggerCallback
 .text.TIM_Base_SetConfig
                0x08007a0c       0xc4 ./Drivers/STM32F1xx_HAL_Driver/Src/stm32f1xx_hal_tim.o
                0x08007a0c                TIM_Base_SetConfig
 .text.TIM_TI1_ConfigInputStage
                0x08007ad0       0x5c ./Drivers/STM32F1xx_HAL_Driver/Src/stm32f1xx_hal_tim.o
 .text.TIM_TI2_ConfigInputStage
                0x08007b2c       0x5e ./Drivers/STM32F1xx_HAL_Driver/Src/stm32f1xx_hal_tim.o
 .text.TIM_ITRx_SetConfig
                0x08007b8a       0x34 ./Drivers/STM32F1xx_HAL_Driver/Src/stm32f1xx_hal_tim.o
 .text.TIM_ETR_SetConfig
                0x08007bbe       0x3e ./Drivers/STM32F1xx_HAL_Driver/Src/stm32f1xx_hal_tim.o
                0x08007bbe                TIM_ETR_SetConfig
 .text.HAL_TIMEx_MasterConfigSynchronization
                0x08007bfc       0xbc ./Drivers/STM32F1xx_HAL_Driver/Src/stm32f1xx_hal_tim_ex.o
                0x08007bfc                HAL_TIMEx_MasterConfigSynchronization
 .text.HAL_TIMEx_CommutCallback
                0x08007cb8       0x12 ./Drivers/STM32F1xx_HAL_Driver/Src/stm32f1xx_hal_tim_ex.o
                0x08007cb8                HAL_TIMEx_CommutCallback
 .text.HAL_TIMEx_BreakCallback
                0x08007cca       0x12 ./Drivers/STM32F1xx_HAL_Driver/Src/stm32f1xx_hal_tim_ex.o
                0x08007cca                HAL_TIMEx_BreakCallback
 .text.HAL_UART_Init
                0x08007cdc       0x9a ./Drivers/STM32F1xx_HAL_Driver/Src/stm32f1xx_hal_uart.o
                0x08007cdc                HAL_UART_Init
 .text.HAL_UART_Transmit
                0x08007d76      0x124 ./Drivers/STM32F1xx_HAL_Driver/Src/stm32f1xx_hal_uart.o
                0x08007d76                HAL_UART_Transmit
 .text.HAL_UART_Receive
                0x08007e9a      0x13e ./Drivers/STM32F1xx_HAL_Driver/Src/stm32f1xx_hal_uart.o
                0x08007e9a                HAL_UART_Receive
 .text.UART_WaitOnFlagUntilTimeout
                0x08007fd8       0x94 ./Drivers/STM32F1xx_HAL_Driver/Src/stm32f1xx_hal_uart.o
 .text.UART_SetConfig
                0x0800806c      0x11c ./Drivers/STM32F1xx_HAL_Driver/Src/stm32f1xx_hal_uart.o
 .text.USB_CoreInit
                0x08008188       0x20 ./Drivers/STM32F1xx_HAL_Driver/Src/stm32f1xx_ll_usb.o
                0x08008188                USB_CoreInit
 .text.USB_EnableGlobalInt
                0x080081a8       0x2c ./Drivers/STM32F1xx_HAL_Driver/Src/stm32f1xx_ll_usb.o
                0x080081a8                USB_EnableGlobalInt
 .text.USB_DisableGlobalInt
                0x080081d4       0x34 ./Drivers/STM32F1xx_HAL_Driver/Src/stm32f1xx_ll_usb.o
                0x080081d4                USB_DisableGlobalInt
 .text.USB_SetCurrentMode
                0x08008208       0x18 ./Drivers/STM32F1xx_HAL_Driver/Src/stm32f1xx_ll_usb.o
                0x08008208                USB_SetCurrentMode
 .text.USB_DevInit
                0x08008220       0x40 ./Drivers/STM32F1xx_HAL_Driver/Src/stm32f1xx_ll_usb.o
                0x08008220                USB_DevInit
 .text.USB_ActivateEndpoint
                0x08008260      0x6d4 ./Drivers/STM32F1xx_HAL_Driver/Src/stm32f1xx_ll_usb.o
                0x08008260                USB_ActivateEndpoint
 .text.USB_DeactivateEndpoint
                0x08008934      0x3d8 ./Drivers/STM32F1xx_HAL_Driver/Src/stm32f1xx_ll_usb.o
                0x08008934                USB_DeactivateEndpoint
 .text.USB_EPStartXfer
                0x08008d0c     0x174e ./Drivers/STM32F1xx_HAL_Driver/Src/stm32f1xx_ll_usb.o
                0x08008d0c                USB_EPStartXfer
 .text.USB_EPSetStall
                0x0800a45a       0xa0 ./Drivers/STM32F1xx_HAL_Driver/Src/stm32f1xx_ll_usb.o
                0x0800a45a                USB_EPSetStall
 .text.USB_EPClearStall
                0x0800a4fa      0x15a ./Drivers/STM32F1xx_HAL_Driver/Src/stm32f1xx_ll_usb.o
                0x0800a4fa                USB_EPClearStall
 .text.USB_SetDevAddress
                0x0800a654       0x26 ./Drivers/STM32F1xx_HAL_Driver/Src/stm32f1xx_ll_usb.o
                0x0800a654                USB_SetDevAddress
 .text.USB_DevConnect
                0x0800a67a       0x14 ./Drivers/STM32F1xx_HAL_Driver/Src/stm32f1xx_ll_usb.o
                0x0800a67a                USB_DevConnect
 .text.USB_DevDisconnect
                0x0800a68e       0x14 ./Drivers/STM32F1xx_HAL_Driver/Src/stm32f1xx_ll_usb.o
                0x0800a68e                USB_DevDisconnect
 .text.USB_ReadInterrupts
                0x0800a6a2       0x1e ./Drivers/STM32F1xx_HAL_Driver/Src/stm32f1xx_ll_usb.o
                0x0800a6a2                USB_ReadInterrupts
 .text.USB_EP0_OutStart
                0x0800a6c0       0x16 ./Drivers/STM32F1xx_HAL_Driver/Src/stm32f1xx_ll_usb.o
                0x0800a6c0                USB_EP0_OutStart
 .text.USB_WritePMA
                0x0800a6d6       0x88 ./Drivers/STM32F1xx_HAL_Driver/Src/stm32f1xx_ll_usb.o
                0x0800a6d6                USB_WritePMA
 .text.USB_ReadPMA
                0x0800a75e       0x9e ./Drivers/STM32F1xx_HAL_Driver/Src/stm32f1xx_ll_usb.o
                0x0800a75e                USB_ReadPMA
 .text.USBD_CDC_Init
                0x0800a7fc       0xf4 ./Middlewares/ST/STM32_USB_Device_Library/Class/CDC/Src/usbd_cdc.o
 .text.USBD_CDC_DeInit
                0x0800a8f0       0x6e ./Middlewares/ST/STM32_USB_Device_Library/Class/CDC/Src/usbd_cdc.o
 .text.USBD_CDC_Setup
                0x0800a95e      0x146 ./Middlewares/ST/STM32_USB_Device_Library/Class/CDC/Src/usbd_cdc.o
 .text.USBD_CDC_DataIn
                0x0800aaa4       0xa6 ./Middlewares/ST/STM32_USB_Device_Library/Class/CDC/Src/usbd_cdc.o
 .text.USBD_CDC_DataOut
                0x0800ab4a       0x56 ./Middlewares/ST/STM32_USB_Device_Library/Class/CDC/Src/usbd_cdc.o
 .text.USBD_CDC_EP0_RxReady
                0x0800aba0       0x4e ./Middlewares/ST/STM32_USB_Device_Library/Class/CDC/Src/usbd_cdc.o
 *fill*         0x0800abee        0x2 
 .text.USBD_CDC_GetFSCfgDesc
                0x0800abf0       0x20 ./Middlewares/ST/STM32_USB_Device_Library/Class/CDC/Src/usbd_cdc.o
 .text.USBD_CDC_GetHSCfgDesc
                0x0800ac10       0x20 ./Middlewares/ST/STM32_USB_Device_Library/Class/CDC/Src/usbd_cdc.o
 .text.USBD_CDC_GetOtherSpeedCfgDesc
                0x0800ac30       0x20 ./Middlewares/ST/STM32_USB_Device_Library/Class/CDC/Src/usbd_cdc.o
 .text.USBD_CDC_GetDeviceQualifierDescriptor
                0x0800ac50       0x20 ./Middlewares/ST/STM32_USB_Device_Library/Class/CDC/Src/usbd_cdc.o
                0x0800ac50                USBD_CDC_GetDeviceQualifierDescriptor
 .text.USBD_CDC_RegisterInterface
                0x0800ac70       0x2c ./Middlewares/ST/STM32_USB_Device_Library/Class/CDC/Src/usbd_cdc.o
                0x0800ac70                USBD_CDC_RegisterInterface
 .text.USBD_CDC_SetTxBuffer
                0x0800ac9c       0x32 ./Middlewares/ST/STM32_USB_Device_Library/Class/CDC/Src/usbd_cdc.o
                0x0800ac9c                USBD_CDC_SetTxBuffer
 .text.USBD_CDC_SetRxBuffer
                0x0800acce       0x26 ./Middlewares/ST/STM32_USB_Device_Library/Class/CDC/Src/usbd_cdc.o
                0x0800acce                USBD_CDC_SetRxBuffer
 .text.USBD_CDC_TransmitPacket
                0x0800acf4       0x5e ./Middlewares/ST/STM32_USB_Device_Library/Class/CDC/Src/usbd_cdc.o
                0x0800acf4                USBD_CDC_TransmitPacket
 .text.USBD_CDC_ReceivePacket
                0x0800ad52       0x54 ./Middlewares/ST/STM32_USB_Device_Library/Class/CDC/Src/usbd_cdc.o
                0x0800ad52                USBD_CDC_ReceivePacket
 .text.USBD_Init
                0x0800ada6       0x56 ./Middlewares/ST/STM32_USB_Device_Library/Core/Src/usbd_core.o
                0x0800ada6                USBD_Init
 .text.USBD_RegisterClass
                0x0800adfc       0x32 ./Middlewares/ST/STM32_USB_Device_Library/Core/Src/usbd_core.o
                0x0800adfc                USBD_RegisterClass
 .text.USBD_Start
                0x0800ae2e       0x18 ./Middlewares/ST/STM32_USB_Device_Library/Core/Src/usbd_core.o
                0x0800ae2e                USBD_Start
 .text.USBD_RunTestMode
                0x0800ae46       0x14 ./Middlewares/ST/STM32_USB_Device_Library/Core/Src/usbd_core.o
                0x0800ae46                USBD_RunTestMode
 .text.USBD_SetClassConfig
                0x0800ae5a       0x3e ./Middlewares/ST/STM32_USB_Device_Library/Core/Src/usbd_core.o
                0x0800ae5a                USBD_SetClassConfig
 .text.USBD_ClrClassConfig
                0x0800ae98       0x26 ./Middlewares/ST/STM32_USB_Device_Library/Core/Src/usbd_core.o
                0x0800ae98                USBD_ClrClassConfig
 .text.USBD_LL_SetupStage
                0x0800aebe       0x9a ./Middlewares/ST/STM32_USB_Device_Library/Core/Src/usbd_core.o
                0x0800aebe                USBD_LL_SetupStage
 .text.USBD_LL_DataOutStage
                0x0800af58       0xe2 ./Middlewares/ST/STM32_USB_Device_Library/Core/Src/usbd_core.o
                0x0800af58                USBD_LL_DataOutStage
 .text.USBD_LL_DataInStage
                0x0800b03a      0x14a ./Middlewares/ST/STM32_USB_Device_Library/Core/Src/usbd_core.o
                0x0800b03a                USBD_LL_DataInStage
 .text.USBD_LL_Reset
                0x0800b184       0x82 ./Middlewares/ST/STM32_USB_Device_Library/Core/Src/usbd_core.o
                0x0800b184                USBD_LL_Reset
 .text.USBD_LL_SetSpeed
                0x0800b206       0x1e ./Middlewares/ST/STM32_USB_Device_Library/Core/Src/usbd_core.o
                0x0800b206                USBD_LL_SetSpeed
 .text.USBD_LL_Suspend
                0x0800b224       0x28 ./Middlewares/ST/STM32_USB_Device_Library/Core/Src/usbd_core.o
                0x0800b224                USBD_LL_Suspend
 .text.USBD_LL_Resume
                0x0800b24c       0x2a ./Middlewares/ST/STM32_USB_Device_Library/Core/Src/usbd_core.o
                0x0800b24c                USBD_LL_Resume
 .text.USBD_LL_SOF
                0x0800b276       0x34 ./Middlewares/ST/STM32_USB_Device_Library/Core/Src/usbd_core.o
                0x0800b276                USBD_LL_SOF
 *fill*         0x0800b2aa        0x2 
 .text.USBD_StdDevReq
                0x0800b2ac       0xd4 ./Middlewares/ST/STM32_USB_Device_Library/Core/Src/usbd_ctlreq.o
                0x0800b2ac                USBD_StdDevReq
 .text.USBD_StdItfReq
                0x0800b380       0x90 ./Middlewares/ST/STM32_USB_Device_Library/Core/Src/usbd_ctlreq.o
                0x0800b380                USBD_StdItfReq
 .text.USBD_StdEPReq
                0x0800b410      0x2c6 ./Middlewares/ST/STM32_USB_Device_Library/Core/Src/usbd_ctlreq.o
                0x0800b410                USBD_StdEPReq
 *fill*         0x0800b6d6        0x2 
 .text.USBD_GetDescriptor
                0x0800b6d8      0x2d0 ./Middlewares/ST/STM32_USB_Device_Library/Core/Src/usbd_ctlreq.o
 .text.USBD_SetAddress
                0x0800b9a8       0x86 ./Middlewares/ST/STM32_USB_Device_Library/Core/Src/usbd_ctlreq.o
 *fill*         0x0800ba2e        0x2 
 .text.USBD_SetConfig
                0x0800ba30      0x11c ./Middlewares/ST/STM32_USB_Device_Library/Core/Src/usbd_ctlreq.o
 .text.USBD_GetConfig
                0x0800bb4c       0x6a ./Middlewares/ST/STM32_USB_Device_Library/Core/Src/usbd_ctlreq.o
 .text.USBD_GetStatus
                0x0800bbb6       0x66 ./Middlewares/ST/STM32_USB_Device_Library/Core/Src/usbd_ctlreq.o
 .text.USBD_SetFeature
                0x0800bc1c       0x28 ./Middlewares/ST/STM32_USB_Device_Library/Core/Src/usbd_ctlreq.o
 .text.USBD_ClrFeature
                0x0800bc44       0x42 ./Middlewares/ST/STM32_USB_Device_Library/Core/Src/usbd_ctlreq.o
 .text.USBD_ParseSetupRequest
                0x0800bc86       0x72 ./Middlewares/ST/STM32_USB_Device_Library/Core/Src/usbd_ctlreq.o
                0x0800bc86                USBD_ParseSetupRequest
 .text.USBD_CtlError
                0x0800bcf8       0x22 ./Middlewares/ST/STM32_USB_Device_Library/Core/Src/usbd_ctlreq.o
                0x0800bcf8                USBD_CtlError
 .text.USBD_GetString
                0x0800bd1a       0x84 ./Middlewares/ST/STM32_USB_Device_Library/Core/Src/usbd_ctlreq.o
                0x0800bd1a                USBD_GetString
 .text.USBD_GetLen
                0x0800bd9e       0x2e ./Middlewares/ST/STM32_USB_Device_Library/Core/Src/usbd_ctlreq.o
 .text.USBD_CtlSendData
                0x0800bdcc       0x38 ./Middlewares/ST/STM32_USB_Device_Library/Core/Src/usbd_ioreq.o
                0x0800bdcc                USBD_CtlSendData
 .text.USBD_CtlContinueSendData
                0x0800be04       0x24 ./Middlewares/ST/STM32_USB_Device_Library/Core/Src/usbd_ioreq.o
                0x0800be04                USBD_CtlContinueSendData
 .text.USBD_CtlPrepareRx
                0x0800be28       0x3c ./Middlewares/ST/STM32_USB_Device_Library/Core/Src/usbd_ioreq.o
                0x0800be28                USBD_CtlPrepareRx
 .text.USBD_CtlContinueRx
                0x0800be64       0x24 ./Middlewares/ST/STM32_USB_Device_Library/Core/Src/usbd_ioreq.o
                0x0800be64                USBD_CtlContinueRx
 .text.USBD_CtlSendStatus
                0x0800be88       0x26 ./Middlewares/ST/STM32_USB_Device_Library/Core/Src/usbd_ioreq.o
                0x0800be88                USBD_CtlSendStatus
 .text.USBD_CtlReceiveStatus
                0x0800beae       0x26 ./Middlewares/ST/STM32_USB_Device_Library/Core/Src/usbd_ioreq.o
                0x0800beae                USBD_CtlReceiveStatus
 .text.MX_USB_DEVICE_Init
                0x0800bed4       0x60 ./USB_DEVICE/App/usb_device.o
                0x0800bed4                MX_USB_DEVICE_Init
 .text.CDC_Init_FS
                0x0800bf34       0x28 ./USB_DEVICE/App/usbd_cdc_if.o
 .text.CDC_DeInit_FS
                0x0800bf5c        0xe ./USB_DEVICE/App/usbd_cdc_if.o
 *fill*         0x0800bf6a        0x2 
 .text.CDC_Control_FS
                0x0800bf6c       0xbc ./USB_DEVICE/App/usbd_cdc_if.o
 .text.CDC_Receive_FS
                0x0800c028       0x44 ./USB_DEVICE/App/usbd_cdc_if.o
 .text.CDC_Transmit_FS
                0x0800c06c       0x4c ./USB_DEVICE/App/usbd_cdc_if.o
                0x0800c06c                CDC_Transmit_FS
 .text.USBD_FS_DeviceDescriptor
                0x0800c0b8       0x24 ./USB_DEVICE/App/usbd_desc.o
                0x0800c0b8                USBD_FS_DeviceDescriptor
 .text.USBD_FS_LangIDStrDescriptor
                0x0800c0dc       0x24 ./USB_DEVICE/App/usbd_desc.o
                0x0800c0dc                USBD_FS_LangIDStrDescriptor
 .text.USBD_FS_ProductStrDescriptor
                0x0800c100       0x3c ./USB_DEVICE/App/usbd_desc.o
                0x0800c100                USBD_FS_ProductStrDescriptor
 .text.USBD_FS_ManufacturerStrDescriptor
                0x0800c13c       0x28 ./USB_DEVICE/App/usbd_desc.o
                0x0800c13c                USBD_FS_ManufacturerStrDescriptor
 .text.USBD_FS_SerialStrDescriptor
                0x0800c164       0x24 ./USB_DEVICE/App/usbd_desc.o
                0x0800c164                USBD_FS_SerialStrDescriptor
 .text.USBD_FS_ConfigStrDescriptor
                0x0800c188       0x3c ./USB_DEVICE/App/usbd_desc.o
                0x0800c188                USBD_FS_ConfigStrDescriptor
 .text.USBD_FS_InterfaceStrDescriptor
                0x0800c1c4       0x3c ./USB_DEVICE/App/usbd_desc.o
                0x0800c1c4                USBD_FS_InterfaceStrDescriptor
 .text.Get_SerialNum
                0x0800c200       0x58 ./USB_DEVICE/App/usbd_desc.o
 .text.IntToUnicode
                0x0800c258       0x7c ./USB_DEVICE/App/usbd_desc.o
 .text.HAL_PCD_MspInit
                0x0800c2d4       0x4c ./USB_DEVICE/Target/usbd_conf.o
                0x0800c2d4                HAL_PCD_MspInit
 .text.HAL_PCD_SetupStageCallback
                0x0800c320       0x24 ./USB_DEVICE/Target/usbd_conf.o
                0x0800c320                HAL_PCD_SetupStageCallback
 .text.HAL_PCD_DataOutStageCallback
                0x0800c344       0x36 ./USB_DEVICE/Target/usbd_conf.o
                0x0800c344                HAL_PCD_DataOutStageCallback
 .text.HAL_PCD_DataInStageCallback
                0x0800c37a       0x34 ./USB_DEVICE/Target/usbd_conf.o
                0x0800c37a                HAL_PCD_DataInStageCallback
 .text.HAL_PCD_SOFCallback
                0x0800c3ae       0x1c ./USB_DEVICE/Target/usbd_conf.o
                0x0800c3ae                HAL_PCD_SOFCallback
 .text.HAL_PCD_ResetCallback
                0x0800c3ca       0x3c ./USB_DEVICE/Target/usbd_conf.o
                0x0800c3ca                HAL_PCD_ResetCallback
 *fill*         0x0800c406        0x2 
 .text.HAL_PCD_SuspendCallback
                0x0800c408       0x34 ./USB_DEVICE/Target/usbd_conf.o
                0x0800c408                HAL_PCD_SuspendCallback
 .text.HAL_PCD_ResumeCallback
                0x0800c43c       0x1c ./USB_DEVICE/Target/usbd_conf.o
                0x0800c43c                HAL_PCD_ResumeCallback
 .text.USBD_LL_Init
                0x0800c458       0xb4 ./USB_DEVICE/Target/usbd_conf.o
                0x0800c458                USBD_LL_Init
 .text.USBD_LL_Start
                0x0800c50c       0x36 ./USB_DEVICE/Target/usbd_conf.o
                0x0800c50c                USBD_LL_Start
 .text.USBD_LL_OpenEP
                0x0800c542       0x4c ./USB_DEVICE/Target/usbd_conf.o
                0x0800c542                USBD_LL_OpenEP
 .text.USBD_LL_CloseEP
                0x0800c58e       0x3e ./USB_DEVICE/Target/usbd_conf.o
                0x0800c58e                USBD_LL_CloseEP
 .text.USBD_LL_StallEP
                0x0800c5cc       0x3e ./USB_DEVICE/Target/usbd_conf.o
                0x0800c5cc                USBD_LL_StallEP
 .text.USBD_LL_ClearStallEP
                0x0800c60a       0x3e ./USB_DEVICE/Target/usbd_conf.o
                0x0800c60a                USBD_LL_ClearStallEP
 .text.USBD_LL_IsStallEP
                0x0800c648       0x58 ./USB_DEVICE/Target/usbd_conf.o
                0x0800c648                USBD_LL_IsStallEP
 .text.USBD_LL_SetUSBAddress
                0x0800c6a0       0x3e ./USB_DEVICE/Target/usbd_conf.o
                0x0800c6a0                USBD_LL_SetUSBAddress
 .text.USBD_LL_Transmit
                0x0800c6de       0x46 ./USB_DEVICE/Target/usbd_conf.o
                0x0800c6de                USBD_LL_Transmit
 .text.USBD_LL_PrepareReceive
                0x0800c724       0x46 ./USB_DEVICE/Target/usbd_conf.o
                0x0800c724                USBD_LL_PrepareReceive
 .text.USBD_LL_GetRxDataSize
                0x0800c76a       0x26 ./USB_DEVICE/Target/usbd_conf.o
                0x0800c76a                USBD_LL_GetRxDataSize
 .text.USBD_static_malloc
                0x0800c790       0x18 ./USB_DEVICE/Target/usbd_conf.o
                0x0800c790                USBD_static_malloc
 .text.USBD_static_free
                0x0800c7a8       0x12 ./USB_DEVICE/Target/usbd_conf.o
                0x0800c7a8                USBD_static_free
 .text.HAL_PCDEx_SetConnectionState
                0x0800c7ba       0x16 ./USB_DEVICE/Target/usbd_conf.o
                0x0800c7ba                HAL_PCDEx_SetConnectionState
 .text.USBD_Get_USB_Status
                0x0800c7d0       0x58 ./USB_DEVICE/Target/usbd_conf.o
 .text.sprintf  0x0800c828       0x40 C:/ST/STM32CubeIDE_1.16.1/STM32CubeIDE/plugins/com.st.stm32cube.ide.mcu.externaltools.gnu-tools-for-stm32.12.3.rel1.win32_1.0.200.202406191623/tools/bin/../lib/gcc/arm-none-eabi/12.3.1/../../../../arm-none-eabi/lib/thumb/v7-m/nofp\libc_nano.a(libc_a-sprintf.o)
                0x0800c828                siprintf
                0x0800c828                sprintf
 .text.memset   0x0800c868       0x10 C:/ST/STM32CubeIDE_1.16.1/STM32CubeIDE/plugins/com.st.stm32cube.ide.mcu.externaltools.gnu-tools-for-stm32.12.3.rel1.win32_1.0.200.202406191623/tools/bin/../lib/gcc/arm-none-eabi/12.3.1/../../../../arm-none-eabi/lib/thumb/v7-m/nofp\libc_nano.a(libc_a-memset.o)
                0x0800c868                memset
 .text.__errno  0x0800c878        0xc C:/ST/STM32CubeIDE_1.16.1/STM32CubeIDE/plugins/com.st.stm32cube.ide.mcu.externaltools.gnu-tools-for-stm32.12.3.rel1.win32_1.0.200.202406191623/tools/bin/../lib/gcc/arm-none-eabi/12.3.1/../../../../arm-none-eabi/lib/thumb/v7-m/nofp\libc_nano.a(libc_a-errno.o)
                0x0800c878                __errno
 .text.__libc_init_array
                0x0800c884       0x48 C:/ST/STM32CubeIDE_1.16.1/STM32CubeIDE/plugins/com.st.stm32cube.ide.mcu.externaltools.gnu-tools-for-stm32.12.3.rel1.win32_1.0.200.202406191623/tools/bin/../lib/gcc/arm-none-eabi/12.3.1/../../../../arm-none-eabi/lib/thumb/v7-m/nofp\libc_nano.a(libc_a-init.o)
                0x0800c884                __libc_init_array
 .text.__retarget_lock_acquire_recursive
                0x0800c8cc        0x2 C:/ST/STM32CubeIDE_1.16.1/STM32CubeIDE/plugins/com.st.stm32cube.ide.mcu.externaltools.gnu-tools-for-stm32.12.3.rel1.win32_1.0.200.202406191623/tools/bin/../lib/gcc/arm-none-eabi/12.3.1/../../../../arm-none-eabi/lib/thumb/v7-m/nofp\libc_nano.a(libc_a-lock.o)
                0x0800c8cc                __retarget_lock_acquire_recursive
 .text.__retarget_lock_release_recursive
                0x0800c8ce        0x2 C:/ST/STM32CubeIDE_1.16.1/STM32CubeIDE/plugins/com.st.stm32cube.ide.mcu.externaltools.gnu-tools-for-stm32.12.3.rel1.win32_1.0.200.202406191623/tools/bin/../lib/gcc/arm-none-eabi/12.3.1/../../../../arm-none-eabi/lib/thumb/v7-m/nofp\libc_nano.a(libc_a-lock.o)
                0x0800c8ce                __retarget_lock_release_recursive
 .text.memcpy   0x0800c8d0       0x1c C:/ST/STM32CubeIDE_1.16.1/STM32CubeIDE/plugins/com.st.stm32cube.ide.mcu.externaltools.gnu-tools-for-stm32.12.3.rel1.win32_1.0.200.202406191623/tools/bin/../lib/gcc/arm-none-eabi/12.3.1/../../../../arm-none-eabi/lib/thumb/v7-m/nofp\libc_nano.a(libc_a-memcpy-stub.o)
                0x0800c8d0                memcpy
 .text._free_r  0x0800c8ec       0x90 C:/ST/STM32CubeIDE_1.16.1/STM32CubeIDE/plugins/com.st.stm32cube.ide.mcu.externaltools.gnu-tools-for-stm32.12.3.rel1.win32_1.0.200.202406191623/tools/bin/../lib/gcc/arm-none-eabi/12.3.1/../../../../arm-none-eabi/lib/thumb/v7-m/nofp\libc_nano.a(libc_a-freer.o)
                0x0800c8ec                _free_r
 .text.sbrk_aligned
                0x0800c97c       0x44 C:/ST/STM32CubeIDE_1.16.1/STM32CubeIDE/plugins/com.st.stm32cube.ide.mcu.externaltools.gnu-tools-for-stm32.12.3.rel1.win32_1.0.200.202406191623/tools/bin/../lib/gcc/arm-none-eabi/12.3.1/../../../../arm-none-eabi/lib/thumb/v7-m/nofp\libc_nano.a(libc_a-mallocr.o)
 .text._malloc_r
                0x0800c9c0      0x100 C:/ST/STM32CubeIDE_1.16.1/STM32CubeIDE/plugins/com.st.stm32cube.ide.mcu.externaltools.gnu-tools-for-stm32.12.3.rel1.win32_1.0.200.202406191623/tools/bin/../lib/gcc/arm-none-eabi/12.3.1/../../../../arm-none-eabi/lib/thumb/v7-m/nofp\libc_nano.a(libc_a-mallocr.o)
                0x0800c9c0                _malloc_r
 .text.__malloc_lock
                0x0800cac0        0xc C:/ST/STM32CubeIDE_1.16.1/STM32CubeIDE/plugins/com.st.stm32cube.ide.mcu.externaltools.gnu-tools-for-stm32.12.3.rel1.win32_1.0.200.202406191623/tools/bin/../lib/gcc/arm-none-eabi/12.3.1/../../../../arm-none-eabi/lib/thumb/v7-m/nofp\libc_nano.a(libc_a-mlock.o)
                0x0800cac0                __malloc_lock
 .text.__malloc_unlock
                0x0800cacc        0xc C:/ST/STM32CubeIDE_1.16.1/STM32CubeIDE/plugins/com.st.stm32cube.ide.mcu.externaltools.gnu-tools-for-stm32.12.3.rel1.win32_1.0.200.202406191623/tools/bin/../lib/gcc/arm-none-eabi/12.3.1/../../../../arm-none-eabi/lib/thumb/v7-m/nofp\libc_nano.a(libc_a-mlock.o)
                0x0800cacc                __malloc_unlock
 .text.__ssputs_r
                0x0800cad8       0xb6 C:/ST/STM32CubeIDE_1.16.1/STM32CubeIDE/plugins/com.st.stm32cube.ide.mcu.externaltools.gnu-tools-for-stm32.12.3.rel1.win32_1.0.200.202406191623/tools/bin/../lib/gcc/arm-none-eabi/12.3.1/../../../../arm-none-eabi/lib/thumb/v7-m/nofp\libc_nano.a(libc_a-nano-svfprintf.o)
                0x0800cad8                __ssputs_r
 *fill*         0x0800cb8e        0x2 
 .text._svfprintf_r
                0x0800cb90      0x1f8 C:/ST/STM32CubeIDE_1.16.1/STM32CubeIDE/plugins/com.st.stm32cube.ide.mcu.externaltools.gnu-tools-for-stm32.12.3.rel1.win32_1.0.200.202406191623/tools/bin/../lib/gcc/arm-none-eabi/12.3.1/../../../../arm-none-eabi/lib/thumb/v7-m/nofp\libc_nano.a(libc_a-nano-svfprintf.o)
                0x0800cb90                _svfiprintf_r
                0x0800cb90                _svfprintf_r
 .text._printf_common
                0x0800cd88       0xe4 C:/ST/STM32CubeIDE_1.16.1/STM32CubeIDE/plugins/com.st.stm32cube.ide.mcu.externaltools.gnu-tools-for-stm32.12.3.rel1.win32_1.0.200.202406191623/tools/bin/../lib/gcc/arm-none-eabi/12.3.1/../../../../arm-none-eabi/lib/thumb/v7-m/nofp\libc_nano.a(libc_a-nano-vfprintf_i.o)
                0x0800cd88                _printf_common
 .text._printf_i
                0x0800ce6c      0x240 C:/ST/STM32CubeIDE_1.16.1/STM32CubeIDE/plugins/com.st.stm32cube.ide.mcu.externaltools.gnu-tools-for-stm32.12.3.rel1.win32_1.0.200.202406191623/tools/bin/../lib/gcc/arm-none-eabi/12.3.1/../../../../arm-none-eabi/lib/thumb/v7-m/nofp\libc_nano.a(libc_a-nano-vfprintf_i.o)
                0x0800ce6c                _printf_i
 .text.memmove  0x0800d0ac       0x34 C:/ST/STM32CubeIDE_1.16.1/STM32CubeIDE/plugins/com.st.stm32cube.ide.mcu.externaltools.gnu-tools-for-stm32.12.3.rel1.win32_1.0.200.202406191623/tools/bin/../lib/gcc/arm-none-eabi/12.3.1/../../../../arm-none-eabi/lib/thumb/v7-m/nofp\libc_nano.a(libc_a-memmove.o)
                0x0800d0ac                memmove
 .text._sbrk_r  0x0800d0e0       0x20 C:/ST/STM32CubeIDE_1.16.1/STM32CubeIDE/plugins/com.st.stm32cube.ide.mcu.externaltools.gnu-tools-for-stm32.12.3.rel1.win32_1.0.200.202406191623/tools/bin/../lib/gcc/arm-none-eabi/12.3.1/../../../../arm-none-eabi/lib/thumb/v7-m/nofp\libc_nano.a(libc_a-sbrkr.o)
                0x0800d0e0                _sbrk_r
 .text.memchr   0x0800d100       0x1c C:/ST/STM32CubeIDE_1.16.1/STM32CubeIDE/plugins/com.st.stm32cube.ide.mcu.externaltools.gnu-tools-for-stm32.12.3.rel1.win32_1.0.200.202406191623/tools/bin/../lib/gcc/arm-none-eabi/12.3.1/../../../../arm-none-eabi/lib/thumb/v7-m/nofp\libc_nano.a(libc_a-memchr-stub.o)
                0x0800d100                memchr
 .text._realloc_r
                0x0800d11c       0x5c C:/ST/STM32CubeIDE_1.16.1/STM32CubeIDE/plugins/com.st.stm32cube.ide.mcu.externaltools.gnu-tools-for-stm32.12.3.rel1.win32_1.0.200.202406191623/tools/bin/../lib/gcc/arm-none-eabi/12.3.1/../../../../arm-none-eabi/lib/thumb/v7-m/nofp\libc_nano.a(libc_a-reallocr.o)
                0x0800d11c                _realloc_r
 .text._malloc_usable_size_r
                0x0800d178       0x10 C:/ST/STM32CubeIDE_1.16.1/STM32CubeIDE/plugins/com.st.stm32cube.ide.mcu.externaltools.gnu-tools-for-stm32.12.3.rel1.win32_1.0.200.202406191623/tools/bin/../lib/gcc/arm-none-eabi/12.3.1/../../../../arm-none-eabi/lib/thumb/v7-m/nofp\libc_nano.a(libc_a-msizer.o)
                0x0800d178                _malloc_usable_size_r
 *(.glue_7)
 .glue_7        0x0800d188        0x0 linker stubs
 *(.glue_7t)
 .glue_7t       0x0800d188        0x0 linker stubs
 *(.eh_frame)
 .eh_frame      0x0800d188        0x0 C:/ST/STM32CubeIDE_1.16.1/STM32CubeIDE/plugins/com.st.stm32cube.ide.mcu.externaltools.gnu-tools-for-stm32.12.3.rel1.win32_1.0.200.202406191623/tools/bin/../lib/gcc/arm-none-eabi/12.3.1/thumb/v7-m/nofp/crtbegin.o
 *(.init)
 .init          0x0800d188        0x4 C:/ST/STM32CubeIDE_1.16.1/STM32CubeIDE/plugins/com.st.stm32cube.ide.mcu.externaltools.gnu-tools-for-stm32.12.3.rel1.win32_1.0.200.202406191623/tools/bin/../lib/gcc/arm-none-eabi/12.3.1/thumb/v7-m/nofp/crti.o
                0x0800d188                _init
 .init          0x0800d18c        0x8 C:/ST/STM32CubeIDE_1.16.1/STM32CubeIDE/plugins/com.st.stm32cube.ide.mcu.externaltools.gnu-tools-for-stm32.12.3.rel1.win32_1.0.200.202406191623/tools/bin/../lib/gcc/arm-none-eabi/12.3.1/thumb/v7-m/nofp/crtn.o
 *(.fini)
 .fini          0x0800d194        0x4 C:/ST/STM32CubeIDE_1.16.1/STM32CubeIDE/plugins/com.st.stm32cube.ide.mcu.externaltools.gnu-tools-for-stm32.12.3.rel1.win32_1.0.200.202406191623/tools/bin/../lib/gcc/arm-none-eabi/12.3.1/thumb/v7-m/nofp/crti.o
                0x0800d194                _fini
 .fini          0x0800d198        0x8 C:/ST/STM32CubeIDE_1.16.1/STM32CubeIDE/plugins/com.st.stm32cube.ide.mcu.externaltools.gnu-tools-for-stm32.12.3.rel1.win32_1.0.200.202406191623/tools/bin/../lib/gcc/arm-none-eabi/12.3.1/thumb/v7-m/nofp/crtn.o
                0x0800d1a0                        . = ALIGN (0x4)
                0x0800d1a0                        _etext = .

.vfp11_veneer   0x0800d1a0        0x0
 .vfp11_veneer  0x0800d1a0        0x0 linker stubs

.v4_bx          0x0800d1a0        0x0
 .v4_bx         0x0800d1a0        0x0 linker stubs

.iplt           0x0800d1a0        0x0
 .iplt          0x0800d1a0        0x0 C:/ST/STM32CubeIDE_1.16.1/STM32CubeIDE/plugins/com.st.stm32cube.ide.mcu.externaltools.gnu-tools-for-stm32.12.3.rel1.win32_1.0.200.202406191623/tools/bin/../lib/gcc/arm-none-eabi/12.3.1/thumb/v7-m/nofp/crtbegin.o

.rodata         0x0800d1a0      0x8d0
                0x0800d1a0                        . = ALIGN (0x4)
 *(.rodata)
 .rodata        0x0800d1a0      0x81b ./Core/Src/main.o
 *fill*         0x0800d9bb        0x1 
 .rodata        0x0800d9bc       0x10 ./Drivers/STM32F1xx_HAL_Driver/Src/stm32f1xx_hal_rcc.o
 .rodata        0x0800d9cc       0x46 ./USB_DEVICE/App/usbd_desc.o
 *(.rodata*)
 *fill*         0x0800da12        0x2 
 .rodata._KEYPAD_COLUMN_GPIO_PIN
                0x0800da14        0x8 ./Core/Src/KeyPad.o
                0x0800da14                _KEYPAD_COLUMN_GPIO_PIN
 .rodata._KEYPAD_ROW_GPIO_PIN
                0x0800da1c        0x8 ./Core/Src/KeyPad.o
                0x0800da1c                _KEYPAD_ROW_GPIO_PIN
 .rodata.AHBPrescTable
                0x0800da24       0x10 ./Core/Src/system_stm32f1xx.o
                0x0800da24                AHBPrescTable
 .rodata.APBPrescTable
                0x0800da34        0x8 ./Core/Src/system_stm32f1xx.o
                0x0800da34                APBPrescTable
 .rodata._svfprintf_r.str1.1
                0x0800da3c       0x11 C:/ST/STM32CubeIDE_1.16.1/STM32CubeIDE/plugins/com.st.stm32cube.ide.mcu.externaltools.gnu-tools-for-stm32.12.3.rel1.win32_1.0.200.202406191623/tools/bin/../lib/gcc/arm-none-eabi/12.3.1/../../../../arm-none-eabi/lib/thumb/v7-m/nofp\libc_nano.a(libc_a-nano-svfprintf.o)
 .rodata._printf_i.str1.1
                0x0800da4d       0x22 C:/ST/STM32CubeIDE_1.16.1/STM32CubeIDE/plugins/com.st.stm32cube.ide.mcu.externaltools.gnu-tools-for-stm32.12.3.rel1.win32_1.0.200.202406191623/tools/bin/../lib/gcc/arm-none-eabi/12.3.1/../../../../arm-none-eabi/lib/thumb/v7-m/nofp\libc_nano.a(libc_a-nano-vfprintf_i.o)
                0x0800da70                        . = ALIGN (0x4)
 *fill*         0x0800da6f        0x1 

.ARM.extab      0x0800da70        0x0
                0x0800da70                        . = ALIGN (0x4)
 *(.ARM.extab* .gnu.linkonce.armextab.*)
                0x0800da70                        . = ALIGN (0x4)

.ARM            0x0800da70        0x0
                0x0800da70                        . = ALIGN (0x4)
                0x0800da70                        __exidx_start = .
 *(.ARM.exidx*)
                0x0800da70                        __exidx_end = .
                0x0800da70                        . = ALIGN (0x4)

.preinit_array  0x0800da70        0x0
                0x0800da70                        . = ALIGN (0x4)
                0x0800da70                        PROVIDE (__preinit_array_start = .)
 *(.preinit_array*)
                0x0800da70                        PROVIDE (__preinit_array_end = .)
                0x0800da70                        . = ALIGN (0x4)

.init_array     0x0800da70        0x4
                0x0800da70                        . = ALIGN (0x4)
                0x0800da70                        PROVIDE (__init_array_start = .)
 *(SORT_BY_NAME(.init_array.*))
 *(.init_array*)
 .init_array    0x0800da70        0x4 C:/ST/STM32CubeIDE_1.16.1/STM32CubeIDE/plugins/com.st.stm32cube.ide.mcu.externaltools.gnu-tools-for-stm32.12.3.rel1.win32_1.0.200.202406191623/tools/bin/../lib/gcc/arm-none-eabi/12.3.1/thumb/v7-m/nofp/crtbegin.o
                0x0800da74                        PROVIDE (__init_array_end = .)
                0x0800da74                        . = ALIGN (0x4)

.fini_array     0x0800da74        0x4
                0x0800da74                        . = ALIGN (0x4)
                [!provide]                        PROVIDE (__fini_array_start = .)
 *(SORT_BY_NAME(.fini_array.*))
 *(.fini_array*)
 .fini_array    0x0800da74        0x4 C:/ST/STM32CubeIDE_1.16.1/STM32CubeIDE/plugins/com.st.stm32cube.ide.mcu.externaltools.gnu-tools-for-stm32.12.3.rel1.win32_1.0.200.202406191623/tools/bin/../lib/gcc/arm-none-eabi/12.3.1/thumb/v7-m/nofp/crtbegin.o
                [!provide]                        PROVIDE (__fini_array_end = .)
                0x0800da78                        . = ALIGN (0x4)
                0x0800da78                        _sidata = LOADADDR (.data)

.rel.dyn        0x0800da78        0x0
 .rel.iplt      0x0800da78        0x0 C:/ST/STM32CubeIDE_1.16.1/STM32CubeIDE/plugins/com.st.stm32cube.ide.mcu.externaltools.gnu-tools-for-stm32.12.3.rel1.win32_1.0.200.202406191623/tools/bin/../lib/gcc/arm-none-eabi/12.3.1/thumb/v7-m/nofp/crtbegin.o

.data           0x20000000      0x1f4 load address 0x0800da78
                0x20000000                        . = ALIGN (0x4)
                0x20000000                        _sdata = .
 *(.data)
 *(.data*)
 .data._KEYPAD_COLUMN_GPIO_PORT
                0x20000000       0x10 ./Core/Src/KeyPad.o
                0x20000000                _KEYPAD_COLUMN_GPIO_PORT
 .data._KEYPAD_ROW_GPIO_PORT
                0x20000010       0x10 ./Core/Src/KeyPad.o
                0x20000010                _KEYPAD_ROW_GPIO_PORT
 .data.exitmenu
                0x20000020        0x1 ./Core/Src/main.o
                0x20000020                exitmenu
 *fill*         0x20000021        0x3 
 .data.AddressUID
                0x20000024        0x4 ./Core/Src/main.o
                0x20000024                AddressUID
 .data.SystemCoreClock
                0x20000028        0x4 ./Core/Src/system_stm32f1xx.o
                0x20000028                SystemCoreClock
 .data.uwTickPrio
                0x2000002c        0x4 ./Drivers/STM32F1xx_HAL_Driver/Src/stm32f1xx_hal.o
                0x2000002c                uwTickPrio
 .data.uwTickFreq
                0x20000030        0x1 ./Drivers/STM32F1xx_HAL_Driver/Src/stm32f1xx_hal.o
                0x20000030                uwTickFreq
 *fill*         0x20000031        0x3 
 .data.USBD_CDC_DeviceQualifierDesc
                0x20000034        0xa ./Middlewares/ST/STM32_USB_Device_Library/Class/CDC/Src/usbd_cdc.o
 *fill*         0x2000003e        0x2 
 .data.USBD_CDC
                0x20000040       0x38 ./Middlewares/ST/STM32_USB_Device_Library/Class/CDC/Src/usbd_cdc.o
                0x20000040                USBD_CDC
 .data.USBD_CDC_CfgHSDesc
                0x20000078       0x43 ./Middlewares/ST/STM32_USB_Device_Library/Class/CDC/Src/usbd_cdc.o
                0x20000078                USBD_CDC_CfgHSDesc
 *fill*         0x200000bb        0x1 
 .data.USBD_CDC_CfgFSDesc
                0x200000bc       0x43 ./Middlewares/ST/STM32_USB_Device_Library/Class/CDC/Src/usbd_cdc.o
                0x200000bc                USBD_CDC_CfgFSDesc
 *fill*         0x200000ff        0x1 
 .data.USBD_CDC_OtherSpeedCfgDesc
                0x20000100       0x43 ./Middlewares/ST/STM32_USB_Device_Library/Class/CDC/Src/usbd_cdc.o
                0x20000100                USBD_CDC_OtherSpeedCfgDesc
 *fill*         0x20000143        0x1 
 .data.USBD_Interface_fops_FS
                0x20000144       0x10 ./USB_DEVICE/App/usbd_cdc_if.o
                0x20000144                USBD_Interface_fops_FS
 .data.FS_Desc  0x20000154       0x1c ./USB_DEVICE/App/usbd_desc.o
                0x20000154                FS_Desc
 .data.USBD_FS_DeviceDesc
                0x20000170       0x12 ./USB_DEVICE/App/usbd_desc.o
                0x20000170                USBD_FS_DeviceDesc
 *fill*         0x20000182        0x2 
 .data.USBD_LangIDDesc
                0x20000184        0x4 ./USB_DEVICE/App/usbd_desc.o
                0x20000184                USBD_LangIDDesc
 .data.USBD_StringSerial
                0x20000188       0x1a ./USB_DEVICE/App/usbd_desc.o
                0x20000188                USBD_StringSerial
 *fill*         0x200001a2        0x2 
 .data._impure_ptr
                0x200001a4        0x4 C:/ST/STM32CubeIDE_1.16.1/STM32CubeIDE/plugins/com.st.stm32cube.ide.mcu.externaltools.gnu-tools-for-stm32.12.3.rel1.win32_1.0.200.202406191623/tools/bin/../lib/gcc/arm-none-eabi/12.3.1/../../../../arm-none-eabi/lib/thumb/v7-m/nofp\libc_nano.a(libc_a-impure.o)
                0x200001a4                _impure_ptr
 .data._impure_data
                0x200001a8       0x4c C:/ST/STM32CubeIDE_1.16.1/STM32CubeIDE/plugins/com.st.stm32cube.ide.mcu.externaltools.gnu-tools-for-stm32.12.3.rel1.win32_1.0.200.202406191623/tools/bin/../lib/gcc/arm-none-eabi/12.3.1/../../../../arm-none-eabi/lib/thumb/v7-m/nofp\libc_nano.a(libc_a-impure.o)
                0x200001a8                _impure_data
 *(.RamFunc)
 *(.RamFunc*)
                0x200001f4                        . = ALIGN (0x4)
                0x200001f4                        _edata = .

.igot.plt       0x200001f4        0x0 load address 0x0800dc6c
 .igot.plt      0x200001f4        0x0 C:/ST/STM32CubeIDE_1.16.1/STM32CubeIDE/plugins/com.st.stm32cube.ide.mcu.externaltools.gnu-tools-for-stm32.12.3.rel1.win32_1.0.200.202406191623/tools/bin/../lib/gcc/arm-none-eabi/12.3.1/thumb/v7-m/nofp/crtbegin.o
                0x200001f4                        . = ALIGN (0x4)

.bss            0x200001f8     0x152c load address 0x0800dc6c
                0x200001f8                        _sbss = .
                0x200001f8                        __bss_start__ = _sbss
 *(.bss)
 .bss           0x200001f8       0x1c C:/ST/STM32CubeIDE_1.16.1/STM32CubeIDE/plugins/com.st.stm32cube.ide.mcu.externaltools.gnu-tools-for-stm32.12.3.rel1.win32_1.0.200.202406191623/tools/bin/../lib/gcc/arm-none-eabi/12.3.1/thumb/v7-m/nofp/crtbegin.o
 *(.bss*)
 .bss.KeyPad    0x20000214        0x4 ./Core/Src/KeyPad.o
                0x20000214                KeyPad
 .bss.pID       0x20000218        0x1 ./Core/Src/fingerprint.o
                0x20000218                pID
 *fill*         0x20000219        0x3 
 .bss.hi2c2     0x2000021c       0x54 ./Core/Src/main.o
                0x2000021c                hi2c2
 .bss.hspi1     0x20000270       0x58 ./Core/Src/main.o
                0x20000270                hspi1
 .bss.htim2     0x200002c8       0x48 ./Core/Src/main.o
                0x200002c8                htim2
 .bss.huart1    0x20000310       0x40 ./Core/Src/main.o
                0x20000310                huart1
 .bss.Rx_Buffer
                0x20000350       0x80 ./Core/Src/main.o
                0x20000350                Rx_Buffer
 .bss.Tx_Buffer
                0x200003d0        0x6 ./Core/Src/main.o
                0x200003d0                Tx_Buffer
 *fill*         0x200003d6        0x2 
 .bss.LCD1      0x200003d8        0xc ./Core/Src/main.o
                0x200003d8                LCD1
 .bss.CardID    0x200003e4       0x10 ./Core/Src/main.o
                0x200003e4                CardID
 .bss.time_cho  0x200003f4        0x4 ./Core/Src/main.o
                0x200003f4                time_cho
 .bss.mess      0x200003f8        0xa ./Core/Src/main.o
                0x200003f8                mess
 *fill*         0x20000402        0x2 
 .bss.tmp       0x20000404        0x4 ./Core/Src/main.o
                0x20000404                tmp
 .bss.ID        0x20000408        0x1 ./Core/Src/main.o
                0x20000408                ID
 .bss.fingerprint_detected
                0x20000409        0x1 ./Core/Src/main.o
                0x20000409                fingerprint_detected
 *fill*         0x2000040a        0x2 
 .bss.__sbrk_heap_end
                0x2000040c        0x4 ./Core/Src/sysmem.o
 .bss.uwTick    0x20000410        0x4 ./Drivers/STM32F1xx_HAL_Driver/Src/stm32f1xx_hal.o
                0x20000410                uwTick
 *fill*         0x20000414        0x4 
 .bss.pFlash    0x20000418       0x20 ./Drivers/STM32F1xx_HAL_Driver/Src/stm32f1xx_hal_flash.o
                0x20000418                pFlash
 .bss.cfgidx.0  0x20000438        0x1 ./Middlewares/ST/STM32_USB_Device_Library/Core/Src/usbd_ctlreq.o
 *fill*         0x20000439        0x3 
 .bss.hUsbDeviceFS
                0x2000043c      0x2c4 ./USB_DEVICE/App/usb_device.o
                0x2000043c                hUsbDeviceFS
 .bss.UserRxBufferFS
                0x20000700      0x3e8 ./USB_DEVICE/App/usbd_cdc_if.o
                0x20000700                UserRxBufferFS
 .bss.UserTxBufferFS
                0x20000ae8      0x3e8 ./USB_DEVICE/App/usbd_cdc_if.o
                0x20000ae8                UserTxBufferFS
 .bss.USBD_StrDesc
                0x20000ed0      0x200 ./USB_DEVICE/App/usbd_desc.o
                0x20000ed0                USBD_StrDesc
 .bss.hpcd_USB_FS
                0x200010d0      0x2ec ./USB_DEVICE/Target/usbd_conf.o
                0x200010d0                hpcd_USB_FS
 .bss.mem.0     0x200013bc      0x220 ./USB_DEVICE/Target/usbd_conf.o
 .bss.__sf      0x200015dc      0x138 C:/ST/STM32CubeIDE_1.16.1/STM32CubeIDE/plugins/com.st.stm32cube.ide.mcu.externaltools.gnu-tools-for-stm32.12.3.rel1.win32_1.0.200.202406191623/tools/bin/../lib/gcc/arm-none-eabi/12.3.1/../../../../arm-none-eabi/lib/thumb/v7-m/nofp\libc_nano.a(libc_a-findfp.o)
                0x200015dc                __sf
 .bss.errno     0x20001714        0x4 C:/ST/STM32CubeIDE_1.16.1/STM32CubeIDE/plugins/com.st.stm32cube.ide.mcu.externaltools.gnu-tools-for-stm32.12.3.rel1.win32_1.0.200.202406191623/tools/bin/../lib/gcc/arm-none-eabi/12.3.1/../../../../arm-none-eabi/lib/thumb/v7-m/nofp\libc_nano.a(libc_a-reent.o)
                0x20001714                errno
 .bss.__lock___malloc_recursive_mutex
                0x20001718        0x1 C:/ST/STM32CubeIDE_1.16.1/STM32CubeIDE/plugins/com.st.stm32cube.ide.mcu.externaltools.gnu-tools-for-stm32.12.3.rel1.win32_1.0.200.202406191623/tools/bin/../lib/gcc/arm-none-eabi/12.3.1/../../../../arm-none-eabi/lib/thumb/v7-m/nofp\libc_nano.a(libc_a-lock.o)
                0x20001718                __lock___malloc_recursive_mutex
 *fill*         0x20001719        0x3 
 .bss.__malloc_sbrk_start
                0x2000171c        0x4 C:/ST/STM32CubeIDE_1.16.1/STM32CubeIDE/plugins/com.st.stm32cube.ide.mcu.externaltools.gnu-tools-for-stm32.12.3.rel1.win32_1.0.200.202406191623/tools/bin/../lib/gcc/arm-none-eabi/12.3.1/../../../../arm-none-eabi/lib/thumb/v7-m/nofp\libc_nano.a(libc_a-mallocr.o)
                0x2000171c                __malloc_sbrk_start
 .bss.__malloc_free_list
                0x20001720        0x4 C:/ST/STM32CubeIDE_1.16.1/STM32CubeIDE/plugins/com.st.stm32cube.ide.mcu.externaltools.gnu-tools-for-stm32.12.3.rel1.win32_1.0.200.202406191623/tools/bin/../lib/gcc/arm-none-eabi/12.3.1/../../../../arm-none-eabi/lib/thumb/v7-m/nofp\libc_nano.a(libc_a-mallocr.o)
                0x20001720                __malloc_free_list
 *(COMMON)
                0x20001724                        . = ALIGN (0x4)
                0x20001724                        _ebss = .
                0x20001724                        __bss_end__ = _ebss

._user_heap_stack
                0x20001724      0x604 load address 0x0800dc6c
                0x20001728                        . = ALIGN (0x8)
 *fill*         0x20001724        0x4 
                [!provide]                        PROVIDE (end = .)
                0x20001728                        PROVIDE (_end = .)
                0x20001928                        . = (. + _Min_Heap_Size)
 *fill*         0x20001728      0x200 
                0x20001d28                        . = (. + _Min_Stack_Size)
 *fill*         0x20001928      0x400 
                0x20001d28                        . = ALIGN (0x8)

/DISCARD/
 libc.a(*)
 libm.a(*)
 libgcc.a(*)

.ARM.attributes
                0x00000000       0x29
 *(.ARM.attributes)
 .ARM.attributes
                0x00000000       0x1d C:/ST/STM32CubeIDE_1.16.1/STM32CubeIDE/plugins/com.st.stm32cube.ide.mcu.externaltools.gnu-tools-for-stm32.12.3.rel1.win32_1.0.200.202406191623/tools/bin/../lib/gcc/arm-none-eabi/12.3.1/thumb/v7-m/nofp/crti.o
 .ARM.attributes
                0x0000001d       0x2d C:/ST/STM32CubeIDE_1.16.1/STM32CubeIDE/plugins/com.st.stm32cube.ide.mcu.externaltools.gnu-tools-for-stm32.12.3.rel1.win32_1.0.200.202406191623/tools/bin/../lib/gcc/arm-none-eabi/12.3.1/thumb/v7-m/nofp/crtbegin.o
 .ARM.attributes
                0x0000004a       0x2d ./Core/Src/CLCD_I2C.o
 .ARM.attributes
                0x00000077       0x2d ./Core/Src/KeyPad.o
 .ARM.attributes
                0x000000a4       0x2d ./Core/Src/fingerprint.o
 .ARM.attributes
                0x000000d1       0x2d ./Core/Src/flash.o
 .ARM.attributes
                0x000000fe       0x2d ./Core/Src/main.o
 .ARM.attributes
                0x0000012b       0x2d ./Core/Src/rc522.o
 .ARM.attributes
                0x00000158       0x2d ./Core/Src/stm32f1xx_hal_msp.o
 .ARM.attributes
                0x00000185       0x2d ./Core/Src/stm32f1xx_it.o
 .ARM.attributes
                0x000001b2       0x2d ./Core/Src/sysmem.o
 .ARM.attributes
                0x000001df       0x2d ./Core/Src/system_stm32f1xx.o
 .ARM.attributes
                0x0000020c       0x21 ./Core/Startup/startup_stm32f103c8tx.o
 .ARM.attributes
                0x0000022d       0x2d ./Drivers/STM32F1xx_HAL_Driver/Src/stm32f1xx_hal.o
 .ARM.attributes
                0x0000025a       0x2d ./Drivers/STM32F1xx_HAL_Driver/Src/stm32f1xx_hal_cortex.o
 .ARM.attributes
                0x00000287       0x2d ./Drivers/STM32F1xx_HAL_Driver/Src/stm32f1xx_hal_flash.o
 .ARM.attributes
                0x000002b4       0x2d ./Drivers/STM32F1xx_HAL_Driver/Src/stm32f1xx_hal_flash_ex.o
 .ARM.attributes
                0x000002e1       0x2d ./Drivers/STM32F1xx_HAL_Driver/Src/stm32f1xx_hal_gpio.o
 .ARM.attributes
                0x0000030e       0x2d ./Drivers/STM32F1xx_HAL_Driver/Src/stm32f1xx_hal_i2c.o
 .ARM.attributes
                0x0000033b       0x2d ./Drivers/STM32F1xx_HAL_Driver/Src/stm32f1xx_hal_pcd.o
 .ARM.attributes
                0x00000368       0x2d ./Drivers/STM32F1xx_HAL_Driver/Src/stm32f1xx_hal_pcd_ex.o
 .ARM.attributes
                0x00000395       0x2d ./Drivers/STM32F1xx_HAL_Driver/Src/stm32f1xx_hal_rcc.o
 .ARM.attributes
                0x000003c2       0x2d ./Drivers/STM32F1xx_HAL_Driver/Src/stm32f1xx_hal_rcc_ex.o
 .ARM.attributes
                0x000003ef       0x2d ./Drivers/STM32F1xx_HAL_Driver/Src/stm32f1xx_hal_spi.o
 .ARM.attributes
                0x0000041c       0x2d ./Drivers/STM32F1xx_HAL_Driver/Src/stm32f1xx_hal_tim.o
 .ARM.attributes
                0x00000449       0x2d ./Drivers/STM32F1xx_HAL_Driver/Src/stm32f1xx_hal_tim_ex.o
 .ARM.attributes
                0x00000476       0x2d ./Drivers/STM32F1xx_HAL_Driver/Src/stm32f1xx_hal_uart.o
 .ARM.attributes
                0x000004a3       0x2d ./Drivers/STM32F1xx_HAL_Driver/Src/stm32f1xx_ll_usb.o
 .ARM.attributes
                0x000004d0       0x2d ./Middlewares/ST/STM32_USB_Device_Library/Class/CDC/Src/usbd_cdc.o
 .ARM.attributes
                0x000004fd       0x2d ./Middlewares/ST/STM32_USB_Device_Library/Core/Src/usbd_core.o
 .ARM.attributes
                0x0000052a       0x2d ./Middlewares/ST/STM32_USB_Device_Library/Core/Src/usbd_ctlreq.o
 .ARM.attributes
                0x00000557       0x2d ./Middlewares/ST/STM32_USB_Device_Library/Core/Src/usbd_ioreq.o
 .ARM.attributes
                0x00000584       0x2d ./USB_DEVICE/App/usb_device.o
 .ARM.attributes
                0x000005b1       0x2d ./USB_DEVICE/App/usbd_cdc_if.o
 .ARM.attributes
                0x000005de       0x2d ./USB_DEVICE/App/usbd_desc.o
 .ARM.attributes
                0x0000060b       0x2d ./USB_DEVICE/Target/usbd_conf.o
 .ARM.attributes
                0x00000638       0x2d C:/ST/STM32CubeIDE_1.16.1/STM32CubeIDE/plugins/com.st.stm32cube.ide.mcu.externaltools.gnu-tools-for-stm32.12.3.rel1.win32_1.0.200.202406191623/tools/bin/../lib/gcc/arm-none-eabi/12.3.1/../../../../arm-none-eabi/lib/thumb/v7-m/nofp\libc_nano.a(libc_a-findfp.o)
 .ARM.attributes
                0x00000665       0x2d C:/ST/STM32CubeIDE_1.16.1/STM32CubeIDE/plugins/com.st.stm32cube.ide.mcu.externaltools.gnu-tools-for-stm32.12.3.rel1.win32_1.0.200.202406191623/tools/bin/../lib/gcc/arm-none-eabi/12.3.1/../../../../arm-none-eabi/lib/thumb/v7-m/nofp\libc_nano.a(libc_a-sprintf.o)
 .ARM.attributes
                0x00000692       0x2d C:/ST/STM32CubeIDE_1.16.1/STM32CubeIDE/plugins/com.st.stm32cube.ide.mcu.externaltools.gnu-tools-for-stm32.12.3.rel1.win32_1.0.200.202406191623/tools/bin/../lib/gcc/arm-none-eabi/12.3.1/../../../../arm-none-eabi/lib/thumb/v7-m/nofp\libc_nano.a(libc_a-memset.o)
 .ARM.attributes
                0x000006bf       0x2d C:/ST/STM32CubeIDE_1.16.1/STM32CubeIDE/plugins/com.st.stm32cube.ide.mcu.externaltools.gnu-tools-for-stm32.12.3.rel1.win32_1.0.200.202406191623/tools/bin/../lib/gcc/arm-none-eabi/12.3.1/../../../../arm-none-eabi/lib/thumb/v7-m/nofp\libc_nano.a(libc_a-reent.o)
 .ARM.attributes
                0x000006ec       0x2d C:/ST/STM32CubeIDE_1.16.1/STM32CubeIDE/plugins/com.st.stm32cube.ide.mcu.externaltools.gnu-tools-for-stm32.12.3.rel1.win32_1.0.200.202406191623/tools/bin/../lib/gcc/arm-none-eabi/12.3.1/../../../../arm-none-eabi/lib/thumb/v7-m/nofp\libc_nano.a(libc_a-impure.o)
 .ARM.attributes
                0x00000719       0x2d C:/ST/STM32CubeIDE_1.16.1/STM32CubeIDE/plugins/com.st.stm32cube.ide.mcu.externaltools.gnu-tools-for-stm32.12.3.rel1.win32_1.0.200.202406191623/tools/bin/../lib/gcc/arm-none-eabi/12.3.1/../../../../arm-none-eabi/lib/thumb/v7-m/nofp\libc_nano.a(libc_a-errno.o)
 .ARM.attributes
                0x00000746       0x2d C:/ST/STM32CubeIDE_1.16.1/STM32CubeIDE/plugins/com.st.stm32cube.ide.mcu.externaltools.gnu-tools-for-stm32.12.3.rel1.win32_1.0.200.202406191623/tools/bin/../lib/gcc/arm-none-eabi/12.3.1/../../../../arm-none-eabi/lib/thumb/v7-m/nofp\libc_nano.a(libc_a-init.o)
 .ARM.attributes
                0x00000773       0x2d C:/ST/STM32CubeIDE_1.16.1/STM32CubeIDE/plugins/com.st.stm32cube.ide.mcu.externaltools.gnu-tools-for-stm32.12.3.rel1.win32_1.0.200.202406191623/tools/bin/../lib/gcc/arm-none-eabi/12.3.1/../../../../arm-none-eabi/lib/thumb/v7-m/nofp\libc_nano.a(libc_a-lock.o)
 .ARM.attributes
                0x000007a0       0x2d C:/ST/STM32CubeIDE_1.16.1/STM32CubeIDE/plugins/com.st.stm32cube.ide.mcu.externaltools.gnu-tools-for-stm32.12.3.rel1.win32_1.0.200.202406191623/tools/bin/../lib/gcc/arm-none-eabi/12.3.1/../../../../arm-none-eabi/lib/thumb/v7-m/nofp\libc_nano.a(libc_a-memcpy-stub.o)
 .ARM.attributes
                0x000007cd       0x2d C:/ST/STM32CubeIDE_1.16.1/STM32CubeIDE/plugins/com.st.stm32cube.ide.mcu.externaltools.gnu-tools-for-stm32.12.3.rel1.win32_1.0.200.202406191623/tools/bin/../lib/gcc/arm-none-eabi/12.3.1/../../../../arm-none-eabi/lib/thumb/v7-m/nofp\libc_nano.a(libc_a-freer.o)
 .ARM.attributes
                0x000007fa       0x2d C:/ST/STM32CubeIDE_1.16.1/STM32CubeIDE/plugins/com.st.stm32cube.ide.mcu.externaltools.gnu-tools-for-stm32.12.3.rel1.win32_1.0.200.202406191623/tools/bin/../lib/gcc/arm-none-eabi/12.3.1/../../../../arm-none-eabi/lib/thumb/v7-m/nofp\libc_nano.a(libc_a-mallocr.o)
 .ARM.attributes
                0x00000827       0x2d C:/ST/STM32CubeIDE_1.16.1/STM32CubeIDE/plugins/com.st.stm32cube.ide.mcu.externaltools.gnu-tools-for-stm32.12.3.rel1.win32_1.0.200.202406191623/tools/bin/../lib/gcc/arm-none-eabi/12.3.1/../../../../arm-none-eabi/lib/thumb/v7-m/nofp\libc_nano.a(libc_a-mlock.o)
 .ARM.attributes
                0x00000854       0x2d C:/ST/STM32CubeIDE_1.16.1/STM32CubeIDE/plugins/com.st.stm32cube.ide.mcu.externaltools.gnu-tools-for-stm32.12.3.rel1.win32_1.0.200.202406191623/tools/bin/../lib/gcc/arm-none-eabi/12.3.1/../../../../arm-none-eabi/lib/thumb/v7-m/nofp\libc_nano.a(libc_a-nano-svfprintf.o)
 .ARM.attributes
                0x00000881       0x2d C:/ST/STM32CubeIDE_1.16.1/STM32CubeIDE/plugins/com.st.stm32cube.ide.mcu.externaltools.gnu-tools-for-stm32.12.3.rel1.win32_1.0.200.202406191623/tools/bin/../lib/gcc/arm-none-eabi/12.3.1/../../../../arm-none-eabi/lib/thumb/v7-m/nofp\libc_nano.a(libc_a-nano-vfprintf_i.o)
 .ARM.attributes
                0x000008ae       0x2d C:/ST/STM32CubeIDE_1.16.1/STM32CubeIDE/plugins/com.st.stm32cube.ide.mcu.externaltools.gnu-tools-for-stm32.12.3.rel1.win32_1.0.200.202406191623/tools/bin/../lib/gcc/arm-none-eabi/12.3.1/../../../../arm-none-eabi/lib/thumb/v7-m/nofp\libc_nano.a(libc_a-memmove.o)
 .ARM.attributes
                0x000008db       0x2d C:/ST/STM32CubeIDE_1.16.1/STM32CubeIDE/plugins/com.st.stm32cube.ide.mcu.externaltools.gnu-tools-for-stm32.12.3.rel1.win32_1.0.200.202406191623/tools/bin/../lib/gcc/arm-none-eabi/12.3.1/../../../../arm-none-eabi/lib/thumb/v7-m/nofp\libc_nano.a(libc_a-sbrkr.o)
 .ARM.attributes
                0x00000908       0x2d C:/ST/STM32CubeIDE_1.16.1/STM32CubeIDE/plugins/com.st.stm32cube.ide.mcu.externaltools.gnu-tools-for-stm32.12.3.rel1.win32_1.0.200.202406191623/tools/bin/../lib/gcc/arm-none-eabi/12.3.1/../../../../arm-none-eabi/lib/thumb/v7-m/nofp\libc_nano.a(libc_a-memchr-stub.o)
 .ARM.attributes
                0x00000935       0x2d C:/ST/STM32CubeIDE_1.16.1/STM32CubeIDE/plugins/com.st.stm32cube.ide.mcu.externaltools.gnu-tools-for-stm32.12.3.rel1.win32_1.0.200.202406191623/tools/bin/../lib/gcc/arm-none-eabi/12.3.1/../../../../arm-none-eabi/lib/thumb/v7-m/nofp\libc_nano.a(libc_a-reallocr.o)
 .ARM.attributes
                0x00000962       0x2d C:/ST/STM32CubeIDE_1.16.1/STM32CubeIDE/plugins/com.st.stm32cube.ide.mcu.externaltools.gnu-tools-for-stm32.12.3.rel1.win32_1.0.200.202406191623/tools/bin/../lib/gcc/arm-none-eabi/12.3.1/../../../../arm-none-eabi/lib/thumb/v7-m/nofp\libc_nano.a(libc_a-msizer.o)
 .ARM.attributes
                0x0000098f       0x1d C:/ST/STM32CubeIDE_1.16.1/STM32CubeIDE/plugins/com.st.stm32cube.ide.mcu.externaltools.gnu-tools-for-stm32.12.3.rel1.win32_1.0.200.202406191623/tools/bin/../lib/gcc/arm-none-eabi/12.3.1/thumb/v7-m/nofp/crtn.o
OUTPUT(FINAL1.elf elf32-littlearm)
LOAD linker stubs
LOAD C:/ST/STM32CubeIDE_1.16.1/STM32CubeIDE/plugins/com.st.stm32cube.ide.mcu.externaltools.gnu-tools-for-stm32.12.3.rel1.win32_1.0.200.202406191623/tools/bin/../lib/gcc/arm-none-eabi/12.3.1/../../../../arm-none-eabi/lib/thumb/v7-m/nofp\libc.a
LOAD C:/ST/STM32CubeIDE_1.16.1/STM32CubeIDE/plugins/com.st.stm32cube.ide.mcu.externaltools.gnu-tools-for-stm32.12.3.rel1.win32_1.0.200.202406191623/tools/bin/../lib/gcc/arm-none-eabi/12.3.1/../../../../arm-none-eabi/lib/thumb/v7-m/nofp\libm.a
LOAD C:/ST/STM32CubeIDE_1.16.1/STM32CubeIDE/plugins/com.st.stm32cube.ide.mcu.externaltools.gnu-tools-for-stm32.12.3.rel1.win32_1.0.200.202406191623/tools/bin/../lib/gcc/arm-none-eabi/12.3.1/thumb/v7-m/nofp\libgcc.a

.debug_info     0x00000000    0x1a647
 .debug_info    0x00000000      0x92b ./Core/Src/CLCD_I2C.o
 .debug_info    0x0000092b      0x40b ./Core/Src/KeyPad.o
 .debug_info    0x00000d36      0x79f ./Core/Src/fingerprint.o
 .debug_info    0x000014d5      0x39d ./Core/Src/flash.o
 .debug_info    0x00001872     0x20c1 ./Core/Src/main.o
 .debug_info    0x00003933      0xcfc ./Core/Src/rc522.o
 .debug_info    0x0000462f     0x1315 ./Core/Src/stm32f1xx_hal_msp.o
 .debug_info    0x00005944      0xb97 ./Core/Src/stm32f1xx_it.o
 .debug_info    0x000064db      0x168 ./Core/Src/sysmem.o
 .debug_info    0x00006643      0x222 ./Core/Src/system_stm32f1xx.o
 .debug_info    0x00006865       0x30 ./Core/Startup/startup_stm32f103c8tx.o
 .debug_info    0x00006895      0x704 ./Drivers/STM32F1xx_HAL_Driver/Src/stm32f1xx_hal.o
 .debug_info    0x00006f99      0xa87 ./Drivers/STM32F1xx_HAL_Driver/Src/stm32f1xx_hal_cortex.o
 .debug_info    0x00007a20      0x4f8 ./Drivers/STM32F1xx_HAL_Driver/Src/stm32f1xx_hal_flash.o
 .debug_info    0x00007f18      0x777 ./Drivers/STM32F1xx_HAL_Driver/Src/stm32f1xx_hal_flash_ex.o
 .debug_info    0x0000868f      0x5ab ./Drivers/STM32F1xx_HAL_Driver/Src/stm32f1xx_hal_gpio.o
 .debug_info    0x00008c3a     0x24d2 ./Drivers/STM32F1xx_HAL_Driver/Src/stm32f1xx_hal_i2c.o
 .debug_info    0x0000b10c     0x13d8 ./Drivers/STM32F1xx_HAL_Driver/Src/stm32f1xx_hal_pcd.o
 .debug_info    0x0000c4e4      0x6f3 ./Drivers/STM32F1xx_HAL_Driver/Src/stm32f1xx_hal_pcd_ex.o
 .debug_info    0x0000cbd7      0x7e9 ./Drivers/STM32F1xx_HAL_Driver/Src/stm32f1xx_hal_rcc.o
 .debug_info    0x0000d3c0      0x3b0 ./Drivers/STM32F1xx_HAL_Driver/Src/stm32f1xx_hal_rcc_ex.o
 .debug_info    0x0000d770     0x14ef ./Drivers/STM32F1xx_HAL_Driver/Src/stm32f1xx_hal_spi.o
 .debug_info    0x0000ec5f     0x2787 ./Drivers/STM32F1xx_HAL_Driver/Src/stm32f1xx_hal_tim.o
 .debug_info    0x000113e6     0x13b5 ./Drivers/STM32F1xx_HAL_Driver/Src/stm32f1xx_hal_tim_ex.o
 .debug_info    0x0001279b     0x11c6 ./Drivers/STM32F1xx_HAL_Driver/Src/stm32f1xx_hal_uart.o
 .debug_info    0x00013961     0x1744 ./Drivers/STM32F1xx_HAL_Driver/Src/stm32f1xx_ll_usb.o
 .debug_info    0x000150a5     0x1073 ./Middlewares/ST/STM32_USB_Device_Library/Class/CDC/Src/usbd_cdc.o
 .debug_info    0x00016118      0xa52 ./Middlewares/ST/STM32_USB_Device_Library/Core/Src/usbd_core.o
 .debug_info    0x00016b6a      0x91c ./Middlewares/ST/STM32_USB_Device_Library/Core/Src/usbd_ctlreq.o
 .debug_info    0x00017486      0x6a0 ./Middlewares/ST/STM32_USB_Device_Library/Core/Src/usbd_ioreq.o
 .debug_info    0x00017b26      0x63d ./USB_DEVICE/App/usb_device.o
 .debug_info    0x00018163      0x842 ./USB_DEVICE/App/usbd_cdc_if.o
 .debug_info    0x000189a5      0x447 ./USB_DEVICE/App/usbd_desc.o
 .debug_info    0x00018dec     0x185b ./USB_DEVICE/Target/usbd_conf.o

.debug_abbrev   0x00000000     0x48c5
 .debug_abbrev  0x00000000      0x1ce ./Core/Src/CLCD_I2C.o
 .debug_abbrev  0x000001ce      0x1eb ./Core/Src/KeyPad.o
 .debug_abbrev  0x000003b9      0x208 ./Core/Src/fingerprint.o
 .debug_abbrev  0x000005c1      0x167 ./Core/Src/flash.o
 .debug_abbrev  0x00000728      0x466 ./Core/Src/main.o
 .debug_abbrev  0x00000b8e      0x2c9 ./Core/Src/rc522.o
 .debug_abbrev  0x00000e57      0x218 ./Core/Src/stm32f1xx_hal_msp.o
 .debug_abbrev  0x0000106f      0x1db ./Core/Src/stm32f1xx_it.o
 .debug_abbrev  0x0000124a       0xbc ./Core/Src/sysmem.o
 .debug_abbrev  0x00001306      0x13f ./Core/Src/system_stm32f1xx.o
 .debug_abbrev  0x00001445       0x24 ./Core/Startup/startup_stm32f103c8tx.o
 .debug_abbrev  0x00001469      0x201 ./Drivers/STM32F1xx_HAL_Driver/Src/stm32f1xx_hal.o
 .debug_abbrev  0x0000166a      0x2f8 ./Drivers/STM32F1xx_HAL_Driver/Src/stm32f1xx_hal_cortex.o
 .debug_abbrev  0x00001962      0x250 ./Drivers/STM32F1xx_HAL_Driver/Src/stm32f1xx_hal_flash.o
 .debug_abbrev  0x00001bb2      0x247 ./Drivers/STM32F1xx_HAL_Driver/Src/stm32f1xx_hal_flash_ex.o
 .debug_abbrev  0x00001df9      0x1ca ./Drivers/STM32F1xx_HAL_Driver/Src/stm32f1xx_hal_gpio.o
 .debug_abbrev  0x00001fc3      0x2a3 ./Drivers/STM32F1xx_HAL_Driver/Src/stm32f1xx_hal_i2c.o
 .debug_abbrev  0x00002266      0x2cc ./Drivers/STM32F1xx_HAL_Driver/Src/stm32f1xx_hal_pcd.o
 .debug_abbrev  0x00002532      0x188 ./Drivers/STM32F1xx_HAL_Driver/Src/stm32f1xx_hal_pcd_ex.o
 .debug_abbrev  0x000026ba      0x2b1 ./Drivers/STM32F1xx_HAL_Driver/Src/stm32f1xx_hal_rcc.o
 .debug_abbrev  0x0000296b      0x188 ./Drivers/STM32F1xx_HAL_Driver/Src/stm32f1xx_hal_rcc_ex.o
 .debug_abbrev  0x00002af3      0x284 ./Drivers/STM32F1xx_HAL_Driver/Src/stm32f1xx_hal_spi.o
 .debug_abbrev  0x00002d77      0x270 ./Drivers/STM32F1xx_HAL_Driver/Src/stm32f1xx_hal_tim.o
 .debug_abbrev  0x00002fe7      0x27b ./Drivers/STM32F1xx_HAL_Driver/Src/stm32f1xx_hal_tim_ex.o
 .debug_abbrev  0x00003262      0x272 ./Drivers/STM32F1xx_HAL_Driver/Src/stm32f1xx_hal_uart.o
 .debug_abbrev  0x000034d4      0x1d6 ./Drivers/STM32F1xx_HAL_Driver/Src/stm32f1xx_ll_usb.o
 .debug_abbrev  0x000036aa      0x2d1 ./Middlewares/ST/STM32_USB_Device_Library/Class/CDC/Src/usbd_cdc.o
 .debug_abbrev  0x0000397b      0x24a ./Middlewares/ST/STM32_USB_Device_Library/Core/Src/usbd_core.o
 .debug_abbrev  0x00003bc5      0x26b ./Middlewares/ST/STM32_USB_Device_Library/Core/Src/usbd_ctlreq.o
 .debug_abbrev  0x00003e30      0x192 ./Middlewares/ST/STM32_USB_Device_Library/Core/Src/usbd_ioreq.o
 .debug_abbrev  0x00003fc2      0x18d ./USB_DEVICE/App/usb_device.o
 .debug_abbrev  0x0000414f      0x260 ./USB_DEVICE/App/usbd_cdc_if.o
 .debug_abbrev  0x000043af      0x200 ./USB_DEVICE/App/usbd_desc.o
 .debug_abbrev  0x000045af      0x316 ./USB_DEVICE/Target/usbd_conf.o

.debug_aranges  0x00000000     0x1a98
 .debug_aranges