Archive member included to satisfy reference by file (symbol)

C:/ST/STM32CubeIDE_1.16.1/STM32CubeIDE/plugins/com.st.stm32cube.ide.mcu.externaltools.gnu-tools-for-stm32.12.3.rel1.win32_1.0.200.202406191623/tools/bin/../lib/gcc/arm-none-eabi/12.3.1/../../../../arm-none-eabi/lib/thumb/v7-m/nofp\libc_nano.a(libc_a-exit.o)
                              C:/ST/STM32CubeIDE_1.16.1/STM32CubeIDE/plugins/com.st.stm32cube.ide.mcu.externaltools.gnu-tools-for-stm32.12.3.rel1.win32_1.0.200.202406191623/tools/bin/../lib/gcc/arm-none-eabi/12.3.1/../../../../arm-none-eabi/lib/thumb/v7-m/nofp/crt0.o (exit)
C:/ST/STM32CubeIDE_1.16.1/STM32CubeIDE/plugins/com.st.stm32cube.ide.mcu.externaltools.gnu-tools-for-stm32.12.3.rel1.win32_1.0.200.202406191623/tools/bin/../lib/gcc/arm-none-eabi/12.3.1/../../../../arm-none-eabi/lib/thumb/v7-m/nofp\libc_nano.a(libc_a-findfp.o)
                              C:/ST/STM32CubeIDE_1.16.1/STM32CubeIDE/plugins/com.st.stm32cube.ide.mcu.externaltools.gnu-tools-for-stm32.12.3.rel1.win32_1.0.200.202406191623/tools/bin/../lib/gcc/arm-none-eabi/12.3.1/../../../../arm-none-eabi/lib/thumb/v7-m/nofp\libc_nano.a(libc_a-exit.o) (__stdio_exit_handler)
C:/ST/STM32CubeIDE_1.16.1/STM32CubeIDE/plugins/com.st.stm32cube.ide.mcu.externaltools.gnu-tools-for-stm32.12.3.rel1.win32_1.0.200.202406191623/tools/bin/../lib/gcc/arm-none-eabi/12.3.1/../../../../arm-none-eabi/lib/thumb/v7-m/nofp\libc_nano.a(libc_a-fwalk.o)
                              C:/ST/STM32CubeIDE_1.16.1/STM32CubeIDE/plugins/com.st.stm32cube.ide.mcu.externaltools.gnu-tools-for-stm32.12.3.rel1.win32_1.0.200.202406191623/tools/bin/../lib/gcc/arm-none-eabi/12.3.1/../../../../arm-none-eabi/lib/thumb/v7-m/nofp\libc_nano.a(libc_a-findfp.o) (_fwalk_sglue)
C:/ST/STM32CubeIDE_1.16.1/STM32CubeIDE/plugins/com.st.stm32cube.ide.mcu.externaltools.gnu-tools-for-stm32.12.3.rel1.win32_1.0.200.202406191623/tools/bin/../lib/gcc/arm-none-eabi/12.3.1/../../../../arm-none-eabi/lib/thumb/v7-m/nofp\libc_nano.a(libc_a-snprintf.o)
                              ./Core/Src/main.o (snprintf)
C:/ST/STM32CubeIDE_1.16.1/STM32CubeIDE/plugins/com.st.stm32cube.ide.mcu.externaltools.gnu-tools-for-stm32.12.3.rel1.win32_1.0.200.202406191623/tools/bin/../lib/gcc/arm-none-eabi/12.3.1/../../../../arm-none-eabi/lib/thumb/v7-m/nofp\libc_nano.a(libc_a-sprintf.o)
                              ./Core/Src/main.o (sprintf)
C:/ST/STM32CubeIDE_1.16.1/STM32CubeIDE/plugins/com.st.stm32cube.ide.mcu.externaltools.gnu-tools-for-stm32.12.3.rel1.win32_1.0.200.202406191623/tools/bin/../lib/gcc/arm-none-eabi/12.3.1/../../../../arm-none-eabi/lib/thumb/v7-m/nofp\libc_nano.a(libc_a-stdio.o)
                              C:/ST/STM32CubeIDE_1.16.1/STM32CubeIDE/plugins/com.st.stm32cube.ide.mcu.externaltools.gnu-tools-for-stm32.12.3.rel1.win32_1.0.200.202406191623/tools/bin/../lib/gcc/arm-none-eabi/12.3.1/../../../../arm-none-eabi/lib/thumb/v7-m/nofp\libc_nano.a(libc_a-findfp.o) (__sread)
C:/ST/STM32CubeIDE_1.16.1/STM32CubeIDE/plugins/com.st.stm32cube.ide.mcu.externaltools.gnu-tools-for-stm32.12.3.rel1.win32_1.0.200.202406191623/tools/bin/../lib/gcc/arm-none-eabi/12.3.1/../../../../arm-none-eabi/lib/thumb/v7-m/nofp\libc_nano.a(libc_a-memset.o)
                              C:/ST/STM32CubeIDE_1.16.1/STM32CubeIDE/plugins/com.st.stm32cube.ide.mcu.externaltools.gnu-tools-for-stm32.12.3.rel1.win32_1.0.200.202406191623/tools/bin/../lib/gcc/arm-none-eabi/12.3.1/../../../../arm-none-eabi/lib/thumb/v7-m/nofp/crt0.o (memset)
C:/ST/STM32CubeIDE_1.16.1/STM32CubeIDE/plugins/com.st.stm32cube.ide.mcu.externaltools.gnu-tools-for-stm32.12.3.rel1.win32_1.0.200.202406191623/tools/bin/../lib/gcc/arm-none-eabi/12.3.1/../../../../arm-none-eabi/lib/thumb/v7-m/nofp\libc_nano.a(libc_a-closer.o)
                              C:/ST/STM32CubeIDE_1.16.1/STM32CubeIDE/plugins/com.st.stm32cube.ide.mcu.externaltools.gnu-tools-for-stm32.12.3.rel1.win32_1.0.200.202406191623/tools/bin/../lib/gcc/arm-none-eabi/12.3.1/../../../../arm-none-eabi/lib/thumb/v7-m/nofp\libc_nano.a(libc_a-stdio.o) (_close_r)
C:/ST/STM32CubeIDE_1.16.1/STM32CubeIDE/plugins/com.st.stm32cube.ide.mcu.externaltools.gnu-tools-for-stm32.12.3.rel1.win32_1.0.200.202406191623/tools/bin/../lib/gcc/arm-none-eabi/12.3.1/../../../../arm-none-eabi/lib/thumb/v7-m/nofp\libc_nano.a(libc_a-reent.o)
                              C:/ST/STM32CubeIDE_1.16.1/STM32CubeIDE/plugins/com.st.stm32cube.ide.mcu.externaltools.gnu-tools-for-stm32.12.3.rel1.win32_1.0.200.202406191623/tools/bin/../lib/gcc/arm-none-eabi/12.3.1/../../../../arm-none-eabi/lib/thumb/v7-m/nofp\libc_nano.a(libc_a-closer.o) (errno)
C:/ST/STM32CubeIDE_1.16.1/STM32CubeIDE/plugins/com.st.stm32cube.ide.mcu.externaltools.gnu-tools-for-stm32.12.3.rel1.win32_1.0.200.202406191623/tools/bin/../lib/gcc/arm-none-eabi/12.3.1/../../../../arm-none-eabi/lib/thumb/v7-m/nofp\libc_nano.a(libc_a-impure.o)
[...]
Memory Configuration

Name             Origin             Length             Attributes
RAM              0x20000000         0x00005000         xrw
FLASH            0x08000000         0x00010000         xr
*default*        0x00000000         0xffffffff

Linker script and memory map

LOAD C:/ST/STM32CubeIDE_1.16.1/STM32CubeIDE/plugins/com.st.stm32cube.ide.mcu.externaltools.gnu-tools-for-stm32.12.3.rel1.win32_1.0.200.202406191623/tools/bin/../lib/gcc/arm-none-eabi/12.3.1/thumb/v7-m/nofp/crti.o
LOAD C:/ST/STM32CubeIDE_1.16.1/STM32CubeIDE/plugins/com.st.stm32cube.ide.mcu.externaltools.gnu-tools-for-stm32.12.3.rel1.win32_1.0.200.202406191623/tools/bin/../lib/gcc/arm-none-eabi/12.3.1/thumb/v7-m/nofp/crtbegin.o
LOAD C:/ST/STM32CubeIDE_1.16.1/STM32CubeIDE/plugins/com.st.stm32cube.ide.mcu.externaltools.gnu-tools-for-stm32.12.3.rel1.win32_1.0.200.202406191623/tools/bin/../lib/gcc/arm-none-eabi/12.3.1/../../../../arm-none-eabi/lib/thumb/v7-m/nofp/crt0.o
LOAD ./Core/Src/CLCD_I2C.o
LOAD ./Core/Src/KeyPad.o
LOAD ./Core/Src/fingerprint.o
LOAD ./Core/Src/flash.o
LOAD ./Core/Src/main.o
LOAD ./Core/Src/rc522.o
LOAD ./Core/Src/stm32f1xx_hal_msp.o
LOAD ./Core/Src/stm32f1xx_it.o
LOAD ./Core/Src/syscalls.o
LOAD ./Core/Src/sysmem.o
LOAD ./Core/Src/system_stm32f1xx.o
LOAD ./Core/Startup/startup_stm32f103c8tx.o
LOAD ./Drivers/STM32F1xx_HAL_Driver/Src/stm32f1xx_hal.o
LOAD ./Drivers/STM32F1xx_HAL_Driver/Src/stm32f1xx_hal_cortex.o
LOAD ./Drivers/STM32F1xx_HAL_Driver/Src/stm32f1xx_hal_dma.o
LOAD ./Drivers/STM32F1xx_HAL_Driver/Src/stm32f1xx_hal_exti.o
LOAD ./Drivers/STM32F1xx_HAL_Driver/Src/stm32f1xx_hal_flash.o
LOAD ./Drivers/STM32F1xx_HAL_Driver/Src/stm32f1xx_hal_flash_ex.o
LOAD ./Drivers/STM32F1xx_HAL_Driver/Src/stm32f1xx_hal_gpio.o
LOAD ./Drivers/STM32F1xx_HAL_Driver/Src/stm32f1xx_hal_gpio_ex.o
LOAD ./Drivers/STM32F1xx_HAL_Driver/Src/stm32f1xx_hal_i2c.o
LOAD ./Drivers/STM32F1xx_HAL_Driver/Src/stm32f1xx_hal_pcd.o
LOAD ./Drivers/STM32F1xx_HAL_Driver/Src/stm32f1xx_hal_pcd_ex.o
LOAD ./Drivers/STM32F1xx_HAL_Driver/Src/stm32f1xx_hal_pwr.o
LOAD ./Drivers/STM32F1xx_HAL_Driver/Src/stm32f1xx_hal_rcc.o
LOAD ./Drivers/STM32F1xx_HAL_Driver/Src/stm32f1xx_hal_rcc_ex.o
LOAD ./Drivers/STM32F1xx_HAL_Driver/Src/stm32f1xx_hal_spi.o
LOAD ./Drivers/STM32F1xx_HAL_Driver/Src/stm32f1xx_hal_tim.o
LOAD ./Drivers/STM32F1xx_HAL_Driver/Src/stm32f1xx_hal_tim_ex.o
LOAD ./Drivers/STM32F1xx_HAL_Driver/Src/stm32f1xx_hal_uart.o
LOAD ./Drivers/STM32F1xx_HAL_Driver/Src/stm32f1xx_ll_usb.o
LOAD ./Middlewares/ST/STM32_USB_Device_Library/Class/CDC/Src/usbd_cdc.o
LOAD ./Middlewares/ST/STM32_USB_Device_Library/Core/Src/usbd_core.o
LOAD ./Middlewares/ST/STM32_USB_Device_Library/Core/Src/usbd_ctlreq.o
LOAD ./Middlewares/ST/STM32_USB_Device_Library/Core/Src/usbd_ioreq.o
LOAD ./USB_DEVICE/App/usb_device.o
LOAD ./USB_DEVICE/App/usbd_cdc_if.o
LOAD ./USB_DEVICE/App/usbd_desc.o
LOAD ./USB_DEVICE/Target/usbd_conf.o
START GROUP
LOAD C:/ST/STM32CubeIDE_1.16.1/STM32CubeIDE/plugins/com.st.stm32cube.ide.mcu.externaltools.gnu-tools-for-stm32.12.3.rel1.win32_1.0.200.202406191623/tools/bin/../lib/gcc/arm-none-eabi/12.3.1/../../../../arm-none-eabi/lib/thumb/v7-m/nofp\libc_nano.a
LOAD C:/ST/STM32CubeIDE_1.16.1/STM32CubeIDE/plugins/com.st.stm32cube.ide.mcu.externaltools.gnu-tools-for-stm32.12.3.rel1.win32_1.0.200.202406191623/tools/bin/../lib/gcc/arm-none-eabi/12.3.1/../../../../arm-none-eabi/lib/thumb/v7-m/nofp\libm.a
END GROUP
START GROUP
LOAD C:/ST/STM32CubeIDE_1.16.1/STM32CubeIDE/plugins/com.st.stm32cube.ide.mcu.externaltools.gnu-tools-for-stm32.12.3.rel1.win32_1.0.200.202406191623/tools/bin/../lib/gcc/arm-none-eabi/12.3.1/thumb/v7-m/nofp\libgcc.a
LOAD C:/ST/STM32CubeIDE_1.16.1/STM32CubeIDE/plugins/com.st.stm32cube.ide.mcu.externaltools.gnu-tools-for-stm32.12.3.rel1.win32_1.0.200.202406191623/tools/bin/../lib/gcc/arm-none-eabi/12.3.1/../../../../arm-none-eabi/lib/thumb/v7-m/nofp\libc_nano.a
END GROUP
START GROUP
LOAD C:/ST/STM32CubeIDE_1.16.1/STM32CubeIDE/plugins/com.st.stm32cube.ide.mcu.externaltools.gnu-tools-for-stm32.12.3.rel1.win32_1.0.200.202406191623/tools/bin/../lib/gcc/arm-none-eabi/12.3.1/thumb/v7-m/nofp\libgcc.a
LOAD C:/ST/STM32CubeIDE_1.16.1/STM32CubeIDE/plugins/com.st.stm32cube.ide.mcu.externaltools.gnu-tools-for-stm32.12.3.rel1.win32_1.0.200.202406191623/tools/bin/../lib/gcc/arm-none-eabi/12.3.1/../../../../arm-none-eabi/lib/thumb/v7-m/nofp\libc_nano.a
LOAD C:/ST/STM32CubeIDE_1.16.1/STM32CubeIDE/plugins/com.st.stm32cube.ide.mcu.externaltools.gnu-tools-for-stm32.12.3.rel1.win32_1.0.200.202406191623/tools/bin/../lib/gcc/arm-none-eabi/12.3.1/../../../../arm-none-eabi/lib/thumb/v7-m/nofp\libnosys.a
END GROUP
START GROUP
LOAD C:/ST/STM32CubeIDE_1.16.1/STM32CubeIDE/plugins/com.st.stm32cube.ide.mcu.externaltools.gnu-tools-for-stm32.12.3.rel1.win32_1.0.200.202406191623/tools/bin/../lib/gcc/arm-none-eabi/12.3.1/thumb/v7-m/nofp\libgcc.a
LOAD C:/ST/STM32CubeIDE_1.16.1/STM32CubeIDE/plugins/com.st.stm32cube.ide.mcu.externaltools.gnu-tools-for-stm32.12.3.rel1.win32_1.0.200.202406191623/tools/bin/../lib/gcc/arm-none-eabi/12.3.1/../../../../arm-none-eabi/lib/thumb/v7-m/nofp\libc_nano.a
LOAD C:/ST/STM32CubeIDE_1.16.1/STM32CubeIDE/plugins/com.st.stm32cube.ide.mcu.externaltools.gnu-tools-for-stm32.12.3.rel1.win32_1.0.200.202406191623/tools/bin/../lib/gcc/arm-none-eabi/12.3.1/../../../../arm-none-eabi/lib/thumb/v7-m/nofp\libnosys.a
END GROUP
LOAD C:/ST/STM32CubeIDE_1.16.1/STM32CubeIDE/plugins/com.st.stm32cube.ide.mcu.externaltools.gnu-tools-for-stm32.12.3.rel1.win32_1.0.200.202406191623/tools/bin/../lib/gcc/arm-none-eabi/12.3.1/thumb/v7-m/nofp/crtend.o
LOAD C:/ST/STM32CubeIDE_1.16.1/STM32CubeIDE/plugins/com.st.stm32cube.ide.mcu.externaltools.gnu-tools-for-stm32.12.3.rel1.win32_1.0.200.202406191623/tools/bin/../lib/gcc/arm-none-eabi/12.3.1/thumb/v7-m/nofp/crtn.o
                0x20005000                        _estack = (ORIGIN (RAM) + LENGTH (RAM))
                0x00000200                        _Min_Heap_Size = 0x200
                0x00000400                        _Min_Stack_Size = 0x400

.isr_vector     0x08000000      0x10c
                0x08000000                        . = ALIGN (0x4)
 *(.isr_vector)
 .isr_vector    0x08000000      0x10c ./Core/Startup/startup_stm32f103c8tx.o
                0x08000000                g_pfnVectors
                0x0800010c                        . = ALIGN (0x4)

.text           0x0800010c     0xd858
                0x0800010c                        . = ALIGN (0x4)
 *(.text)
 .text          0x0800010c       0x40 C:/ST/STM32CubeIDE_1.16.1/STM32CubeIDE/plugins/com.st.stm32cube.ide.mcu.externaltools.gnu-tools-for-stm32.12.3.rel1.win32_1.0.200.202406191623/tools/bin/../lib/gcc/arm-none-eabi/12.3.1/thumb/v7-m/nofp/crtbegin.o
 .text          0x0800014c       0x14 C:/ST/STM32CubeIDE_1.16.1/STM32CubeIDE/plugins/com.st.stm32cube.ide.mcu.externaltools.gnu-tools-for-stm32.12.3.rel1.win32_1.0.200.202406191623/tools/bin/../lib/gcc/arm-none-eabi/12.3.1/../../../../arm-none-eabi/lib/thumb/v7-m/nofp\libc_nano.a(libc_a-strcmp.o)
                0x0800014c                strcmp
 *(.text*)
 .text.CLCD_Delay
                0x08000160       0x1a ./Core/Src/CLCD_I2C.o
 .text.CLCD_WriteI2C
                0x0800017a       0xae ./Core/Src/CLCD_I2C.o
 .text.CLCD_I2C_Init
                0x08000228       0xe0 ./Core/Src/CLCD_I2C.o
                0x08000228                CLCD_I2C_Init
 .text.CLCD_I2C_SetCursor
                0x08000308       0x86 ./Core/Src/CLCD_I2C.o
                0x08000308                CLCD_I2C_SetCursor
 .text.CLCD_I2C_WriteChar
                0x0800038e       0x20 ./Core/Src/CLCD_I2C.o
                0x0800038e                CLCD_I2C_WriteChar
 .text.CLCD_I2C_WriteString
                0x080003ae       0x2e ./Core/Src/CLCD_I2C.o
                0x080003ae                CLCD_I2C_WriteString
 .text.CLCD_I2C_Clear
                0x080003dc       0x20 ./Core/Src/CLCD_I2C.o
                0x080003dc                CLCD_I2C_Clear
 .text.CLCD_I2C_Display
                0x080003fc       0x3e ./Core/Src/CLCD_I2C.o
                0x080003fc                CLCD_I2C_Display
 *fill*         0x0800043a        0x2 
 .text.KeyPad_Init
                0x0800043c       0xc4 ./Core/Src/KeyPad.o
                0x0800043c                KeyPad_Init
 .text.KeyPad_Scan
                0x08000500      0x138 ./Core/Src/KeyPad.o
                0x08000500                KeyPad_Scan
 .text.KeyPad_WaitForKey
                0x08000638       0x78 ./Core/Src/KeyPad.o
                0x08000638                KeyPad_WaitForKey
 .text.KeyPad_WaitForKeyGetChar
                0x080006b0      0x164 ./Core/Src/KeyPad.o
                0x080006b0                KeyPad_WaitForKeyGetChar
 .text.USART_SendByte
                0x08000814       0x24 ./Core/Src/fingerprint.o
                0x08000814                USART_SendByte
 .text.receive_finger
                0x08000838       0x40 ./Core/Src/fingerprint.o
                0x08000838                receive_finger
 .text.receive_finger_match
                0x08000878       0x38 ./Core/Src/fingerprint.o
                0x08000878                receive_finger_match
 .text.receive_finger_search
                0x080008b0       0x40 ./Core/Src/fingerprint.o
                0x080008b0                receive_finger_search
 .text.collect_finger
                0x080008f0       0x58 ./Core/Src/fingerprint.o
                0x080008f0                collect_finger
 .text.img2tz   0x08000948       0x78 ./Core/Src/fingerprint.o
                0x08000948                img2tz
 .text.match    0x080009c0       0x58 ./Core/Src/fingerprint.o
                0x080009c0                match
 .text.regmodel
                0x08000a18       0x58 ./Core/Src/fingerprint.o
                0x08000a18                regmodel
 .text.store    0x08000a70       0x7e ./Core/Src/fingerprint.o
                0x08000a70                store
 .text.search   0x08000aee       0x76 ./Core/Src/fingerprint.o
                0x08000aee                search
 .text.del      0x08000b64       0x84 ./Core/Src/fingerprint.o
                0x08000b64                del
 .text.delete_finger
                0x08000be8       0x1e ./Core/Src/fingerprint.o
                0x08000be8                delete_finger
 .text.Flash_Erase
                0x08000c06       0x38 ./Core/Src/flash.o
                0x08000c06                Flash_Erase
 .text.Flash_Write_2Byte
                0x08000c3e       0x30 ./Core/Src/flash.o
                0x08000c3e                Flash_Write_2Byte
 .text.Flash_Write_Array
                0x08000c6e       0x46 ./Core/Src/flash.o
                0x08000c6e                Flash_Write_Array
 .text.Flash_Read_Byte
                0x08000cb4       0x18 ./Core/Src/flash.o
                0x08000cb4                Flash_Read_Byte
 .text.Flash_Read_2Byte
                0x08000ccc       0x18 ./Core/Src/flash.o
                0x08000ccc                Flash_Read_2Byte
 .text.Flash_Read_8Byte
                0x08000ce4       0x1a ./Core/Src/flash.o
                0x08000ce4                Flash_Read_8Byte
 .text.Flash_Read_Array
                0x08000cfe       0x42 ./Core/Src/flash.o
                0x08000cfe                Flash_Read_Array
 .text.HAL_TIM_PeriodElapsedCallback
                0x08000d40       0x34 ./Core/Src/main.o
                0x08000d40                HAL_TIM_PeriodElapsedCallback
 .text.check_fingerprint_status
                0x08000d74       0x28 ./Core/Src/main.o
                0x08000d74                check_fingerprint_status
 .text.process_fingerprint
                0x08000d9c       0x20 ./Core/Src/main.o
                0x08000d9c                process_fingerprint
 .text.main     0x08000dbc      0x320 ./Core/Src/main.o
                0x08000dbc                main
 .text.SystemClock_Config
                0x080010dc       0xb6 ./Core/Src/main.o
                0x080010dc                SystemClock_Config
 *fill*         0x08001192        0x2 
 .text.MX_I2C2_Init
                0x08001194       0x5c ./Core/Src/main.o
 .text.MX_SPI1_Init
                0x080011f0       0x6c ./Core/Src/main.o
 .text.MX_TIM2_Init
                0x0800125c       0x9c ./Core/Src/main.o
 .text.MX_USART1_UART_Init
                0x080012f8       0x54 ./Core/Src/main.o
 .text.MX_GPIO_Init
                0x0800134c      0x15c ./Core/Src/main.o
 .text.RFID     0x080014a8      0xde4 ./Core/Src/main.o
                0x080014a8                RFID
 .text.FACEID   0x0800228c      0x708 ./Core/Src/main.o
                0x0800228c                FACEID
 .text.FINGER   0x08002994      0x114 ./Core/Src/main.o
                0x08002994                FINGER
 .text.PASSWORD
                0x08002aa8       0xe4 ./Core/Src/main.o
                0x08002aa8                PASSWORD
 .text.CheckUID
                0x08002b8c       0x58 ./Core/Src/main.o
                0x08002b8c                CheckUID
 .text.CheckListUID
                0x08002be4       0x60 ./Core/Src/main.o
                0x08002be4                CheckListUID
 .text.checkcountUID
                0x08002c44       0x64 ./Core/Src/main.o
                0x08002c44                checkcountUID
 .text.adduid   0x08002ca8       0xe0 ./Core/Src/main.o
                0x08002ca8                adduid
 .text.checkthe
                0x08002d88      0x15c ./Core/Src/main.o
                0x08002d88                checkthe
 .text.CheckKey
                0x08002ee4       0x5c ./Core/Src/main.o
                0x08002ee4                CheckKey
 .text.removeuid
                0x08002f40       0x1c ./Core/Src/main.o
                0x08002f40                removeuid
 .text.startadd
                0x08002f5c       0xa8 ./Core/Src/main.o
                0x08002f5c                startadd
 .text.setaddress
                0x08003004       0x38 ./Core/Src/main.o
                0x08003004                setaddress
 .text.remoall  0x0800303c       0x4c ./Core/Src/main.o
                0x0800303c                remoall
 .text.add_finger
                0x08003088      0x274 ./Core/Src/main.o
                0x08003088                add_finger
 .text.read_finger
                0x080032fc      0x114 ./Core/Src/main.o
                0x080032fc                read_finger
 .text.startface
                0x08003410       0x70 ./Core/Src/main.o
                0x08003410                startface
 .text.addface  0x08003480       0xb8 ./Core/Src/main.o
                0x08003480                addface
 .text.removeface
                0x08003538       0xb4 ./Core/Src/main.o
                0x08003538                removeface
 .text.checkfaceid
                0x080035ec       0x78 ./Core/Src/main.o
                0x080035ec                checkfaceid
 .text.enter_password
                0x08003664       0x5c ./Core/Src/main.o
                0x08003664                enter_password
 .text.change_password
                0x080036c0       0x74 ./Core/Src/main.o
                0x080036c0                change_password
 .text.check_password
                0x08003734       0x50 ./Core/Src/main.o
                0x08003734                check_password
 .text.set_default_password
                0x08003784       0x60 ./Core/Src/main.o
                0x08003784                set_default_password
 .text.remove_id_finger
                0x080037e4       0xe4 ./Core/Src/main.o
                0x080037e4                remove_id_finger
 .text.remove_all_finger
                0x080038c8       0xa4 ./Core/Src/main.o
                0x080038c8                remove_all_finger
 .text.reset_fingerprint_module
                0x0800396c        0xc ./Core/Src/main.o
                0x0800396c                reset_fingerprint_module
 .text.Error_Handler
                0x08003978        0xc ./Core/Src/main.o
                0x08003978                Error_Handler
 .text.TM_SPI_Send
                0x08003984       0x50 ./Core/Src/rc522.o
                0x08003984                TM_SPI_Send
 .text.TM_MFRC522_Init
                0x080039d4       0x48 ./Core/Src/rc522.o
                0x080039d4                TM_MFRC522_Init
 .text.TM_MFRC522_Check
                0x08003a1c       0x32 ./Core/Src/rc522.o
                0x08003a1c                TM_MFRC522_Check
 *fill*         0x08003a4e        0x2 
 .text.TM_MFRC522_WriteRegister
                0x08003a50       0x4c ./Core/Src/rc522.o
                0x08003a50                TM_MFRC522_WriteRegister
 .text.TM_MFRC522_ReadRegister
                0x08003a9c       0x50 ./Core/Src/rc522.o
                0x08003a9c                TM_MFRC522_ReadRegister
 .text.TM_MFRC522_SetBitMask
                0x08003aec       0x34 ./Core/Src/rc522.o
                0x08003aec                TM_MFRC522_SetBitMask
 .text.TM_MFRC522_ClearBitMask
                0x08003b20       0x3c ./Core/Src/rc522.o
                0x08003b20                TM_MFRC522_ClearBitMask
 .text.TM_MFRC522_AntennaOn
                0x08003b5c       0x2a ./Core/Src/rc522.o
                0x08003b5c                TM_MFRC522_AntennaOn
 .text.TM_MFRC522_Reset
                0x08003b86       0x10 ./Core/Src/rc522.o
                0x08003b86                TM_MFRC522_Reset
 .text.TM_MFRC522_Request
                0x08003b96       0x4a ./Core/Src/rc522.o
                0x08003b96                TM_MFRC522_Request
 .text.TM_MFRC522_ToCard
                0x08003be0      0x19e ./Core/Src/rc522.o
                0x08003be0                TM_MFRC522_ToCard
 .text.TM_MFRC522_Anticoll
                0x08003d7e       0x7a ./Core/Src/rc522.o
                0x08003d7e                TM_MFRC522_Anticoll
 .text.TM_MFRC522_CalculateCRC
                0x08003df8       0x92 ./Core/Src/rc522.o
                0x08003df8                TM_MFRC522_CalculateCRC
 .text.TM_MFRC522_Halt
                0x08003e8a       0x36 ./Core/Src/rc522.o
                0x08003e8a                TM_MFRC522_Halt
 .text.HAL_MspInit
                0x08003ec0       0x64 ./Core/Src/stm32f1xx_hal_msp.o
                0x08003ec0                HAL_MspInit
 .text.HAL_I2C_MspInit
                0x08003f24       0x80 ./Core/Src/stm32f1xx_hal_msp.o
                0x08003f24                HAL_I2C_MspInit
 .text.HAL_SPI_MspInit
                0x08003fa4       0x94 ./Core/Src/stm32f1xx_hal_msp.o
                0x08003fa4                HAL_SPI_MspInit
 .text.HAL_TIM_Base_MspInit
                0x08004038       0x48 ./Core/Src/stm32f1xx_hal_msp.o
                0x08004038                HAL_TIM_Base_MspInit
 .text.HAL_UART_MspInit
                0x08004080       0xb4 ./Core/Src/stm32f1xx_hal_msp.o
                0x08004080                HAL_UART_MspInit
 .text.NMI_Handler
                0x08004134        0x8 ./Core/Src/stm32f1xx_it.o
                0x08004134                NMI_Handler
 .text.HardFault_Handler
                0x0800413c        0x8 ./Core/Src/stm32f1xx_it.o
                0x0800413c                HardFault_Handler
 .text.MemManage_Handler
                0x08004144        0x8 ./Core/Src/stm32f1xx_it.o
                0x08004144                MemManage_Handler
 .text.BusFault_Handler
                0x0800414c        0x8 ./Core/Src/stm32f1xx_it.o
                0x0800414c                BusFault_Handler
 .text.UsageFault_Handler
                0x08004154        0x8 ./Core/Src/stm32f1xx_it.o
                0x08004154                UsageFault_Handler
 .text.SVC_Handler
                0x0800415c        0xc ./Core/Src/stm32f1xx_it.o
                0x0800415c                SVC_Handler
 .text.DebugMon_Handler
                0x08004168        0xc ./Core/Src/stm32f1xx_it.o
                0x08004168                DebugMon_Handler
 .text.PendSV_Handler
                0x08004174        0xc ./Core/Src/stm32f1xx_it.o
                0x08004174                PendSV_Handler
 .text.SysTick_Handler
                0x08004180        0xc ./Core/Src/stm32f1xx_it.o
                0x08004180                SysTick_Handler
 .text.USB_LP_CAN1_RX0_IRQHandler
                0x0800418c       0x14 ./Core/Src/stm32f1xx_it.o
                0x0800418c                USB_LP_CAN1_RX0_IRQHandler
 .text.EXTI9_5_IRQHandler
                0x080041a0       0x10 ./Core/Src/stm32f1xx_it.o
                0x080041a0                EXTI9_5_IRQHandler
 .text.TIM2_IRQHandler
                0x080041b0       0x14 ./Core/Src/stm32f1xx_it.o
                0x080041b0                TIM2_IRQHandler
 .text._sbrk    0x080041c4       0x6c ./Core/Src/sysmem.o
                0x080041c4                _sbrk
 .text.SystemInit
                0x08004230        0xc ./Core/Src/system_stm32f1xx.o
                0x08004230                SystemInit
 .text.Reset_Handler
                0x0800423c       0x48 ./Core/Startup/startup_stm32f103c8tx.o
                0x0800423c                Reset_Handler
 .text.Default_Handler
                0x08004284        0x2 ./Core/Startup/startup_stm32f103c8tx.o
                0x08004284                RTC_Alarm_IRQHandler
                0x08004284                EXTI2_IRQHandler
                0x08004284                TIM1_CC_IRQHandler
                0x08004284                PVD_IRQHandler
                0x08004284                EXTI3_IRQHandler
                0x08004284                EXTI0_IRQHandler
                0x08004284                I2C2_EV_IRQHandler
                0x08004284                ADC1_2_IRQHandler
                0x08004284                SPI1_IRQHandler
                0x08004284                TAMPER_IRQHandler
                0x08004284                DMA1_Channel4_IRQHandler
                0x08004284                USART3_IRQHandler
                0x08004284                RTC_IRQHandler
                0x08004284                DMA1_Channel7_IRQHandler
                0x08004284                CAN1_RX1_IRQHandler
                0x08004284                TIM4_IRQHandler
                0x08004284                I2C1_EV_IRQHandler
                0x08004284                DMA1_Channel6_IRQHandler
                0x08004284                TIM3_IRQHandler
                0x08004284                RCC_IRQHandler
                0x08004284                TIM1_TRG_COM_IRQHandler
                0x08004284                DMA1_Channel1_IRQHandler
                0x08004284                Default_Handler
                0x08004284                EXTI15_10_IRQHandler
                0x08004284                SPI2_IRQHandler
                0x08004284                DMA1_Channel5_IRQHandler
                0x08004284                EXTI4_IRQHandler
                0x08004284                USB_HP_CAN1_TX_IRQHandler
                0x08004284                DMA1_Channel3_IRQHandler
                0x08004284                TIM1_UP_IRQHandler
                0x08004284                WWDG_IRQHandler
                0x08004284                TIM1_BRK_IRQHandler
                0x08004284                EXTI1_IRQHandler
                0x08004284                USART2_IRQHandler
                0x08004284                I2C2_ER_IRQHandler
                0x08004284                DMA1_Channel2_IRQHandler
                0x08004284                CAN1_SCE_IRQHandler
                0x08004284                FLASH_IRQHandler
                0x08004284                USART1_IRQHandler
                0x08004284                I2C1_ER_IRQHandler
                0x08004284                USBWakeUp_IRQHandler
 *fill*         0x08004286        0x2 
 .text.HAL_Init
                0x08004288       0x2c ./Drivers/STM32F1xx_HAL_Driver/Src/stm32f1xx_hal.o
                0x08004288                HAL_Init
 .text.HAL_InitTick
                0x080042b4       0x60 ./Drivers/STM32F1xx_HAL_Driver/Src/stm32f1xx_hal.o
                0x080042b4                HAL_InitTick
 .text.HAL_IncTick
                0x08004314       0x24 ./Drivers/STM32F1xx_HAL_Driver/Src/stm32f1xx_hal.o
                0x08004314                HAL_IncTick
 .text.HAL_GetTick
                0x08004338       0x14 ./Drivers/STM32F1xx_HAL_Driver/Src/stm32f1xx_hal.o
                0x08004338                HAL_GetTick
 .text.HAL_Delay
                0x0800434c       0x48 ./Drivers/STM32F1xx_HAL_Driver/Src/stm32f1xx_hal.o
                0x0800434c                HAL_Delay
 .text.__NVIC_SetPriorityGrouping
                0x08004394       0x48 ./Drivers/STM32F1xx_HAL_Driver/Src/stm32f1xx_hal_cortex.o
 .text.__NVIC_GetPriorityGrouping
                0x080043dc       0x1c ./Drivers/STM32F1xx_HAL_Driver/Src/stm32f1xx_hal_cortex.o
 .text.__NVIC_EnableIRQ
                0x080043f8       0x38 ./Drivers/STM32F1xx_HAL_Driver/Src/stm32f1xx_hal_cortex.o
 .text.__NVIC_SetPriority
                0x08004430       0x54 ./Drivers/STM32F1xx_HAL_Driver/Src/stm32f1xx_hal_cortex.o
 .text.NVIC_EncodePriority
                0x08004484       0x64 ./Drivers/STM32F1xx_HAL_Driver/Src/stm32f1xx_hal_cortex.o
 .text.SysTick_Config
                0x080044e8       0x44 ./Drivers/STM32F1xx_HAL_Driver/Src/stm32f1xx_hal_cortex.o
 .text.HAL_NVIC_SetPriorityGrouping
                0x0800452c       0x16 ./Drivers/STM32F1xx_HAL_Driver/Src/stm32f1xx_hal_cortex.o
                0x0800452c                HAL_NVIC_SetPriorityGrouping
 .text.HAL_NVIC_SetPriority
                0x08004542       0x38 ./Drivers/STM32F1xx_HAL_Driver/Src/stm32f1xx_hal_cortex.o
                0x08004542                HAL_NVIC_SetPriority
 .text.HAL_NVIC_EnableIRQ
                0x0800457a       0x1c ./Drivers/STM32F1xx_HAL_Driver/Src/stm32f1xx_hal_cortex.o
                0x0800457a                HAL_NVIC_EnableIRQ
 .text.HAL_SYSTICK_Config
                0x08004596       0x18 ./Drivers/STM32F1xx_HAL_Driver/Src/stm32f1xx_hal_cortex.o
                0x08004596                HAL_SYSTICK_Config
 *fill*         0x080045ae        0x2 
 .text.HAL_FLASH_Program
                0x080045b0       0xe0 ./Drivers/STM32F1xx_HAL_Driver/Src/stm32f1xx_hal_flash.o
                0x080045b0                HAL_FLASH_Program
 .text.HAL_FLASH_Unlock
                0x08004690       0x4c ./Drivers/STM32F1xx_HAL_Driver/Src/stm32f1xx_hal_flash.o
                0x08004690                HAL_FLASH_Unlock
 .text.HAL_FLASH_Lock
                0x080046dc       0x20 ./Drivers/STM32F1xx_HAL_Driver/Src/stm32f1xx_hal_flash.o
                0x080046dc                HAL_FLASH_Lock
 .text.FLASH_Program_HalfWord
                0x080046fc       0x38 ./Drivers/STM32F1xx_HAL_Driver/Src/stm32f1xx_hal_flash.o
 .text.FLASH_WaitForLastOperation
                0x08004734       0x8c ./Drivers/STM32F1xx_HAL_Driver/Src/stm32f1xx_hal_flash.o
                0x08004734                FLASH_WaitForLastOperation
 .text.FLASH_SetErrorCode
                0x080047c0       0xa0 ./Drivers/STM32F1xx_HAL_Driver/Src/stm32f1xx_hal_flash.o
 .text.HAL_FLASHEx_Erase
                0x08004860       0xd8 ./Drivers/STM32F1xx_HAL_Driver/Src/stm32f1xx_hal_flash_ex.o
                0x08004860                HAL_FLASHEx_Erase
 .text.FLASH_MassErase
                0x08004938       0x38 ./Drivers/STM32F1xx_HAL_Driver/Src/stm32f1xx_hal_flash_ex.o
 .text.FLASH_PageErase
                0x08004970       0x40 ./Drivers/STM32F1xx_HAL_Driver/Src/stm32f1xx_hal_flash_ex.o
                0x08004970                FLASH_PageErase
 .text.HAL_GPIO_Init
                0x080049b0      0x308 ./Drivers/STM32F1xx_HAL_Driver/Src/stm32f1xx_hal_gpio.o
                0x080049b0                HAL_GPIO_Init
 .text.HAL_GPIO_ReadPin
                0x08004cb8       0x2e ./Drivers/STM32F1xx_HAL_Driver/Src/stm32f1xx_hal_gpio.o
                0x08004cb8                HAL_GPIO_ReadPin
 .text.HAL_GPIO_WritePin
                0x08004ce6       0x30 ./Drivers/STM32F1xx_HAL_Driver/Src/stm32f1xx_hal_gpio.o
                0x08004ce6                HAL_GPIO_WritePin
 *fill*         0x08004d16        0x2 
 .text.HAL_GPIO_EXTI_IRQHandler
                0x08004d18       0x30 ./Drivers/STM32F1xx_HAL_Driver/Src/stm32f1xx_hal_gpio.o
                0x08004d18                HAL_GPIO_EXTI_IRQHandler
 .text.HAL_GPIO_EXTI_Callback
                0x08004d48       0x14 ./Drivers/STM32F1xx_HAL_Driver/Src/stm32f1xx_hal_gpio.o
                0x08004d48                HAL_GPIO_EXTI_Callback
 .text.HAL_I2C_Init
                0x08004d5c      0x288 ./Drivers/STM32F1xx_HAL_Driver/Src/stm32f1xx_hal_i2c.o
                0x08004d5c                HAL_I2C_Init
 .text.HAL_I2C_Master_Transmit
                0x08004fe4      0x1fc ./Drivers/STM32F1xx_HAL_Driver/Src/stm32f1xx_hal_i2c.o
                0x08004fe4                HAL_I2C_Master_Transmit
 .text.I2C_MasterRequestWrite
                0x080051e0      0x104 ./Drivers/STM32F1xx_HAL_Driver/Src/stm32f1xx_hal_i2c.o
 .text.I2C_WaitOnFlagUntilTimeout
                0x080052e4       0xae ./Drivers/STM32F1xx_HAL_Driver/Src/stm32f1xx_hal_i2c.o
 .text.I2C_WaitOnMasterAddressFlagUntilTimeout
                0x08005392       0xfe ./Drivers/STM32F1xx_HAL_Driver/Src/stm32f1xx_hal_i2c.o
 .text.I2C_WaitOnTXEFlagUntilTimeout
                0x08005490       0x82 ./Drivers/STM32F1xx_HAL_Driver/Src/stm32f1xx_hal_i2c.o
 .text.I2C_WaitOnBTFFlagUntilTimeout
                0x08005512       0x82 ./Drivers/STM32F1xx_HAL_Driver/Src/stm32f1xx_hal_i2c.o
 .text.I2C_IsAcknowledgeFailed
                0x08005594       0x5c ./Drivers/STM32F1xx_HAL_Driver/Src/stm32f1xx_hal_i2c.o
 .text.HAL_PCD_Init
                0x080055f0      0x216 ./Drivers/STM32F1xx_HAL_Driver/Src/stm32f1xx_hal_pcd.o
                0x080055f0                HAL_PCD_Init
 .text.HAL_PCD_Start
                0x08005806       0x4c ./Drivers/STM32F1xx_HAL_Driver/Src/stm32f1xx_hal_pcd.o
                0x08005806                HAL_PCD_Start
 .text.HAL_PCD_IRQHandler
                0x08005852      0x2a6 ./Drivers/STM32F1xx_HAL_Driver/Src/stm32f1xx_hal_pcd.o
                0x08005852                HAL_PCD_IRQHandler
 .text.HAL_PCD_SetAddress
                0x08005af8       0x4a ./Drivers/STM32F1xx_HAL_Driver/Src/stm32f1xx_hal_pcd.o
                0x08005af8                HAL_PCD_SetAddress
 .text.HAL_PCD_EP_Open
                0x08005b42       0xcc ./Drivers/STM32F1xx_HAL_Driver/Src/stm32f1xx_hal_pcd.o
                0x08005b42                HAL_PCD_EP_Open
 .text.HAL_PCD_EP_Close
                0x08005c0e       0x90 ./Drivers/STM32F1xx_HAL_Driver/Src/stm32f1xx_hal_pcd.o
                0x08005c0e                HAL_PCD_EP_Close
 .text.HAL_PCD_EP_Receive
                0x08005c9e       0x7a ./Drivers/STM32F1xx_HAL_Driver/Src/stm32f1xx_hal_pcd.o
                0x08005c9e                HAL_PCD_EP_Receive
 .text.HAL_PCD_EP_GetRxCount
                0x08005d18       0x2e ./Drivers/STM32F1xx_HAL_Driver/Src/stm32f1xx_hal_pcd.o
                0x08005d18                HAL_PCD_EP_GetRxCount
 .text.HAL_PCD_EP_Transmit
                0x08005d46       0x86 ./Drivers/STM32F1xx_HAL_Driver/Src/stm32f1xx_hal_pcd.o
                0x08005d46                HAL_PCD_EP_Transmit
 .text.HAL_PCD_EP_SetStall
                0x08005dcc       0xc0 ./Drivers/STM32F1xx_HAL_Driver/Src/stm32f1xx_hal_pcd.o
                0x08005dcc                HAL_PCD_EP_SetStall
 .text.HAL_PCD_EP_ClrStall
                0x08005e8c       0xa8 ./Drivers/STM32F1xx_HAL_Driver/Src/stm32f1xx_hal_pcd.o
                0x08005e8c                HAL_PCD_EP_ClrStall
 .text.PCD_EP_ISR_Handler
                0x08005f34      0x5e4 ./Drivers/STM32F1xx_HAL_Driver/Src/stm32f1xx_hal_pcd.o
 .text.HAL_PCD_EP_DB_Receive
                0x08006518      0x21a ./Drivers/STM32F1xx_HAL_Driver/Src/stm32f1xx_hal_pcd.o
 .text.HAL_PCD_EP_DB_Transmit
                0x08006732      0x556 ./Drivers/STM32F1xx_HAL_Driver/Src/stm32f1xx_hal_pcd.o
 .text.HAL_PCDEx_PMAConfig
                0x08006c88       0x84 ./Drivers/STM32F1xx_HAL_Driver/Src/stm32f1xx_hal_pcd_ex.o
                0x08006c88                HAL_PCDEx_PMAConfig
 .text.HAL_RCC_OscConfig
                0x08006d0c      0x504 ./Drivers/STM32F1xx_HAL_Driver/Src/stm32f1xx_hal_rcc.o
                0x08006d0c                HAL_RCC_OscConfig
 .text.HAL_RCC_ClockConfig
                0x08007210      0x1d4 ./Drivers/STM32F1xx_HAL_Driver/Src/stm32f1xx_hal_rcc.o
                0x08007210                HAL_RCC_ClockConfig
 .text.HAL_RCC_GetSysClockFreq
                0x080073e4       0xbc ./Drivers/STM32F1xx_HAL_Driver/Src/stm32f1xx_hal_rcc.o
                0x080073e4                HAL_RCC_GetSysClockFreq
 .text.HAL_RCC_GetHCLKFreq
                0x080074a0       0x14 ./Drivers/STM32F1xx_HAL_Driver/Src/stm32f1xx_hal_rcc.o
                0x080074a0                HAL_RCC_GetHCLKFreq
 .text.HAL_RCC_GetPCLK1Freq
                0x080074b4       0x28 ./Drivers/STM32F1xx_HAL_Driver/Src/stm32f1xx_hal_rcc.o
                0x080074b4                HAL_RCC_GetPCLK1Freq
 .text.HAL_RCC_GetPCLK2Freq
                0x080074dc       0x28 ./Drivers/STM32F1xx_HAL_Driver/Src/stm32f1xx_hal_rcc.o
                0x080074dc                HAL_RCC_GetPCLK2Freq
 .text.RCC_Delay
                0x08007504       0x3c ./Drivers/STM32F1xx_HAL_Driver/Src/stm32f1xx_hal_rcc.o
 .text.HAL_RCCEx_PeriphCLKConfig
                0x08007540      0x16c ./Drivers/STM32F1xx_HAL_Driver/Src/stm32f1xx_hal_rcc_ex.o
                0x08007540                HAL_RCCEx_PeriphCLKConfig
 .text.HAL_SPI_Init
                0x080076ac      0x108 ./Drivers/STM32F1xx_HAL_Driver/Src/stm32f1xx_hal_spi.o
                0x080076ac                HAL_SPI_Init
 .text.HAL_SPI_TransmitReceive
                0x080077b4      0x344 ./Drivers/STM32F1xx_HAL_Driver/Src/stm32f1xx_hal_spi.o
                0x080077b4                HAL_SPI_TransmitReceive
 .text.SPI_WaitFlagStateUntilTimeout
                0x08007af8      0x110 ./Drivers/STM32F1xx_HAL_Driver/Src/stm32f1xx_hal_spi.o
 .text.SPI_EndRxTxTransaction
                0x08007c08       0x3c ./Drivers/STM32F1xx_HAL_Driver/Src/stm32f1xx_hal_spi.o
 .text.HAL_TIM_Base_Init
                0x08007c44       0x9e ./Drivers/STM32F1xx_HAL_Driver/Src/stm32f1xx_hal_tim.o
                0x08007c44                HAL_TIM_Base_Init
 *fill*         0x08007ce2        0x2 
 .text.HAL_TIM_Base_Start_IT
                0x08007ce4       0xa4 ./Drivers/STM32F1xx_HAL_Driver/Src/stm32f1xx_hal_tim.o
                0x08007ce4                HAL_TIM_Base_Start_IT
 .text.HAL_TIM_IRQHandler
                0x08007d88      0x210 ./Drivers/STM32F1xx_HAL_Driver/Src/stm32f1xx_hal_tim.o
                0x08007d88                HAL_TIM_IRQHandler
 .text.HAL_TIM_ConfigClockSource
                0x08007f98      0x188 ./Drivers/STM32F1xx_HAL_Driver/Src/stm32f1xx_hal_tim.o
                0x08007f98                HAL_TIM_ConfigClockSource
 .text.HAL_TIM_OC_DelayElapsedCallback
                0x08008120       0x12 ./Drivers/STM32F1xx_HAL_Driver/Src/stm32f1xx_hal_tim.o
                0x08008120                HAL_TIM_OC_DelayElapsedCallback
 .text.HAL_TIM_IC_CaptureCallback
                0x08008132       0x12 ./Drivers/STM32F1xx_HAL_Driver/Src/stm32f1xx_hal_tim.o
                0x08008132                HAL_TIM_IC_CaptureCallback
 .text.HAL_TIM_PWM_PulseFinishedCallback
                0x08008144       0x12 ./Drivers/STM32F1xx_HAL_Driver/Src/stm32f1xx_hal_tim.o
                0x08008144                HAL_TIM_PWM_PulseFinishedCallback
 .text.HAL_TIM_TriggerCallback
                0x08008156       0x12 ./Drivers/STM32F1xx_HAL_Driver/Src/stm32f1xx_hal_tim.o
                0x08008156                HAL_TIM_TriggerCallback
 .text.TIM_Base_SetConfig
                0x08008168       0xc4 ./Drivers/STM32F1xx_HAL_Driver/Src/stm32f1xx_hal_tim.o
                0x08008168                TIM_Base_SetConfig
 .text.TIM_TI1_ConfigInputStage
                0x0800822c       0x5c ./Drivers/STM32F1xx_HAL_Driver/Src/stm32f1xx_hal_tim.o
 .text.TIM_TI2_ConfigInputStage
                0x08008288       0x5e ./Drivers/STM32F1xx_HAL_Driver/Src/stm32f1xx_hal_tim.o
 .text.TIM_ITRx_SetConfig
                0x080082e6       0x34 ./Drivers/STM32F1xx_HAL_Driver/Src/stm32f1xx_hal_tim.o
 .text.TIM_ETR_SetConfig
                0x0800831a       0x3e ./Drivers/STM32F1xx_HAL_Driver/Src/stm32f1xx_hal_tim.o
                0x0800831a                TIM_ETR_SetConfig
 .text.HAL_TIMEx_MasterConfigSynchronization
                0x08008358       0xbc ./Drivers/STM32F1xx_HAL_Driver/Src/stm32f1xx_hal_tim_ex.o
                0x08008358                HAL_TIMEx_MasterConfigSynchronization
 .text.HAL_TIMEx_CommutCallback
                0x08008414       0x12 ./Drivers/STM32F1xx_HAL_Driver/Src/stm32f1xx_hal_tim_ex.o
                0x08008414                HAL_TIMEx_CommutCallback
 .text.HAL_TIMEx_BreakCallback
                0x08008426       0x12 ./Drivers/STM32F1xx_HAL_Driver/Src/stm32f1xx_hal_tim_ex.o
                0x08008426                HAL_TIMEx_BreakCallback
 .text.HAL_UART_Init
                0x08008438       0x9a ./Drivers/STM32F1xx_HAL_Driver/Src/stm32f1xx_hal_uart.o
                0x08008438                HAL_UART_Init
 .text.HAL_UART_Transmit
                0x080084d2      0x124 ./Drivers/STM32F1xx_HAL_Driver/Src/stm32f1xx_hal_uart.o
                0x080084d2                HAL_UART_Transmit
 .text.HAL_UART_Receive
                0x080085f6      0x13e ./Drivers/STM32F1xx_HAL_Driver/Src/stm32f1xx_hal_uart.o
                0x080085f6                HAL_UART_Receive
 .text.UART_WaitOnFlagUntilTimeout
                0x08008734       0x94 ./Drivers/STM32F1xx_HAL_Driver/Src/stm32f1xx_hal_uart.o
 .text.UART_SetConfig
                0x080087c8      0x11c ./Drivers/STM32F1xx_HAL_Driver/Src/stm32f1xx_hal_uart.o
 .text.USB_CoreInit
                0x080088e4       0x20 ./Drivers/STM32F1xx_HAL_Driver/Src/stm32f1xx_ll_usb.o
                0x080088e4                USB_CoreInit
 .text.USB_EnableGlobalInt
                0x08008904       0x2c ./Drivers/STM32F1xx_HAL_Driver/Src/stm32f1xx_ll_usb.o
                0x08008904                USB_EnableGlobalInt
 .text.USB_DisableGlobalInt
                0x08008930       0x34 ./Drivers/STM32F1xx_HAL_Driver/Src/stm32f1xx_ll_usb.o
                0x08008930                USB_DisableGlobalInt
 .text.USB_SetCurrentMode
                0x08008964       0x18 ./Drivers/STM32F1xx_HAL_Driver/Src/stm32f1xx_ll_usb.o
                0x08008964                USB_SetCurrentMode
 .text.USB_DevInit
                0x0800897c       0x40 ./Drivers/STM32F1xx_HAL_Driver/Src/stm32f1xx_ll_usb.o
                0x0800897c                USB_DevInit
 .text.USB_ActivateEndpoint
                0x080089bc      0x6d4 ./Drivers/STM32F1xx_HAL_Driver/Src/stm32f1xx_ll_usb.o
                0x080089bc                USB_ActivateEndpoint
 .text.USB_DeactivateEndpoint
                0x08009090      0x3d8 ./Drivers/STM32F1xx_HAL_Driver/Src/stm32f1xx_ll_usb.o
                0x08009090                USB_DeactivateEndpoint
 .text.USB_EPStartXfer
                0x08009468     0x174e ./Drivers/STM32F1xx_HAL_Driver/Src/stm32f1xx_ll_usb.o
                0x08009468                USB_EPStartXfer
 .text.USB_EPSetStall
                0x0800abb6       0xa0 ./Drivers/STM32F1xx_HAL_Driver/Src/stm32f1xx_ll_usb.o
                0x0800abb6                USB_EPSetStall
 .text.USB_EPClearStall
                0x0800ac56      0x15a ./Drivers/STM32F1xx_HAL_Driver/Src/stm32f1xx_ll_usb.o
                0x0800ac56                USB_EPClearStall
 .text.USB_SetDevAddress
                0x0800adb0       0x26 ./Drivers/STM32F1xx_HAL_Driver/Src/stm32f1xx_ll_usb.o
                0x0800adb0                USB_SetDevAddress
 .text.USB_DevConnect
                0x0800add6       0x14 ./Drivers/STM32F1xx_HAL_Driver/Src/stm32f1xx_ll_usb.o
                0x0800add6                USB_DevConnect
 .text.USB_DevDisconnect
                0x0800adea       0x14 ./Drivers/STM32F1xx_HAL_Driver/Src/stm32f1xx_ll_usb.o
                0x0800adea                USB_DevDisconnect
 .text.USB_ReadInterrupts
                0x0800adfe       0x1e ./Drivers/STM32F1xx_HAL_Driver/Src/stm32f1xx_ll_usb.o
                0x0800adfe                USB_ReadInterrupts
 .text.USB_EP0_OutStart
                0x0800ae1c       0x16 ./Drivers/STM32F1xx_HAL_Driver/Src/stm32f1xx_ll_usb.o
                0x0800ae1c                USB_EP0_OutStart
 .text.USB_WritePMA
                0x0800ae32       0x88 ./Drivers/STM32F1xx_HAL_Driver/Src/stm32f1xx_ll_usb.o
                0x0800ae32                USB_WritePMA
 .text.USB_ReadPMA
                0x0800aeba       0x9e ./Drivers/STM32F1xx_HAL_Driver/Src/stm32f1xx_ll_usb.o
                0x0800aeba                USB_ReadPMA
 .text.USBD_CDC_Init
                0x0800af58       0xf4 ./Middlewares/ST/STM32_USB_Device_Library/Class/CDC/Src/usbd_cdc.o
 .text.USBD_CDC_DeInit
                0x0800b04c       0x6e ./Middlewares/ST/STM32_USB_Device_Library/Class/CDC/Src/usbd_cdc.o
 .text.USBD_CDC_Setup
                0x0800b0ba      0x146 ./Middlewares/ST/STM32_USB_Device_Library/Class/CDC/Src/usbd_cdc.o
 .text.USBD_CDC_DataIn
                0x0800b200       0xa6 ./Middlewares/ST/STM32_USB_Device_Library/Class/CDC/Src/usbd_cdc.o
 .text.USBD_CDC_DataOut
                0x0800b2a6       0x56 ./Middlewares/ST/STM32_USB_Device_Library/Class/CDC/Src/usbd_cdc.o
 .text.USBD_CDC_EP0_RxReady
                0x0800b2fc       0x4e ./Middlewares/ST/STM32_USB_Device_Library/Class/CDC/Src/usbd_cdc.o
 *fill*         0x0800b34a        0x2 
 .text.USBD_CDC_GetFSCfgDesc
                0x0800b34c       0x20 ./Middlewares/ST/STM32_USB_Device_Library/Class/CDC/Src/usbd_cdc.o
 .text.USBD_CDC_GetHSCfgDesc
                0x0800b36c       0x20 ./Middlewares/ST/STM32_USB_Device_Library/Class/CDC/Src/usbd_cdc.o
 .text.USBD_CDC_GetOtherSpeedCfgDesc
                0x0800b38c       0x20 ./Middlewares/ST/STM32_USB_Device_Library/Class/CDC/Src/usbd_cdc.o
 .text.USBD_CDC_GetDeviceQualifierDescriptor
                0x0800b3ac       0x20 ./Middlewares/ST/STM32_USB_Device_Library/Class/CDC/Src/usbd_cdc.o
                0x0800b3ac                USBD_CDC_GetDeviceQualifierDescriptor
 .text.USBD_CDC_RegisterInterface
                0x0800b3cc       0x2c ./Middlewares/ST/STM32_USB_Device_Library/Class/CDC/Src/usbd_cdc.o
                0x0800b3cc                USBD_CDC_RegisterInterface
 .text.USBD_CDC_SetTxBuffer
                0x0800b3f8       0x32 ./Middlewares/ST/STM32_USB_Device_Library/Class/CDC/Src/usbd_cdc.o
                0x0800b3f8                USBD_CDC_SetTxBuffer
 .text.USBD_CDC_SetRxBuffer
                0x0800b42a       0x26 ./Middlewares/ST/STM32_USB_Device_Library/Class/CDC/Src/usbd_cdc.o
                0x0800b42a                USBD_CDC_SetRxBuffer
 .text.USBD_CDC_TransmitPacket
                0x0800b450       0x5e ./Middlewares/ST/STM32_USB_Device_Library/Class/CDC/Src/usbd_cdc.o
                0x0800b450                USBD_CDC_TransmitPacket
 .text.USBD_CDC_ReceivePacket
                0x0800b4ae       0x54 ./Middlewares/ST/STM32_USB_Device_Library/Class/CDC/Src/usbd_cdc.o
                0x0800b4ae                USBD_CDC_ReceivePacket
 .text.USBD_Init
                0x0800b502       0x56 ./Middlewares/ST/STM32_USB_Device_Library/Core/Src/usbd_core.o
                0x0800b502                USBD_Init
 .text.USBD_RegisterClass
                0x0800b558       0x32 ./Middlewares/ST/STM32_USB_Device_Library/Core/Src/usbd_core.o
                0x0800b558                USBD_RegisterClass
 .text.USBD_Start
                0x0800b58a       0x18 ./Middlewares/ST/STM32_USB_Device_Library/Core/Src/usbd_core.o
                0x0800b58a                USBD_Start
 .text.USBD_RunTestMode
                0x0800b5a2       0x14 ./Middlewares/ST/STM32_USB_Device_Library/Core/Src/usbd_core.o
                0x0800b5a2                USBD_RunTestMode
 .text.USBD_SetClassConfig
                0x0800b5b6       0x3e ./Middlewares/ST/STM32_USB_Device_Library/Core/Src/usbd_core.o
                0x0800b5b6                USBD_SetClassConfig
 .text.USBD_ClrClassConfig
                0x0800b5f4       0x26 ./Middlewares/ST/STM32_USB_Device_Library/Core/Src/usbd_core.o
                0x0800b5f4                USBD_ClrClassConfig
 .text.USBD_LL_SetupStage
                0x0800b61a       0x9a ./Middlewares/ST/STM32_USB_Device_Library/Core/Src/usbd_core.o
                0x0800b61a                USBD_LL_SetupStage
 .text.USBD_LL_DataOutStage
                0x0800b6b4       0xe2 ./Middlewares/ST/STM32_USB_Device_Library/Core/Src/usbd_core.o
                0x0800b6b4                USBD_LL_DataOutStage
 .text.USBD_LL_DataInStage
                0x0800b796      0x14a ./Middlewares/ST/STM32_USB_Device_Library/Core/Src/usbd_core.o
                0x0800b796                USBD_LL_DataInStage
 .text.USBD_LL_Reset
                0x0800b8e0       0x82 ./Middlewares/ST/STM32_USB_Device_Library/Core/Src/usbd_core.o
                0x0800b8e0                USBD_LL_Reset
 .text.USBD_LL_SetSpeed
                0x0800b962       0x1e ./Middlewares/ST/STM32_USB_Device_Library/Core/Src/usbd_core.o
                0x0800b962                USBD_LL_SetSpeed
 .text.USBD_LL_Suspend
                0x0800b980       0x28 ./Middlewares/ST/STM32_USB_Device_Library/Core/Src/usbd_core.o
                0x0800b980                USBD_LL_Suspend
 .text.USBD_LL_Resume
                0x0800b9a8       0x2a ./Middlewares/ST/STM32_USB_Device_Library/Core/Src/usbd_core.o
                0x0800b9a8                USBD_LL_Resume
 .text.USBD_LL_SOF
                0x0800b9d2       0x34 ./Middlewares/ST/STM32_USB_Device_Library/Core/Src/usbd_core.o
                0x0800b9d2                USBD_LL_SOF
 *fill*         0x0800ba06        0x2 
 .text.USBD_StdDevReq
                0x0800ba08       0xd4 ./Middlewares/ST/STM32_USB_Device_Library/Core/Src/usbd_ctlreq.o
                0x0800ba08                USBD_StdDevReq
 .text.USBD_StdItfReq
                0x0800badc       0x90 ./Middlewares/ST/STM32_USB_Device_Library/Core/Src/usbd_ctlreq.o
                0x0800badc                USBD_StdItfReq
 .text.USBD_StdEPReq
                0x0800bb6c      0x2c6 ./Middlewares/ST/STM32_USB_Device_Library/Core/Src/usbd_ctlreq.o
                0x0800bb6c                USBD_StdEPReq
 *fill*         0x0800be32        0x2 
 .text.USBD_GetDescriptor
                0x0800be34      0x2d0 ./Middlewares/ST/STM32_USB_Device_Library/Core/Src/usbd_ctlreq.o
 .text.USBD_SetAddress
                0x0800c104       0x86 ./Middlewares/ST/STM32_USB_Device_Library/Core/Src/usbd_ctlreq.o
 *fill*         0x0800c18a        0x2 
 .text.USBD_SetConfig
                0x0800c18c      0x11c ./Middlewares/ST/STM32_USB_Device_Library/Core/Src/usbd_ctlreq.o
 .text.USBD_GetConfig
                0x0800c2a8       0x6a ./Middlewares/ST/STM32_USB_Device_Library/Core/Src/usbd_ctlreq.o
 .text.USBD_GetStatus
                0x0800c312       0x66 ./Middlewares/ST/STM32_USB_Device_Library/Core/Src/usbd_ctlreq.o
 .text.USBD_SetFeature
                0x0800c378       0x28 ./Middlewares/ST/STM32_USB_Device_Library/Core/Src/usbd_ctlreq.o
 .text.USBD_ClrFeature
                0x0800c3a0       0x42 ./Middlewares/ST/STM32_USB_Device_Library/Core/Src/usbd_ctlreq.o
 .text.USBD_ParseSetupRequest
                0x0800c3e2       0x72 ./Middlewares/ST/STM32_USB_Device_Library/Core/Src/usbd_ctlreq.o
                0x0800c3e2                USBD_ParseSetupRequest
 .text.USBD_CtlError
                0x0800c454       0x22 ./Middlewares/ST/STM32_USB_Device_Library/Core/Src/usbd_ctlreq.o
                0x0800c454                USBD_CtlError
 .text.USBD_GetString
                0x0800c476       0x84 ./Middlewares/ST/STM32_USB_Device_Library/Core/Src/usbd_ctlreq.o
                0x0800c476                USBD_GetString
 .text.USBD_GetLen
                0x0800c4fa       0x2e ./Middlewares/ST/STM32_USB_Device_Library/Core/Src/usbd_ctlreq.o
 .text.USBD_CtlSendData
                0x0800c528       0x38 ./Middlewares/ST/STM32_USB_Device_Library/Core/Src/usbd_ioreq.o
                0x0800c528                USBD_CtlSendData
 .text.USBD_CtlContinueSendData
                0x0800c560       0x24 ./Middlewares/ST/STM32_USB_Device_Library/Core/Src/usbd_ioreq.o
                0x0800c560                USBD_CtlContinueSendData
 .text.USBD_CtlPrepareRx
                0x0800c584       0x3c ./Middlewares/ST/STM32_USB_Device_Library/Core/Src/usbd_ioreq.o
                0x0800c584                USBD_CtlPrepareRx
 .text.USBD_CtlContinueRx
                0x0800c5c0       0x24 ./Middlewares/ST/STM32_USB_Device_Library/Core/Src/usbd_ioreq.o
                0x0800c5c0                USBD_CtlContinueRx
 .text.USBD_CtlSendStatus
                0x0800c5e4       0x26 ./Middlewares/ST/STM32_USB_Device_Library/Core/Src/usbd_ioreq.o
                0x0800c5e4                USBD_CtlSendStatus
 .text.USBD_CtlReceiveStatus
                0x0800c60a       0x26 ./Middlewares/ST/STM32_USB_Device_Library/Core/Src/usbd_ioreq.o
                0x0800c60a                USBD_CtlReceiveStatus
 .text.MX_USB_DEVICE_Init
                0x0800c630       0x60 ./USB_DEVICE/App/usb_device.o
                0x0800c630                MX_USB_DEVICE_Init
 .text.CDC_Init_FS
                0x0800c690       0x28 ./USB_DEVICE/App/usbd_cdc_if.o
 .text.CDC_DeInit_FS
                0x0800c6b8        0xe ./USB_DEVICE/App/usbd_cdc_if.o
 *fill*         0x0800c6c6        0x2 
 .text.CDC_Control_FS
                0x0800c6c8       0xbc ./USB_DEVICE/App/usbd_cdc_if.o
 .text.CDC_Receive_FS
                0x0800c784       0x44 ./USB_DEVICE/App/usbd_cdc_if.o
 .text.CDC_Transmit_FS
                0x0800c7c8       0x4c ./USB_DEVICE/App/usbd_cdc_if.o
                0x0800c7c8                CDC_Transmit_FS
 .text.USBD_FS_DeviceDescriptor
                0x0800c814       0x24 ./USB_DEVICE/App/usbd_desc.o
                0x0800c814                USBD_FS_DeviceDescriptor
 .text.USBD_FS_LangIDStrDescriptor
                0x0800c838       0x24 ./USB_DEVICE/App/usbd_desc.o
                0x0800c838                USBD_FS_LangIDStrDescriptor
 .text.USBD_FS_ProductStrDescriptor
                0x0800c85c       0x3c ./USB_DEVICE/App/usbd_desc.o
                0x0800c85c                USBD_FS_ProductStrDescriptor
 .text.USBD_FS_ManufacturerStrDescriptor
                0x0800c898       0x28 ./USB_DEVICE/App/usbd_desc.o
                0x0800c898                USBD_FS_ManufacturerStrDescriptor
 .text.USBD_FS_SerialStrDescriptor
                0x0800c8c0       0x24 ./USB_DEVICE/App/usbd_desc.o
                0x0800c8c0                USBD_FS_SerialStrDescriptor
 .text.USBD_FS_ConfigStrDescriptor
                0x0800c8e4       0x3c ./USB_DEVICE/App/usbd_desc.o
                0x0800c8e4                USBD_FS_ConfigStrDescriptor
 .text.USBD_FS_InterfaceStrDescriptor
                0x0800c920       0x3c ./USB_DEVICE/App/usbd_desc.o
                0x0800c920                USBD_FS_InterfaceStrDescriptor
 .text.Get_SerialNum
                0x0800c95c       0x58 ./USB_DEVICE/App/usbd_desc.o
 .text.IntToUnicode
                0x0800c9b4       0x7c ./USB_DEVICE/App/usbd_desc.o
 .text.HAL_PCD_MspInit
                0x0800ca30       0x4c ./USB_DEVICE/Target/usbd_conf.o
                0x0800ca30                HAL_PCD_MspInit
 .text.HAL_PCD_SetupStageCallback
                0x0800ca7c       0x24 ./USB_DEVICE/Target/usbd_conf.o
                0x0800ca7c                HAL_PCD_SetupStageCallback
 .text.HAL_PCD_DataOutStageCallback
                0x0800caa0       0x36 ./USB_DEVICE/Target/usbd_conf.o
                0x0800caa0                HAL_PCD_DataOutStageCallback
 .text.HAL_PCD_DataInStageCallback
                0x0800cad6       0x34 ./USB_DEVICE/Target/usbd_conf.o
                0x0800cad6                HAL_PCD_DataInStageCallback
 .text.HAL_PCD_SOFCallback
                0x0800cb0a       0x1c ./USB_DEVICE/Target/usbd_conf.o
                0x0800cb0a                HAL_PCD_SOFCallback
 .text.HAL_PCD_ResetCallback
                0x0800cb26       0x3c ./USB_DEVICE/Target/usbd_conf.o
                0x0800cb26                HAL_PCD_ResetCallback
 *fill*         0x0800cb62        0x2 
 .text.HAL_PCD_SuspendCallback
                0x0800cb64       0x34 ./USB_DEVICE/Target/usbd_conf.o
                0x0800cb64                HAL_PCD_SuspendCallback
 .text.HAL_PCD_ResumeCallback
                0x0800cb98       0x1c ./USB_DEVICE/Target/usbd_conf.o
                0x0800cb98                HAL_PCD_ResumeCallback
 .text.USBD_LL_Init
                0x0800cbb4       0xb4 ./USB_DEVICE/Target/usbd_conf.o
                0x0800cbb4                USBD_LL_Init
 .text.USBD_LL_Start
                0x0800cc68       0x36 ./USB_DEVICE/Target/usbd_conf.o
                0x0800cc68                USBD_LL_Start
 .text.USBD_LL_OpenEP
                0x0800cc9e       0x4c ./USB_DEVICE/Target/usbd_conf.o
                0x0800cc9e                USBD_LL_OpenEP
 .text.USBD_LL_CloseEP
                0x0800ccea       0x3e ./USB_DEVICE/Target/usbd_conf.o
                0x0800ccea                USBD_LL_CloseEP
 .text.USBD_LL_StallEP
                0x0800cd28       0x3e ./USB_DEVICE/Target/usbd_conf.o
                0x0800cd28                USBD_LL_StallEP
 .text.USBD_LL_ClearStallEP
                0x0800cd66       0x3e ./USB_DEVICE/Target/usbd_conf.o
                0x0800cd66                USBD_LL_ClearStallEP
 .text.USBD_LL_IsStallEP
                0x0800cda4       0x58 ./USB_DEVICE/Target/usbd_conf.o
                0x0800cda4                USBD_LL_IsStallEP
 .text.USBD_LL_SetUSBAddress
                0x0800cdfc       0x3e ./USB_DEVICE/Target/usbd_conf.o
                0x0800cdfc                USBD_LL_SetUSBAddress
 .text.USBD_LL_Transmit
                0x0800ce3a       0x46 ./USB_DEVICE/Target/usbd_conf.o
                0x0800ce3a                USBD_LL_Transmit
 .text.USBD_LL_PrepareReceive
                0x0800ce80       0x46 ./USB_DEVICE/Target/usbd_conf.o
                0x0800ce80                USBD_LL_PrepareReceive
 .text.USBD_LL_GetRxDataSize
                0x0800cec6       0x26 ./USB_DEVICE/Target/usbd_conf.o
                0x0800cec6                USBD_LL_GetRxDataSize
 .text.USBD_static_malloc
                0x0800ceec       0x18 ./USB_DEVICE/Target/usbd_conf.o
                0x0800ceec                USBD_static_malloc
 .text.USBD_static_free
                0x0800cf04       0x12 ./USB_DEVICE/Target/usbd_conf.o
                0x0800cf04                USBD_static_free
 .text.HAL_PCDEx_SetConnectionState
                0x0800cf16       0x16 ./USB_DEVICE/Target/usbd_conf.o
                0x0800cf16                HAL_PCDEx_SetConnectionState
 .text.USBD_Get_USB_Status
                0x0800cf2c       0x58 ./USB_DEVICE/Target/usbd_conf.o
 .text.snprintf
                0x0800cf84       0x68 C:/ST/STM32CubeIDE_1.16.1/STM32CubeIDE/plugins/com.st.stm32cube.ide.mcu.externaltools.gnu-tools-for-stm32.12.3.rel1.win32_1.0.200.202406191623/tools/bin/../lib/gcc/arm-none-eabi/12.3.1/../../../../arm-none-eabi/lib/thumb/v7-m/nofp\libc_nano.a(libc_a-snprintf.o)
                0x0800cf84                sniprintf
                0x0800cf84                snprintf
 .text.sprintf  0x0800cfec       0x40 C:/ST/STM32CubeIDE_1.16.1/STM32CubeIDE/plugins/com.st.stm32cube.ide.mcu.externaltools.gnu-tools-for-stm32.12.3.rel1.win32_1.0.200.202406191623/tools/bin/../lib/gcc/arm-none-eabi/12.3.1/../../../../arm-none-eabi/lib/thumb/v7-m/nofp\libc_nano.a(libc_a-sprintf.o)
                0x0800cfec                siprintf
                0x0800cfec                sprintf
 .text.memset   0x0800d02c       0x10 C:/ST/STM32CubeIDE_1.16.1/STM32CubeIDE/plugins/com.st.stm32cube.ide.mcu.externaltools.gnu-tools-for-stm32.12.3.rel1.win32_1.0.200.202406191623/tools/bin/../lib/gcc/arm-none-eabi/12.3.1/../../../../arm-none-eabi/lib/thumb/v7-m/nofp\libc_nano.a(libc_a-memset.o)
                0x0800d02c                memset
 .text.__errno  0x0800d03c        0xc C:/ST/STM32CubeIDE_1.16.1/STM32CubeIDE/plugins/com.st.stm32cube.ide.mcu.externaltools.gnu-tools-for-stm32.12.3.rel1.win32_1.0.200.202406191623/tools/bin/../lib/gcc/arm-none-eabi/12.3.1/../../../../arm-none-eabi/lib/thumb/v7-m/nofp\libc_nano.a(libc_a-errno.o)
                0x0800d03c                __errno
 .text.__libc_init_array
                0x0800d048       0x48 C:/ST/STM32CubeIDE_1.16.1/STM32CubeIDE/plugins/com.st.stm32cube.ide.mcu.externaltools.gnu-tools-for-stm32.12.3.rel1.win32_1.0.200.202406191623/tools/bin/../lib/gcc/arm-none-eabi/12.3.1/../../../../arm-none-eabi/lib/thumb/v7-m/nofp\libc_nano.a(libc_a-init.o)
                0x0800d048                __libc_init_array
 .text.__retarget_lock_acquire_recursive
                0x0800d090        0x2 C:/ST/STM32CubeIDE_1.16.1/STM32CubeIDE/plugins/com.st.stm32cube.ide.mcu.externaltools.gnu-tools-for-stm32.12.3.rel1.win32_1.0.200.202406191623/tools/bin/../lib/gcc/arm-none-eabi/12.3.1/../../../../arm-none-eabi/lib/thumb/v7-m/nofp\libc_nano.a(libc_a-lock.o)
                0x0800d090                __retarget_lock_acquire_recursive
 .text.__retarget_lock_release_recursive
                0x0800d092        0x2 C:/ST/STM32CubeIDE_1.16.1/STM32CubeIDE/plugins/com.st.stm32cube.ide.mcu.externaltools.gnu-tools-for-stm32.12.3.rel1.win32_1.0.200.202406191623/tools/bin/../lib/gcc/arm-none-eabi/12.3.1/../../../../arm-none-eabi/lib/thumb/v7-m/nofp\libc_nano.a(libc_a-lock.o)
                0x0800d092                __retarget_lock_release_recursive
 .text.memcpy   0x0800d094       0x1c C:/ST/STM32CubeIDE_1.16.1/STM32CubeIDE/plugins/com.st.stm32cube.ide.mcu.externaltools.gnu-tools-for-stm32.12.3.rel1.win32_1.0.200.202406191623/tools/bin/../lib/gcc/arm-none-eabi/12.3.1/../../../../arm-none-eabi/lib/thumb/v7-m/nofp\libc_nano.a(libc_a-memcpy-stub.o)
                0x0800d094                memcpy
 .text._free_r  0x0800d0b0       0x90 C:/ST/STM32CubeIDE_1.16.1/STM32CubeIDE/plugins/com.st.stm32cube.ide.mcu.externaltools.gnu-tools-for-stm32.12.3.rel1.win32_1.0.200.202406191623/tools/bin/../lib/gcc/arm-none-eabi/12.3.1/../../../../arm-none-eabi/lib/thumb/v7-m/nofp\libc_nano.a(libc_a-freer.o)
                0x0800d0b0                _free_r
 .text.sbrk_aligned
                0x0800d140       0x44 C:/ST/STM32CubeIDE_1.16.1/STM32CubeIDE/plugins/com.st.stm32cube.ide.mcu.externaltools.gnu-tools-for-stm32.12.3.rel1.win32_1.0.200.202406191623/tools/bin/../lib/gcc/arm-none-eabi/12.3.1/../../../../arm-none-eabi/lib/thumb/v7-m/nofp\libc_nano.a(libc_a-mallocr.o)
 .text._malloc_r
                0x0800d184      0x100 C:/ST/STM32CubeIDE_1.16.1/STM32CubeIDE/plugins/com.st.stm32cube.ide.mcu.externaltools.gnu-tools-for-stm32.12.3.rel1.win32_1.0.200.202406191623/tools/bin/../lib/gcc/arm-none-eabi/12.3.1/../../../../arm-none-eabi/lib/thumb/v7-m/nofp\libc_nano.a(libc_a-mallocr.o)
                0x0800d184                _malloc_r
 .text.__malloc_lock
                0x0800d284        0xc C:/ST/STM32CubeIDE_1.16.1/STM32CubeIDE/plugins/com.st.stm32cube.ide.mcu.externaltools.gnu-tools-for-stm32.12.3.rel1.win32_1.0.200.202406191623/tools/bin/../lib/gcc/arm-none-eabi/12.3.1/../../../../arm-none-eabi/lib/thumb/v7-m/nofp\libc_nano.a(libc_a-mlock.o)
                0x0800d284                __malloc_lock
 .text.__malloc_unlock
                0x0800d290        0xc C:/ST/STM32CubeIDE_1.16.1/STM32CubeIDE/plugins/com.st.stm32cube.ide.mcu.externaltools.gnu-tools-for-stm32.12.3.rel1.win32_1.0.200.202406191623/tools/bin/../lib/gcc/arm-none-eabi/12.3.1/../../../../arm-none-eabi/lib/thumb/v7-m/nofp\libc_nano.a(libc_a-mlock.o)
                0x0800d290                __malloc_unlock
 .text.__ssputs_r
                0x0800d29c       0xb6 C:/ST/STM32CubeIDE_1.16.1/STM32CubeIDE/plugins/com.st.stm32cube.ide.mcu.externaltools.gnu-tools-for-stm32.12.3.rel1.win32_1.0.200.202406191623/tools/bin/../lib/gcc/arm-none-eabi/12.3.1/../../../../arm-none-eabi/lib/thumb/v7-m/nofp\libc_nano.a(libc_a-nano-svfprintf.o)
                0x0800d29c                __ssputs_r
 *fill*         0x0800d352        0x2 
 .text._svfprintf_r
                0x0800d354      0x1f8 C:/ST/STM32CubeIDE_1.16.1/STM32CubeIDE/plugins/com.st.stm32cube.ide.mcu.externaltools.gnu-tools-for-stm32.12.3.rel1.win32_1.0.200.202406191623/tools/bin/../lib/gcc/arm-none-eabi/12.3.1/../../../../arm-none-eabi/lib/thumb/v7-m/nofp\libc_nano.a(libc_a-nano-svfprintf.o)
                0x0800d354                _svfiprintf_r
                0x0800d354                _svfprintf_r
 .text._printf_common
                0x0800d54c       0xe4 C:/ST/STM32CubeIDE_1.16.1/STM32CubeIDE/plugins/com.st.stm32cube.ide.mcu.externaltools.gnu-tools-for-stm32.12.3.rel1.win32_1.0.200.202406191623/tools/bin/../lib/gcc/arm-none-eabi/12.3.1/../../../../arm-none-eabi/lib/thumb/v7-m/nofp\libc_nano.a(libc_a-nano-vfprintf_i.o)
                0x0800d54c                _printf_common
 .text._printf_i
                0x0800d630      0x240 C:/ST/STM32CubeIDE_1.16.1/STM32CubeIDE/plugins/com.st.stm32cube.ide.mcu.externaltools.gnu-tools-for-stm32.12.3.rel1.win32_1.0.200.202406191623/tools/bin/../lib/gcc/arm-none-eabi/12.3.1/../../../../arm-none-eabi/lib/thumb/v7-m/nofp\libc_nano.a(libc_a-nano-vfprintf_i.o)
                0x0800d630                _printf_i
 .text.memmove  0x0800d870       0x34 C:/ST/STM32CubeIDE_1.16.1/STM32CubeIDE/plugins/com.st.stm32cube.ide.mcu.externaltools.gnu-tools-for-stm32.12.3.rel1.win32_1.0.200.202406191623/tools/bin/../lib/gcc/arm-none-eabi/12.3.1/../../../../arm-none-eabi/lib/thumb/v7-m/nofp\libc_nano.a(libc_a-memmove.o)
                0x0800d870                memmove
 .text._sbrk_r  0x0800d8a4       0x20 C:/ST/STM32CubeIDE_1.16.1/STM32CubeIDE/plugins/com.st.stm32cube.ide.mcu.externaltools.gnu-tools-for-stm32.12.3.rel1.win32_1.0.200.202406191623/tools/bin/../lib/gcc/arm-none-eabi/12.3.1/../../../../arm-none-eabi/lib/thumb/v7-m/nofp\libc_nano.a(libc_a-sbrkr.o)
                0x0800d8a4                _sbrk_r
 .text.memchr   0x0800d8c4       0x1c C:/ST/STM32CubeIDE_1.16.1/STM32CubeIDE/plugins/com.st.stm32cube.ide.mcu.externaltools.gnu-tools-for-stm32.12.3.rel1.win32_1.0.200.202406191623/tools/bin/../lib/gcc/arm-none-eabi/12.3.1/../../../../arm-none-eabi/lib/thumb/v7-m/nofp\libc_nano.a(libc_a-memchr-stub.o)
                0x0800d8c4                memchr
 .text._realloc_r
                0x0800d8e0       0x5c C:/ST/STM32CubeIDE_1.16.1/STM32CubeIDE/plugins/com.st.stm32cube.ide.mcu.externaltools.gnu-tools-for-stm32.12.3.rel1.win32_1.0.200.202406191623/tools/bin/../lib/gcc/arm-none-eabi/12.3.1/../../../../arm-none-eabi/lib/thumb/v7-m/nofp\libc_nano.a(libc_a-reallocr.o)
                0x0800d8e0                _realloc_r
 .text._malloc_usable_size_r
                0x0800d93c       0x10 C:/ST/STM32CubeIDE_1.16.1/STM32CubeIDE/plugins/com.st.stm32cube.ide.mcu.externaltools.gnu-tools-for-stm32.12.3.rel1.win32_1.0.200.202406191623/tools/bin/../lib/gcc/arm-none-eabi/12.3.1/../../../../arm-none-eabi/lib/thumb/v7-m/nofp\libc_nano.a(libc_a-msizer.o)
                0x0800d93c                _malloc_usable_size_r
 *(.glue_7)
 .glue_7        0x0800d94c        0x0 linker stubs
 *(.glue_7t)
 .glue_7t       0x0800d94c        0x0 linker stubs
 *(.eh_frame)
 .eh_frame      0x0800d94c        0x0 C:/ST/STM32CubeIDE_1.16.1/STM32CubeIDE/plugins/com.st.stm32cube.ide.mcu.externaltools.gnu-tools-for-stm32.12.3.rel1.win32_1.0.200.202406191623/tools/bin/../lib/gcc/arm-none-eabi/12.3.1/thumb/v7-m/nofp/crtbegin.o
 *(.init)
 .init          0x0800d94c        0x4 C:/ST/STM32CubeIDE_1.16.1/STM32CubeIDE/plugins/com.st.stm32cube.ide.mcu.externaltools.gnu-tools-for-stm32.12.3.rel1.win32_1.0.200.202406191623/tools/bin/../lib/gcc/arm-none-eabi/12.3.1/thumb/v7-m/nofp/crti.o
                0x0800d94c                _init
 .init          0x0800d950        0x8 C:/ST/STM32CubeIDE_1.16.1/STM32CubeIDE/plugins/com.st.stm32cube.ide.mcu.externaltools.gnu-tools-for-stm32.12.3.rel1.win32_1.0.200.202406191623/tools/bin/../lib/gcc/arm-none-eabi/12.3.1/thumb/v7-m/nofp/crtn.o
 *(.fini)
 .fini          0x0800d958        0x4 C:/ST/STM32CubeIDE_1.16.1/STM32CubeIDE/plugins/com.st.stm32cube.ide.mcu.externaltools.gnu-tools-for-stm32.12.3.rel1.win32_1.0.200.202406191623/tools/bin/../lib/gcc/arm-none-eabi/12.3.1/thumb/v7-m/nofp/crti.o
                0x0800d958                _fini
 .fini          0x0800d95c        0x8 C:/ST/STM32CubeIDE_1.16.1/STM32CubeIDE/plugins/com.st.stm32cube.ide.mcu.externaltools.gnu-tools-for-stm32.12.3.rel1.win32_1.0.200.202406191623/tools/bin/../lib/gcc/arm-none-eabi/12.3.1/thumb/v7-m/nofp/crtn.o
                0x0800d964                        . = ALIGN (0x4)
                0x0800d964                        _etext = .

.vfp11_veneer   0x0800d964        0x0
 .vfp11_veneer  0x0800d964        0x0 linker stubs

.v4_bx          0x0800d964        0x0
 .v4_bx         0x0800d964        0x0 linker stubs

.iplt           0x0800d964        0x0
 .iplt          0x0800d964        0x0 C:/ST/STM32CubeIDE_1.16.1/STM32CubeIDE/plugins/com.st.stm32cube.ide.mcu.externaltools.gnu-tools-for-stm32.12.3.rel1.win32_1.0.200.202406191623/tools/bin/../lib/gcc/arm-none-eabi/12.3.1/thumb/v7-m/nofp/crtbegin.o

.rodata         0x0800d964      0xa7c
                0x0800d964                        . = ALIGN (0x4)
 *(.rodata)
 .rodata        0x0800d964      0x9c6 ./Core/Src/main.o
 *fill*         0x0800e32a        0x2 
 .rodata        0x0800e32c       0x10 ./Drivers/STM32F1xx_HAL_Driver/Src/stm32f1xx_hal_rcc.o
 .rodata        0x0800e33c       0x46 ./USB_DEVICE/App/usbd_desc.o
 *(.rodata*)
 *fill*         0x0800e382        0x2 
 .rodata._KEYPAD_COLUMN_GPIO_PIN
                0x0800e384        0x8 ./Core/Src/KeyPad.o
                0x0800e384                _KEYPAD_COLUMN_GPIO_PIN
 .rodata._KEYPAD_ROW_GPIO_PIN
                0x0800e38c        0x8 ./Core/Src/KeyPad.o
                0x0800e38c                _KEYPAD_ROW_GPIO_PIN
 .rodata.AHBPrescTable
                0x0800e394       0x10 ./Core/Src/system_stm32f1xx.o
                0x0800e394                AHBPrescTable
 .rodata.APBPrescTable
                0x0800e3a4        0x8 ./Core/Src/system_stm32f1xx.o
                0x0800e3a4                APBPrescTable
 .rodata._svfprintf_r.str1.1
                0x0800e3ac       0x11 C:/ST/STM32CubeIDE_1.16.1/STM32CubeIDE/plugins/com.st.stm32cube.ide.mcu.externaltools.gnu-tools-for-stm32.12.3.rel1.win32_1.0.200.202406191623/tools/bin/../lib/gcc/arm-none-eabi/12.3.1/../../../../arm-none-eabi/lib/thumb/v7-m/nofp\libc_nano.a(libc_a-nano-svfprintf.o)
 .rodata._printf_i.str1.1
                0x0800e3bd       0x22 C:/ST/STM32CubeIDE_1.16.1/STM32CubeIDE/plugins/com.st.stm32cube.ide.mcu.externaltools.gnu-tools-for-stm32.12.3.rel1.win32_1.0.200.202406191623/tools/bin/../lib/gcc/arm-none-eabi/12.3.1/../../../../arm-none-eabi/lib/thumb/v7-m/nofp\libc_nano.a(libc_a-nano-vfprintf_i.o)
                0x0800e3e0                        . = ALIGN (0x4)
 *fill*         0x0800e3df        0x1 

.ARM.extab      0x0800e3e0        0x0
                0x0800e3e0                        . = ALIGN (0x4)
 *(.ARM.extab* .gnu.linkonce.armextab.*)
                0x0800e3e0                        . = ALIGN (0x4)

.ARM            0x0800e3e0        0x8
                0x0800e3e0                        . = ALIGN (0x4)
                0x0800e3e0                        __exidx_start = .
 *(.ARM.exidx*)
 .ARM.exidx     0x0800e3e0        0x8 C:/ST/STM32CubeIDE_1.16.1/STM32CubeIDE/plugins/com.st.stm32cube.ide.mcu.externaltools.gnu-tools-for-stm32.12.3.rel1.win32_1.0.200.202406191623/tools/bin/../lib/gcc/arm-none-eabi/12.3.1/../../../../arm-none-eabi/lib/thumb/v7-m/nofp\libc_nano.a(libc_a-strcmp.o)
                0x0800e3e8                        __exidx_end = .
                0x0800e3e8                        . = ALIGN (0x4)

.preinit_array  0x0800e3e8        0x0
                0x0800e3e8                        . = ALIGN (0x4)
                0x0800e3e8                        PROVIDE (__preinit_array_start = .)
 *(.preinit_array*)
                0x0800e3e8                        PROVIDE (__preinit_array_end = .)
                0x0800e3e8                        . = ALIGN (0x4)

.init_array     0x0800e3e8        0x4
                0x0800e3e8                        . = ALIGN (0x4)
                0x0800e3e8                        PROVIDE (__init_array_start = .)
 *(SORT_BY_NAME(.init_array.*))
 *(.init_array*)
 .init_array    0x0800e3e8        0x4 C:/ST/STM32CubeIDE_1.16.1/STM32CubeIDE/plugins/com.st.stm32cube.ide.mcu.externaltools.gnu-tools-for-stm32.12.3.rel1.win32_1.0.200.202406191623/tools/bin/../lib/gcc/arm-none-eabi/12.3.1/thumb/v7-m/nofp/crtbegin.o
                0x0800e3ec                        PROVIDE (__init_array_end = .)
                0x0800e3ec                        . = ALIGN (0x4)

.fini_array     0x0800e3ec        0x4
                0x0800e3ec                        . = ALIGN (0x4)
                [!provide]                        PROVIDE (__fini_array_start = .)
 *(SORT_BY_NAME(.fini_array.*))
 *(.fini_array*)
 .fini_array    0x0800e3ec        0x4 C:/ST/STM32CubeIDE_1.16.1/STM32CubeIDE/plugins/com.st.stm32cube.ide.mcu.externaltools.gnu-tools-for-stm32.12.3.rel1.win32_1.0.200.202406191623/tools/bin/../lib/gcc/arm-none-eabi/12.3.1/thumb/v7-m/nofp/crtbegin.o
                [!provide]                        PROVIDE (__fini_array_end = .)
                0x0800e3f0                        . = ALIGN (0x4)
                0x0800e3f0                        _sidata = LOADADDR (.data)

.rel.dyn        0x0800e3f0        0x0
 .rel.iplt      0x0800e3f0        0x0 C:/ST/STM32CubeIDE_1.16.1/STM32CubeIDE/plugins/com.st.stm32cube.ide.mcu.externaltools.gnu-tools-for-stm32.12.3.rel1.win32_1.0.200.202406191623/tools/bin/../lib/gcc/arm-none-eabi/12.3.1/thumb/v7-m/nofp/crtbegin.o

.data           0x20000000      0x1f4 load address 0x0800e3f0
                0x20000000                        . = ALIGN (0x4)
                0x20000000                        _sdata = .
 *(.data)
 *(.data*)
 .data._KEYPAD_COLUMN_GPIO_PORT
                0x20000000       0x10 ./Core/Src/KeyPad.o
                0x20000000                _KEYPAD_COLUMN_GPIO_PORT
 .data._KEYPAD_ROW_GPIO_PORT
                0x20000010       0x10 ./Core/Src/KeyPad.o
                0x20000010                _KEYPAD_ROW_GPIO_PORT
 .data.exitmenu
                0x20000020        0x1 ./Core/Src/main.o
                0x20000020                exitmenu
 *fill*         0x20000021        0x3 
 .data.AddressUID
                0x20000024        0x4 ./Core/Src/main.o
                0x20000024                AddressUID
 .data.SystemCoreClock
                0x20000028        0x4 ./Core/Src/system_stm32f1xx.o
                0x20000028                SystemCoreClock
 .data.uwTickPrio
                0x2000002c        0x4 ./Drivers/STM32F1xx_HAL_Driver/Src/stm32f1xx_hal.o
                0x2000002c                uwTickPrio
 .data.uwTickFreq
                0x20000030        0x1 ./Drivers/STM32F1xx_HAL_Driver/Src/stm32f1xx_hal.o
                0x20000030                uwTickFreq
 *fill*         0x20000031        0x3 
 .data.USBD_CDC_DeviceQualifierDesc
                0x20000034        0xa ./Middlewares/ST/STM32_USB_Device_Library/Class/CDC/Src/usbd_cdc.o
 *fill*         0x2000003e        0x2 
 .data.USBD_CDC
                0x20000040       0x38 ./Middlewares/ST/STM32_USB_Device_Library/Class/CDC/Src/usbd_cdc.o
                0x20000040                USBD_CDC
 .data.USBD_CDC_CfgHSDesc
                0x20000078       0x43 ./Middlewares/ST/STM32_USB_Device_Library/Class/CDC/Src/usbd_cdc.o
                0x20000078                USBD_CDC_CfgHSDesc
 *fill*         0x200000bb        0x1 
 .data.USBD_CDC_CfgFSDesc
                0x200000bc       0x43 ./Middlewares/ST/STM32_USB_Device_Library/Class/CDC/Src/usbd_cdc.o
                0x200000bc                USBD_CDC_CfgFSDesc
 *fill*         0x200000ff        0x1 
 .data.USBD_CDC_OtherSpeedCfgDesc
                0x20000100       0x43 ./Middlewares/ST/STM32_USB_Device_Library/Class/CDC/Src/usbd_cdc.o
                0x20000100                USBD_CDC_OtherSpeedCfgDesc
 *fill*         0x20000143        0x1 
 .data.USBD_Interface_fops_FS
                0x20000144       0x10 ./USB_DEVICE/App/usbd_cdc_if.o
                0x20000144                USBD_Interface_fops_FS
 .data.FS_Desc  0x20000154       0x1c ./USB_DEVICE/App/usbd_desc.o
                0x20000154                FS_Desc
 .data.USBD_FS_DeviceDesc
                0x20000170       0x12 ./USB_DEVICE/App/usbd_desc.o
                0x20000170                USBD_FS_DeviceDesc
 *fill*         0x20000182        0x2 
 .data.USBD_LangIDDesc
                0x20000184        0x4 ./USB_DEVICE/App/usbd_desc.o
                0x20000184                USBD_LangIDDesc
 .data.USBD_StringSerial
                0x20000188       0x1a ./USB_DEVICE/App/usbd_desc.o
                0x20000188                USBD_StringSerial
 *fill*         0x200001a2        0x2 
 .data._impure_ptr
                0x200001a4        0x4 C:/ST/STM32CubeIDE_1.16.1/STM32CubeIDE/plugins/com.st.stm32cube.ide.mcu.externaltools.gnu-tools-for-stm32.12.3.rel1.win32_1.0.200.202406191623/tools/bin/../lib/gcc/arm-none-eabi/12.3.1/../../../../arm-none-eabi/lib/thumb/v7-m/nofp\libc_nano.a(libc_a-impure.o)
                0x200001a4                _impure_ptr
 .data._impure_data
                0x200001a8       0x4c C:/ST/STM32CubeIDE_1.16.1/STM32CubeIDE/plugins/com.st.stm32cube.ide.mcu.externaltools.gnu-tools-for-stm32.12.3.rel1.win32_1.0.200.202406191623/tools/bin/../lib/gcc/arm-none-eabi/12.3.1/../../../../arm-none-eabi/lib/thumb/v7-m/nofp\libc_nano.a(libc_a-impure.o)
                0x200001a8                _impure_data
 *(.RamFunc)
 *(.RamFunc*)
                0x200001f4                        . = ALIGN (0x4)
                0x200001f4                        _edata = .

.igot.plt       0x200001f4        0x0 load address 0x0800e5e4
 .igot.plt      0x200001f4        0x0 C:/ST/STM32CubeIDE_1.16.1/STM32CubeIDE/plugins/com.st.stm32cube.ide.mcu.externaltools.gnu-tools-for-stm32.12.3.rel1.win32_1.0.200.202406191623/tools/bin/../lib/gcc/arm-none-eabi/12.3.1/thumb/v7-m/nofp/crtbegin.o
                0x200001f4                        . = ALIGN (0x4)

.bss            0x200001f8     0x152c load address 0x0800e5e4
                0x200001f8                        _sbss = .
                0x200001f8                        __bss_start__ = _sbss
 *(.bss)
 .bss           0x200001f8       0x1c C:/ST/STM32CubeIDE_1.16.1/STM32CubeIDE/plugins/com.st.stm32cube.ide.mcu.externaltools.gnu-tools-for-stm32.12.3.rel1.win32_1.0.200.202406191623/tools/bin/../lib/gcc/arm-none-eabi/12.3.1/thumb/v7-m/nofp/crtbegin.o
 *(.bss*)
 .bss.KeyPad    0x20000214        0x4 ./Core/Src/KeyPad.o
                0x20000214                KeyPad
 .bss.pID       0x20000218        0x1 ./Core/Src/fingerprint.o
                0x20000218                pID
 *fill*         0x20000219        0x3 
 .bss.hi2c2     0x2000021c       0x54 ./Core/Src/main.o
                0x2000021c                hi2c2
 .bss.hspi1     0x20000270       0x58 ./Core/Src/main.o
                0x20000270                hspi1
 .bss.htim2     0x200002c8       0x48 ./Core/Src/main.o
                0x200002c8                htim2
 .bss.huart1    0x20000310       0x40 ./Core/Src/main.o
                0x20000310                huart1
 .bss.Rx_Buffer
                0x20000350       0x80 ./Core/Src/main.o
                0x20000350                Rx_Buffer
 .bss.Tx_Buffer
                0x200003d0        0x6 ./Core/Src/main.o
                0x200003d0                Tx_Buffer
 *fill*         0x200003d6        0x2 
 .bss.LCD1      0x200003d8        0xc ./Core/Src/main.o
                0x200003d8                LCD1
 .bss.CardID    0x200003e4       0x10 ./Core/Src/main.o
                0x200003e4                CardID
 .bss.time_cho  0x200003f4        0x4 ./Core/Src/main.o
                0x200003f4                time_cho
 .bss.mess      0x200003f8        0xa ./Core/Src/main.o
                0x200003f8                mess
 *fill*         0x20000402        0x2 
 .bss.tmp       0x20000404        0x4 ./Core/Src/main.o
                0x20000404                tmp
 .bss.ID        0x20000408        0x1 ./Core/Src/main.o
                0x20000408                ID
 .bss.fingerprint_detected
                0x20000409        0x1 ./Core/Src/main.o
                0x20000409                fingerprint_detected
 *fill*         0x2000040a        0x2 
 .bss.__sbrk_heap_end
                0x2000040c        0x4 ./Core/Src/sysmem.o
 .bss.uwTick    0x20000410        0x4 ./Drivers/STM32F1xx_HAL_Driver/Src/stm32f1xx_hal.o
                0x20000410                uwTick
 *fill*         0x20000414        0x4 
 .bss.pFlash    0x20000418       0x20 ./Drivers/STM32F1xx_HAL_Driver/Src/stm32f1xx_hal_flash.o
                0x20000418                pFlash
 .bss.cfgidx.0  0x20000438        0x1 ./Middlewares/ST/STM32_USB_Device_Library/Core/Src/usbd_ctlreq.o
 *fill*         0x20000439        0x3 
 .bss.hUsbDeviceFS
                0x2000043c      0x2c4 ./USB_DEVICE/App/usb_device.o
                0x2000043c                hUsbDeviceFS
 .bss.UserRxBufferFS
                0x20000700      0x3e8 ./USB_DEVICE/App/usbd_cdc_if.o
                0x20000700                UserRxBufferFS
 .bss.UserTxBufferFS
                0x20000ae8      0x3e8 ./USB_DEVICE/App/usbd_cdc_if.o
                0x20000ae8                UserTxBufferFS
 .bss.USBD_StrDesc
                0x20000ed0      0x200 ./USB_DEVICE/App/usbd_desc.o
                0x20000ed0                USBD_StrDesc
 .bss.hpcd_USB_FS
                0x200010d0      0x2ec ./USB_DEVICE/Target/usbd_conf.o
                0x200010d0                hpcd_USB_FS
 .bss.mem.0     0x200013bc      0x220 ./USB_DEVICE/Target/usbd_conf.o
 .bss.__sf      0x200015dc      0x138 C:/ST/STM32CubeIDE_1.16.1/STM32CubeIDE/plugins/com.st.stm32cube.ide.mcu.externaltools.gnu-tools-for-stm32.12.3.rel1.win32_1.0.200.202406191623/tools/bin/../lib/gcc/arm-none-eabi/12.3.1/../../../../arm-none-eabi/lib/thumb/v7-m/nofp\libc_nano.a(libc_a-findfp.o)
                0x200015dc                __sf
 .bss.errno     0x20001714        0x4 C:/ST/STM32CubeIDE_1.16.1/STM32CubeIDE/plugins/com.st.stm32cube.ide.mcu.externaltools.gnu-tools-for-stm32.12.3.rel1.win32_1.0.200.202406191623/tools/bin/../lib/gcc/arm-none-eabi/12.3.1/../../../../arm-none-eabi/lib/thumb/v7-m/nofp\libc_nano.a(libc_a-reent.o)
                0x20001714                errno
 .bss.__lock___malloc_recursive_mutex
                0x20001718        0x1 C:/ST/STM32CubeIDE_1.16.1/STM32CubeIDE/plugins/com.st.stm32cube.ide.mcu.externaltools.gnu-tools-for-stm32.12.3.rel1.win32_1.0.200.202406191623/tools/bin/../lib/gcc/arm-none-eabi/12.3.1/../../../../arm-none-eabi/lib/thumb/v7-m/nofp\libc_nano.a(libc_a-lock.o)
                0x20001718                __lock___malloc_recursive_mutex
 *fill*         0x20001719        0x3 
 .bss.__malloc_sbrk_start
                0x2000171c        0x4 C:/ST/STM32CubeIDE_1.16.1/STM32CubeIDE/plugins/com.st.stm32cube.ide.mcu.externaltools.gnu-tools-for-stm32.12.3.rel1.win32_1.0.200.202406191623/tools/bin/../lib/gcc/arm-none-eabi/12.3.1/../../../../arm-none-eabi/lib/thumb/v7-m/nofp\libc_nano.a(libc_a-mallocr.o)
                0x2000171c                __malloc_sbrk_start
 .bss.__malloc_free_list
                0x20001720        0x4 C:/ST/STM32CubeIDE_1.16.1/STM32CubeIDE/plugins/com.st.stm32cube.ide.mcu.externaltools.gnu-tools-for-stm32.12.3.rel1.win32_1.0.200.202406191623/tools/bin/../lib/gcc/arm-none-eabi/12.3.1/../../../../arm-none-eabi/lib/thumb/v7-m/nofp\libc_nano.a(libc_a-mallocr.o)
                0x20001720                __malloc_free_list
 *(COMMON)
                0x20001724                        . = ALIGN (0x4)
                0x20001724                        _ebss = .
                0x20001724                        __bss_end__ = _ebss

._user_heap_stack
                0x20001724      0x604 load address 0x0800e5e4
                0x20001728                        . = ALIGN (0x8)
 *fill*         0x20001724        0x4 
                [!provide]                        PROVIDE (end = .)
                0x20001728                        PROVIDE (_end = .)
                0x20001928                        . = (. + _Min_Heap_Size)
 *fill*         0x20001728      0x200 
                0x20001d28                        . = (. + _Min_Stack_Size)
 *fill*         0x20001928      0x400 
                0x20001d28                        . = ALIGN (0x8)

/DISCARD/
 libc.a(*)
 libm.a(*)
 libgcc.a(*)

.ARM.attributes
                0x00000000       0x29
 *(.ARM.attributes)
 .ARM.attributes
                0x00000000       0x1d C:/ST/STM32CubeIDE_1.16.1/STM32CubeIDE/plugins/com.st.stm32cube.ide.mcu.externaltools.gnu-tools-for-stm32.12.3.rel1.win32_1.0.200.202406191623/tools/bin/../lib/gcc/arm-none-eabi/12.3.1/thumb/v7-m/nofp/crti.o
 .ARM.attributes
                0x0000001d       0x2d C:/ST/STM32CubeIDE_1.16.1/STM32CubeIDE/plugins/com.st.stm32cube.ide.mcu.externaltools.gnu-tools-for-stm32.12.3.rel1.win32_1.0.200.202406191623/tools/bin/../lib/gcc/arm-none-eabi/12.3.1/thumb/v7-m/nofp/crtbegin.o
 .ARM.attributes
                0x0000004a       0x2d ./Core/Src/CLCD_I2C.o
 .ARM.attributes
                0x00000077       0x2d ./Core/Src/KeyPad.o
 .ARM.attributes
                0x000000a4       0x2d ./Core/Src/fingerprint.o
 .ARM.attributes
                0x000000d1       0x2d ./Core/Src/flash.o
 .ARM.attributes
                0x000000fe       0x2d ./Core/Src/main.o
 .ARM.attributes
                0x0000012b       0x2d ./Core/Src/rc522.o
 .ARM.attributes
                0x00000158       0x2d ./Core/Src/stm32f1xx_hal_msp.o
 .ARM.attributes
                0x00000185       0x2d ./Core/Src/stm32f1xx_it.o
 .ARM.attributes
                0x000001b2       0x2d ./Core/Src/sysmem.o
 .ARM.attributes
                0x000001df       0x2d ./Core/Src/system_stm32f1xx.o
 .ARM.attributes
                0x0000020c       0x21 ./Core/Startup/startup_stm32f103c8tx.o
 .ARM.attributes
                0x0000022d       0x2d ./Drivers/STM32F1xx_HAL_Driver/Src/stm32f1xx_hal.o
 .ARM.attributes
                0x0000025a       0x2d ./Drivers/STM32F1xx_HAL_Driver/Src/stm32f1xx_hal_cortex.o
 .ARM.attributes
                0x00000287       0x2d ./Drivers/STM32F1xx_HAL_Driver/Src/stm32f1xx_hal_flash.o
 .ARM.attributes
                0x000002b4       0x2d ./Drivers/STM32F1xx_HAL_Driver/Src/stm32f1xx_hal_flash_ex.o
 .ARM.attributes
                0x000002e1       0x2d ./Drivers/STM32F1xx_HAL_Driver/Src/stm32f1xx_hal_gpio.o
 .ARM.attributes
                0x0000030e       0x2d ./Drivers/STM32F1xx_HAL_Driver/Src/stm32f1xx_hal_i2c.o
 .ARM.attributes
                0x0000033b       0x2d ./Drivers/STM32F1xx_HAL_Driver/Src/stm32f1xx_hal_pcd.o
 .ARM.attributes
                0x00000368       0x2d ./Drivers/STM32F1xx_HAL_Driver/Src/stm32f1xx_hal_pcd_ex.o
 .ARM.attributes
                0x00000395       0x2d ./Drivers/STM32F1xx_HAL_Driver/Src/stm32f1xx_hal_rcc.o
 .ARM.attributes
                0x000003c2       0x2d ./Drivers/STM32F1xx_HAL_Driver/Src/stm32f1xx_hal_rcc_ex.o
 .ARM.attributes
                0x000003ef       0x2d ./Drivers/STM32F1xx_HAL_Driver/Src/stm32f1xx_hal_spi.o
 .ARM.attributes
                0x0000041c       0x2d ./Drivers/STM32F1xx_HAL_Driver/Src/stm32f1xx_hal_tim.o
 .ARM.attributes
                0x00000449       0x2d ./Drivers/STM32F1xx_HAL_Driver/Src/stm32f1xx_hal_tim_ex.o
 .ARM.attributes
                0x00000476       0x2d ./Drivers/STM32F1xx_HAL_Driver/Src/stm32f1xx_hal_uart.o
 .ARM.attributes
                0x000004a3       0x2d ./Drivers/STM32F1xx_HAL_Driver/Src/stm32f1xx_ll_usb.o
 .ARM.attributes
                0x000004d0       0x2d ./Middlewares/ST/STM32_USB_Device_Library/Class/CDC/Src/usbd_cdc.o
 .ARM.attributes
                0x000004fd       0x2d ./Middlewares/ST/STM32_USB_Device_Library/Core/Src/usbd_core.o
 .ARM.attributes
                0x0000052a       0x2d ./Middlewares/ST/STM32_USB_Device_Library/Core/Src/usbd_ctlreq.o
 .ARM.attributes
                0x00000557       0x2d ./Middlewares/ST/STM32_USB_Device_Library/Core/Src/usbd_ioreq.o
 .ARM.attributes
                0x00000584       0x2d ./USB_DEVICE/App/usb_device.o
 .ARM.attributes
                0x000005b1       0x2d ./USB_DEVICE/App/usbd_cdc_if.o
 .ARM.attributes
                0x000005de       0x2d ./USB_DEVICE/App/usbd_desc.o
 .ARM.attributes
                0x0000060b       0x2d ./USB_DEVICE/Target/usbd_conf.o
 .ARM.attributes
                0x00000638       0x2d C:/ST/STM32CubeIDE_1.16.1/STM32CubeIDE/plugins/com.st.stm32cube.ide.mcu.externaltools.gnu-tools-for-stm32.12.3.rel1.win32_1.0.200.202406191623/tools/bin/../lib/gcc/arm-none-eabi/12.3.1/../../../../arm-none-eabi/lib/thumb/v7-m/nofp\libc_nano.a(libc_a-findfp.o)
 .ARM.attributes
                0x00000665       0x2d C:/ST/STM32CubeIDE_1.16.1/STM32CubeIDE/plugins/com.st.stm32cube.ide.mcu.externaltools.gnu-tools-for-stm32.12.3.rel1.win32_1.0.200.202406191623/tools/bin/../lib/gcc/arm-none-eabi/12.3.1/../../../../arm-none-eabi/lib/thumb/v7-m/nofp\libc_nano.a(libc_a-snprintf.o)
 .ARM.attributes
                0x00000692       0x2d C:/ST/STM32CubeIDE_1.16.1/STM32CubeIDE/plugins/com.st.stm32cube.ide.mcu.externaltools.gnu-tools-for-stm32.12.3.rel1.win32_1.0.200.202406191623/tools/bin/../lib/gcc/arm-none-eabi/12.3.1/../../../../arm-none-eabi/lib/thumb/v7-m/nofp\libc_nano.a(libc_a-sprintf.o)
 .ARM.attributes
                0x000006bf       0x2d C:/ST/STM32CubeIDE_1.16.1/STM32CubeIDE/plugins/com.st.stm32cube.ide.mcu.externaltools.gnu-tools-for-stm32.12.3.rel1.win32_1.0.200.202406191623/tools/bin/../lib/gcc/arm-none-eabi/12.3.1/../../../../arm-none-eabi/lib/thumb/v7-m/nofp\libc_nano.a(libc_a-memset.o)
 .ARM.attributes
                0x000006ec       0x2d C:/ST/STM32CubeIDE_1.16.1/STM32CubeIDE/plugins/com.st.stm32cube.ide.mcu.externaltools.gnu-tools-for-stm32.12.3.rel1.win32_1.0.200.202406191623/tools/bin/../lib/gcc/arm-none-eabi/12.3.1/../../../../arm-none-eabi/lib/thumb/v7-m/nofp\libc_nano.a(libc_a-reent.o)
 .ARM.attributes
                0x00000719       0x2d C:/ST/STM32CubeIDE_1.16.1/STM32CubeIDE/plugins/com.st.stm32cube.ide.mcu.externaltools.gnu-tools-for-stm32.12.3.rel1.win32_1.0.200.202406191623/tools/bin/../lib/gcc/arm-none-eabi/12.3.1/../../../../arm-none-eabi/lib/thumb/v7-m/nofp\libc_nano.a(libc_a-impure.o)
 .ARM.attributes
                0x00000746       0x2d C:/ST/STM32CubeIDE_1.16.1/STM32CubeIDE/plugins/com.st.stm32cube.ide.mcu.externaltools.gnu-tools-for-stm32.12.3.rel1.win32_1.0.200.202406191623/tools/bin/../lib/gcc/arm-none-eabi/12.3.1/../../../../arm-none-eabi/lib/thumb/v7-m/nofp\libc_nano.a(libc_a-errno.o)
 .ARM.attributes
                0x00000773       0x2d C:/ST/STM32CubeIDE_1.16.1/STM32CubeIDE/plugins/com.st.stm32cube.ide.mcu.externaltools.gnu-tools-for-stm32.12.3.rel1.win32_1.0.200.202406191623/tools/bin/../lib/gcc/arm-none-eabi/12.3.1/../../../../arm-none-eabi/lib/thumb/v7-m/nofp\libc_nano.a(libc_a-init.o)
 .ARM.attributes
                0x000007a0       0x2d C:/ST/STM32CubeIDE_1.16.1/STM32CubeIDE/plugins/com.st.stm32cube.ide.mcu.externaltools.gnu-tools-for-stm32.12.3.rel1.win32_1.0.200.202406191623/tools/bin/../lib/gcc/arm-none-eabi/12.3.1/../../../../arm-none-eabi/lib/thumb/v7-m/nofp\libc_nano.a(libc_a-lock.o)
 .ARM.attributes
                0x000007cd       0x1b C:/ST/STM32CubeIDE_1.16.1/STM32CubeIDE/plugins/com.st.stm32cube.ide.mcu.externaltools.gnu-tools-for-stm32.12.3.rel1.win32_1.0.200.202406191623/tools/bin/../lib/gcc/arm-none-eabi/12.3.1/../../../../arm-none-eabi/lib/thumb/v7-m/nofp\libc_nano.a(libc_a-strcmp.o)
 .ARM.attributes
                0x000007e8       0x2d C:/ST/STM32CubeIDE_1.16.1/STM32CubeIDE/plugins/com.st.stm32cube.ide.mcu.externaltools.gnu-tools-for-stm32.12.3.rel1.win32_1.0.200.202406191623/tools/bin/../lib/gcc/arm-none-eabi/12.3.1/../../../../arm-none-eabi/lib/thumb/v7-m/nofp\libc_nano.a(libc_a-memcpy-stub.o)
 .ARM.attributes
                0x00000815       0x2d C:/ST/STM32CubeIDE_1.16.1/STM32CubeIDE/plugins/com.st.stm32cube.ide.mcu.externaltools.gnu-tools-for-stm32.12.3.rel1.win32_1.0.200.202406191623/tools/bin/../lib/gcc/arm-none-eabi/12.3.1/../../../../arm-none-eabi/lib/thumb/v7-m/nofp\libc_nano.a(libc_a-freer.o)
 .ARM.attributes
                0x00000842       0x2d C:/ST/STM32CubeIDE_1.16.1/STM32CubeIDE/plugins/com.st.stm32cube.ide.mcu.externaltools.gnu-tools-for-stm32.12.3.rel1.win32_1.0.200.202406191623/tools/bin/../lib/gcc/arm-none-eabi/12.3.1/../../../../arm-none-eabi/lib/thumb/v7-m/nofp\libc_nano.a(libc_a-mallocr.o)
 .ARM.attributes
                0x0000086f       0x2d C:/ST/STM32CubeIDE_1.16.1/STM32CubeIDE/plugins/com.st.stm32cube.ide.mcu.externaltools.gnu-tools-for-stm32.12.3.rel1.win32_1.0.200.202406191623/tools/bin/../lib/gcc/arm-none-eabi/12.3.1/../../../../arm-none-eabi/lib/thumb/v7-m/nofp\libc_nano.a(libc_a-mlock.o)
 .ARM.attributes
                0x0000089c       0x2d C:/ST/STM32CubeIDE_1.16.1/STM32CubeIDE/plugins/com.st.stm32cube.ide.mcu.externaltools.gnu-tools-for-stm32.12.3.rel1.win32_1.0.200.202406191623/tools/bin/../lib/gcc/arm-none-eabi/12.3.1/../../../../arm-none-eabi/lib/thumb/v7-m/nofp\libc_nano.a(libc_a-nano-svfprintf.o)
 .ARM.attributes
                0x000008c9       0x2d C:/ST/STM32CubeIDE_1.16.1/STM32CubeIDE/plugins/com.st.stm32cube.ide.mcu.externaltools.gnu-tools-for-stm32.12.3.rel1.win32_1.0.200.202406191623/tools/bin/../lib/gcc/arm-none-eabi/12.3.1/../../../../arm-none-eabi/lib/thumb/v7-m/nofp\libc_nano.a(libc_a-nano-vfprintf_i.o)
 .ARM.attributes
                0x000008f6       0x2d C:/ST/STM32CubeIDE_1.16.1/STM32CubeIDE/plugins/com.st.stm32cube.ide.mcu.externaltools.gnu-tools-for-stm32.12.3.rel1.win32_1.0.200.202406191623/tools/bin/../lib/gcc/arm-none-eabi/12.3.1/../../../../arm-none-eabi/lib/thumb/v7-m/nofp\libc_nano.a(libc_a-memmove.o)
 .ARM.attributes
                0x00000923       0x2d C:/ST/STM32CubeIDE_1.16.1/STM32CubeIDE/plugins/com.st.stm32cube.ide.mcu.externaltools.gnu-tools-for-stm32.12.3.rel1.win32_1.0.200.202406191623/tools/bin/../lib/gcc/arm-none-eabi/12.3.1/../../../../arm-none-eabi/lib/thumb/v7-m/nofp\libc_nano.a(libc_a-sbrkr.o)
 .ARM.attributes
                0x00000950       0x2d C:/ST/STM32CubeIDE_1.16.1/STM32CubeIDE/plugins/com.st.stm32cube.ide.mcu.externaltools.gnu-tools-for-stm32.12.3.rel1.win32_1.0.200.202406191623/tools/bin/../lib/gcc/arm-none-eabi/12.3.1/../../../../arm-none-eabi/lib/thumb/v7-m/nofp\libc_nano.a(libc_a-memchr-stub.o)
 .ARM.attributes
                0x0000097d       0x2d C:/ST/STM32CubeIDE_1.16.1/STM32CubeIDE/plugins/com.st.stm32cube.ide.mcu.externaltools.gnu-tools-for-stm32.12.3.rel1.win32_1.0.200.202406191623/tools/bin/../lib/gcc/arm-none-eabi/12.3.1/../../../../arm-none-eabi/lib/thumb/v7-m/nofp\libc_nano.a(libc_a-reallocr.o)
 .ARM.attributes
                0x000009aa       0x2d C:/ST/STM32CubeIDE_1.16.1/STM32CubeIDE/plugins/com.st.stm32cube.ide.mcu.externaltools.gnu-tools-for-stm32.12.3.rel1.win32_1.0.200.202406191623/tools/bin/../lib/gcc/arm-none-eabi/12.3.1/../../../../arm-none-eabi/lib/thumb/v7-m/nofp\libc_nano.a(libc_a-msizer.o)
 .ARM.attributes
                0x000009d7       0x1d C:/ST/STM32CubeIDE_1.16.1/STM32CubeIDE/plugins/com.st.stm32cube.ide.mcu.externaltools.gnu-tools-for-stm32.12.3.rel1.win32_1.0.200.202406191623/tools/bin/../lib/gcc/arm-none-eabi/12.3.1/thumb/v7-m/nofp/crtn.o
OUTPUT(FINAL1.elf elf32-littlearm)
LOAD linker stubs
LOAD C:/ST/STM32CubeIDE_1.16.1/STM32CubeIDE/plugins/com.st.stm32cube.ide.mcu.externaltools.gnu-tools-for-stm32.12.3.rel1.win32_1.0.200.202406191623/tools/bin/../lib/gcc/arm-none-eabi/12.3.1/../../../../arm-none-eabi/lib/thumb/v7-m/nofp\libc.a
LOAD C:/ST/STM32CubeIDE_1.16.1/STM32CubeIDE/plugins/com.st.stm32cube.ide.mcu.externaltools.gnu-tools-for-stm32.12.3.rel1.win32_1.0.200.202406191623/tools/bin/../lib/gcc/arm-none-eabi/12.3.1/../../../../arm-none-eabi/lib/thumb/v7-m/nofp\libm.a
LOAD C:/ST/STM32CubeIDE_1.16.1/STM32CubeIDE/plugins/com.st.stm32cube.ide.mcu.externaltools.gnu-tools-for-stm32.12.3.rel1.win32_1.0.200.202406191623/tools/bin/../lib/gcc/arm-none-eabi/12.3.1/thumb/v7-m/nofp\libgcc.a

.debug_info     0x00000000    0x1aa56
 .debug_info    0x00000000      0x92b ./Core/Src/CLCD_I2C.o
 .debug_info    0x0000092b      0x40b ./Core/Src/KeyPad.o
 .debug_info    0x00000d36      0x84f ./Core/Src/fingerprint.o
 .debug_info    0x00001585      0x39d ./Core/Src/flash.o
 .debug_info    0x00001922     0x2420 ./Core/Src/main.o
 .debug_info    0x00003d42      0xcfc ./Core/Src/rc522.o
 .debug_info    0x00004a3e     0x1315 ./Core/Src/stm32f1xx_hal_msp.o
 .debug_info    0x00005d53      0xb97 ./Core/Src/stm32f1xx_it.o
 .debug_info    0x000068ea      0x168 ./Core/Src/sysmem.o
 .debug_info    0x00006a52      0x222 ./Core/Src/system_stm32f1xx.o
 .debug_info    0x00006c74       0x30 ./Core/Startup/startup_stm32f103c8tx.o
 .debug_info    0x00006ca4      0x704 ./Drivers/STM32F1xx_HAL_Driver/Src/stm32f1xx_hal.o
 .debug_info    0x000073a8      0xa87 ./Drivers/STM32F1xx_HAL_Driver/Src/stm32f1xx_hal_cortex.o
 .debug_info    0x00007e2f      0x4f8 ./Drivers/STM32F1xx_HAL_Driver/Src/stm32f1xx_hal_flash.o
 .debug_info    0x00008327      0x777 ./Drivers/STM32F1xx_HAL_Driver/Src/stm32f1xx_hal_flash_ex.o
 .debug_info    0x00008a9e      0x5ab ./Drivers/STM32F1xx_HAL_Driver/Src/stm32f1xx_hal_gpio.o
 .debug_info    0x00009049     0x24d2 ./Drivers/STM32F1xx_HAL_Driver/Src/stm32f1xx_hal_i2c.o
 .debug_info    0x0000b51b     0x13d8 ./Drivers/STM32F1xx_HAL_Driver/Src/stm32f1xx_hal_pcd.o
 .debug_info    0x0000c8f3      0x6f3 ./Drivers/STM32F1xx_HAL_Driver/Src/stm32f1xx_hal_pcd_ex.o
 .debug_info    0x0000cfe6      0x7e9 ./Drivers/STM32F1xx_HAL_Driver/Src/stm32f1xx_hal_rcc.o
 .debug_info    0x0000d7cf      0x3b0 ./Drivers/STM32F1xx_HAL_Driver/Src/stm32f1xx_hal_rcc_ex.o
 .debug_info    0x0000db7f     0x14ef ./Drivers/STM32F1xx_HAL_Driver/Src/stm32f1xx_hal_spi.o
 .debug_info    0x0000f06e     0x2787 ./Drivers/STM32F1xx_HAL_Driver/Src/stm32f1xx_hal_tim.o
 .debug_info    0x000117f5     0x13b5 ./Drivers/STM32F1xx_HAL_Driver/Src/stm32f1xx_hal_tim_ex.o
 .debug_info    0x00012baa     0x11c6 ./Drivers/STM32F1xx_HAL_Driver/Src/stm32f1xx_hal_uart.o
 .debug_info    0x00013d70     0x1744 ./Drivers/STM32F1xx_HAL_Driver/Src/stm32f1xx_ll_usb.o
 .debug_info    0x000154b4     0x1073 ./Middlewares/ST/STM32_USB_Device_Library/Class/CDC/Src/usbd_cdc.o
 .debug_info    0x00016527      0xa52 ./Middlewares/ST/STM32_USB_Device_Library/Core/Src/usbd_core.o
 .debug_info    0x00016f79      0x91c ./Middlewares/ST/STM32_USB_Device_Library/Core/Src/usbd_ctlreq.o
 .debug_info    0x00017895      0x6a0 ./Middlewares/ST/STM32_USB_Device_Library/Core/Src/usbd_ioreq.o
 .debug_info    0x00017f35      0x63d ./USB_DEVICE/App/usb_device.o
 .debug_info    0x00018572      0x842 ./USB_DEVICE/App/usbd_cdc_if.o
 .debug_info    0x00018db4      0x447 ./USB_DEVICE/App/usbd_desc.o