../Core/Src/fingerprint.c:9:6:USART_SendByte	16	static
../Core/Src/fingerprint.c:13:9:receive_finger	32	static
../Core/Src/fingerprint.c:20:9:receive_finger_match	32	static
../Core/Src/fingerprint.c:27:9:receive_finger_search	40	static
../Core/Src/fingerprint.c:36:5:collect_finger	8	static
../Core/Src/fingerprint.c:46:5:img2tz	24	static
../Core/Src/fingerprint.c:59:5:match	8	static
../Core/Src/fingerprint.c:70:5:regmodel	8	static
../Core/Src/fingerprint.c:82:5:store	24	static
../Core/Src/fingerprint.c:104:5:search	8	static
../Core/Src/fingerprint.c:121:5:search1	8	static
../Core/Src/fingerprint.c:139:5:empty	8	static
../Core/Src/fingerprint.c:153:5:delete_id_finger	24	static
