../Core/Src/fingerprint.c:9:6:USART_SendByte	16	static
../Core/Src/fingerprint.c:13:9:receive_finger	32	static
../Core/Src/fingerprint.c:21:9:receive_finger_match	32	static
../Core/Src/fingerprint.c:29:9:receive_finger_search	40	static
../Core/Src/fingerprint.c:39:5:collect_finger	8	static
../Core/Src/fingerprint.c:49:5:img2tz	24	static
../Core/Src/fingerprint.c:62:5:match	8	static
../Core/Src/fingerprint.c:73:5:regmodel	8	static
../Core/Src/fingerprint.c:85:5:store	24	static
../Core/Src/fingerprint.c:107:5:search	8	static
../Core/Src/fingerprint.c:124:5:search1	8	static
../Core/Src/fingerprint.c:142:5:empty	8	static
../Core/Src/fingerprint.c:156:5:del	24	static
../Core/Src/fingerprint.c:171:9:delete_finger	16	static
../Core/Src/fingerprint.c:176:9:delete_all_fingers	48	static
