../Core/Src/main.c:116:6:HAL_TIM_PeriodElapsedCallback	16	static
../Core/Src/main.c:122:6:check_fingerprint_status	16	static
../Core/Src/main.c:130:6:process_fingerprint	8	static
../Core/Src/main.c:145:5:main	72	static
../Core/Src/main.c:338:6:SystemClock_Config	88	static
../Core/Src/main.c:384:13:MX_I2C2_Init	8	static
../Core/Src/main.c:418:13:MX_SPI1_Init	8	static
../Core/Src/main.c:456:13:MX_TIM2_Init	32	static
../Core/Src/main.c:501:13:MX_USART1_UART_Init	8	static
../Core/Src/main.c:534:13:MX_GPIO_Init	40	static
../Core/Src/main.c:614:6:RFID	32	static
../Core/Src/main.c:1295:6:FACEID	24	static
../Core/Src/main.c:1625:6:FINGER	16	static
../Core/Src/main.c:1682:6:PASSWORD	16	static
../Core/Src/main.c:1731:9:CheckUID	32	static
../Core/Src/main.c:1745:9:CheckListUID	24	static
../Core/Src/main.c:1759:9:checkcountUID	16	static
../Core/Src/main.c:1776:6:adduid	16	static
../Core/Src/main.c:1815:6:checkthe	16	static
../Core/Src/main.c:1877:10:CheckKey	24	static
../Core/Src/main.c:1890:6:removeuid	16	static
../Core/Src/main.c:1894:6:startadd	8	static
../Core/Src/main.c:1923:6:setaddress	16	static
../Core/Src/main.c:1932:6:remoall	16	static
../Core/Src/main.c:1941:6:resetflash	72	static
../Core/Src/main.c:1965:6:addface	16	static
../Core/Src/main.c:1988:6:removeface	16	static
../Core/Src/main.c:2011:9:checkfaceid	16	static
../Core/Src/main.c:2028:6:add_finger	24	static
../Core/Src/main.c:2201:6:read_finger	8	static
../Core/Src/main.c:2236:6:remove_id_finger	40	static
../Core/Src/main.c:2297:6:remove_all_finger	32	static
../Core/Src/main.c:2321:6:reset_fingerprint_module	4	static
../Core/Src/main.c:2330:6:startface	8	static
../Core/Src/main.c:2346:6:enter_password	24	static
../Core/Src/main.c:2359:6:change_password	16	static
../Core/Src/main.c:2371:9:check_password	24	static
../Core/Src/main.c:2378:6:set_default_password	16	static
../Core/Src/main.c:2391:6:opendoor	32	static
../Core/Src/main.c:2408:6:buzzer	16	static
../Core/Src/main.c:2427:6:Error_Handler	4	static,ignoring_inline_asm
