../Core/Src/main.c:118:6:HAL_TIM_PeriodElapsedCallback	16	static
../Core/Src/main.c:124:6:check_fingerprint_status	16	static
../Core/Src/main.c:132:6:process_fingerprint	8	static
../Core/Src/main.c:141:9:InputID	56	static
../Core/Src/main.c:184:9:InputID_ADMIN	8	static
../Core/Src/main.c:188:9:InputID_USER	8	static
../Core/Src/main.c:192:9:InputID_FINGER	8	static
../Core/Src/main.c:196:9:InputID_FACE	8	static
../Core/Src/main.c:205:5:main	72	static
../Core/Src/main.c:398:6:SystemClock_Config	88	static
../Core/Src/main.c:444:13:MX_I2C2_Init	8	static
../Core/Src/main.c:478:13:MX_SPI1_Init	8	static
../Core/Src/main.c:516:13:MX_TIM2_Init	32	static
../Core/Src/main.c:561:13:MX_USART1_UART_Init	8	static
../Core/Src/main.c:594:13:MX_GPIO_Init	40	static
../Core/Src/main.c:674:6:RFID	32	static
../Core/Src/main.c:1026:9:CheckListUID	24	static
../Core/Src/main.c:1041:9:checkcountUID	16	static
../Core/Src/main.c:1059:6:adduid	16	static
../Core/Src/main.c:1098:6:checkthe	32	static
../Core/Src/main.c:1150:10:CheckKey	24	static
../Core/Src/main.c:1165:6:FACEID	16	static
../Core/Src/main.c:1299:6:FINGER	16	static
../Core/Src/main.c:1356:6:PASSWORD	16	static
../Core/Src/main.c:1405:9:CheckUID	32	static
../Core/Src/main.c:1419:6:removeuid	16	static
../Core/Src/main.c:1423:6:startadd	8	static
../Core/Src/main.c:1452:6:setaddress	16	static
../Core/Src/main.c:1461:6:remoall	16	static
../Core/Src/main.c:1470:6:addface	16	static
../Core/Src/main.c:1494:6:removeface	16	static
../Core/Src/main.c:1518:9:checkfaceid	16	static
../Core/Src/main.c:1535:6:add_finger	16	static
../Core/Src/main.c:1672:6:read_finger	8	static
../Core/Src/main.c:1707:6:remove_id_finger	40	static
../Core/Src/main.c:1766:6:remove_all_finger	32	static
../Core/Src/main.c:1788:6:startface	8	static
../Core/Src/main.c:1804:6:enter_password	24	static
../Core/Src/main.c:1817:6:change_password	16	static
../Core/Src/main.c:1829:9:check_password	24	static
../Core/Src/main.c:1836:6:set_default_password	16	static
../Core/Src/main.c:1849:6:opendoor	32	static
../Core/Src/main.c:1866:6:buzzer	16	static
../Core/Src/main.c:1885:6:Error_Handler	4	static,ignoring_inline_asm
