../Core/Src/main.c:100:6:HAL_TIM_PeriodElapsedCallback	16	static
../Core/Src/main.c:106:6:check_fingerprint_status	16	static
../Core/Src/main.c:114:6:process_fingerprint	8	static
../Core/Src/main.c:129:5:main	24	static
../Core/Src/main.c:261:6:SystemClock_Config	88	static
../Core/Src/main.c:307:13:MX_I2C2_Init	8	static
../Core/Src/main.c:341:13:MX_SPI1_Init	8	static
../Core/Src/main.c:379:13:MX_TIM2_Init	32	static
../Core/Src/main.c:424:13:MX_USART1_UART_Init	8	static
../Core/Src/main.c:457:13:MX_GPIO_Init	40	static
../Core/Src/main.c:520:6:RFID	32	static
../Core/Src/main.c:1183:6:FACEID	32	static
../Core/Src/main.c:1903:7:FINGER	8	static
../Core/Src/main.c:1907:6:PASSWORD	4	static
../Core/Src/main.c:1908:9:CheckUID	32	static
../Core/Src/main.c:1922:9:CheckListUID	24	static
../Core/Src/main.c:1936:9:checkcountUID	16	static
../Core/Src/main.c:1953:6:adduid	16	static
../Core/Src/main.c:1989:6:checkthe	16	static
../Core/Src/main.c:2048:10:CheckKey	24	static
../Core/Src/main.c:2061:6:removeuid	16	static
../Core/Src/main.c:2065:6:startadd	8	static
../Core/Src/main.c:2094:6:setaddress	16	static
../Core/Src/main.c:2103:6:remoall	16	static
../Core/Src/main.c:2112:6:resetflash	72	static
../Core/Src/main.c:2137:6:add_finger	8	static
../Core/Src/main.c:2206:6:read_finger	8	static
../Core/Src/main.c:2242:6:startface	8	static
../Core/Src/main.c:2255:6:addface	16	static
../Core/Src/main.c:2273:6:removeface	16	static
../Core/Src/main.c:2291:9:checkfaceid	16	static
../Core/Src/main.c:2306:6:checkface	16	static
../Core/Src/main.c:2377:6:Error_Handler	4	static,ignoring_inline_asm
