../Core/Src/main.c:100:6:HAL_TIM_PeriodElapsedCallback	16	static
../Core/Src/main.c:106:6:check_fingerprint_status	16	static
../Core/Src/main.c:114:6:process_fingerprint	8	static
../Core/Src/main.c:129:5:main	24	static
../Core/Src/main.c:262:6:SystemClock_Config	88	static
../Core/Src/main.c:308:13:MX_I2C2_Init	8	static
../Core/Src/main.c:342:13:MX_SPI1_Init	8	static
../Core/Src/main.c:380:13:MX_TIM2_Init	32	static
../Core/Src/main.c:425:13:MX_USART1_UART_Init	8	static
../Core/Src/main.c:458:13:MX_GPIO_Init	40	static
../Core/Src/main.c:521:6:RFID	32	static
../Core/Src/main.c:1168:6:FACEID	24	static
../Core/Src/main.c:1511:6:FINGER	8	static
../Core/Src/main.c:1515:6:PASSWORD	4	static
../Core/Src/main.c:1516:9:CheckUID	32	static
../Core/Src/main.c:1530:9:CheckListUID	24	static
../Core/Src/main.c:1544:9:checkcountUID	16	static
../Core/Src/main.c:1561:6:adduid	16	static
../Core/Src/main.c:1597:6:checkthe	16	static
../Core/Src/main.c:1656:10:CheckKey	24	static
../Core/Src/main.c:1669:6:removeuid	16	static
../Core/Src/main.c:1673:6:startadd	8	static
../Core/Src/main.c:1700:6:setaddress	16	static
../Core/Src/main.c:1709:6:remoall	16	static
../Core/Src/main.c:1718:6:resetflash	72	static
../Core/Src/main.c:1743:6:add_finger	8	static
../Core/Src/main.c:1812:6:read_finger	8	static
../Core/Src/main.c:1848:6:startface	8	static
../Core/Src/main.c:1861:6:addface	16	static
../Core/Src/main.c:1879:6:removeface	16	static
../Core/Src/main.c:1897:9:checkfaceid	16	static
../Core/Src/main.c:1983:6:Error_Handler	4	static,ignoring_inline_asm
