../Core/Src/main.c:117:6:HAL_TIM_PeriodElapsedCallback	16	static
../Core/Src/main.c:123:6:check_fingerprint_status	16	static
../Core/Src/main.c:131:6:process_fingerprint	8	static
../Core/Src/main.c:146:5:main	72	static
../Core/Src/main.c:339:6:SystemClock_Config	88	static
../Core/Src/main.c:385:13:MX_I2C2_Init	8	static
../Core/Src/main.c:419:13:MX_SPI1_Init	8	static
../Core/Src/main.c:457:13:MX_TIM2_Init	32	static
../Core/Src/main.c:502:13:MX_USART1_UART_Init	8	static
../Core/Src/main.c:535:13:MX_GPIO_Init	40	static
../Core/Src/main.c:615:6:RFID	32	static
../Core/Src/main.c:977:9:InputID_ADMIN	16	static
../Core/Src/main.c:1017:9:InputID_USER	24	static
../Core/Src/main.c:1057:9:CheckListUID	24	static
../Core/Src/main.c:1072:9:checkcountUID	16	static
../Core/Src/main.c:1090:6:adduid	16	static
../Core/Src/main.c:1129:6:checkthe	32	static
../Core/Src/main.c:1181:10:CheckKey	24	static
../Core/Src/main.c:1196:6:FACEID	24	static
../Core/Src/main.c:1526:6:FINGER	16	static
../Core/Src/main.c:1583:6:PASSWORD	16	static
../Core/Src/main.c:1632:9:CheckUID	32	static
../Core/Src/main.c:1646:6:removeuid	16	static
../Core/Src/main.c:1650:6:startadd	8	static
../Core/Src/main.c:1679:6:setaddress	16	static
../Core/Src/main.c:1688:6:remoall	16	static
../Core/Src/main.c:1702:6:addface	16	static
../Core/Src/main.c:1725:6:removeface	16	static
../Core/Src/main.c:1748:9:checkfaceid	16	static
../Core/Src/main.c:1765:6:add_finger	24	static
../Core/Src/main.c:1938:6:read_finger	8	static
../Core/Src/main.c:1973:6:remove_id_finger	40	static
../Core/Src/main.c:2034:6:remove_all_finger	32	static
../Core/Src/main.c:2058:6:reset_fingerprint_module	4	static
../Core/Src/main.c:2067:6:startface	8	static
../Core/Src/main.c:2083:6:enter_password	24	static
../Core/Src/main.c:2096:6:change_password	16	static
../Core/Src/main.c:2108:9:check_password	24	static
../Core/Src/main.c:2115:6:set_default_password	16	static
../Core/Src/main.c:2128:6:opendoor	32	static
../Core/Src/main.c:2145:6:buzzer	16	static
../Core/Src/main.c:2164:6:Error_Handler	4	static,ignoring_inline_asm
