../Core/Src/main.c:105:6:HAL_TIM_PeriodElapsedCallback	16	static
../Core/Src/main.c:111:6:check_fingerprint_status	16	static
../Core/Src/main.c:119:6:process_fingerprint	8	static
../Core/Src/main.c:134:5:main	24	static
../Core/Src/main.c:272:6:SystemClock_Config	88	static
../Core/Src/main.c:318:13:MX_I2C2_Init	8	static
../Core/Src/main.c:352:13:MX_SPI1_Init	8	static
../Core/Src/main.c:390:13:MX_TIM2_Init	32	static
../Core/Src/main.c:435:13:MX_USART1_UART_Init	8	static
../Core/Src/main.c:468:13:MX_GPIO_Init	40	static
../Core/Src/main.c:531:6:RFID	32	static
../Core/Src/main.c:1178:6:FACEID	24	static
../Core/Src/main.c:1491:6:FINGER	8	static
../Core/Src/main.c:1495:6:PASSWORD	4	static
../Core/Src/main.c:1496:9:CheckUID	32	static
../Core/Src/main.c:1510:9:CheckListUID	24	static
../Core/Src/main.c:1524:9:checkcountUID	16	static
../Core/Src/main.c:1541:6:adduid	16	static
../Core/Src/main.c:1577:6:checkthe	16	static
../Core/Src/main.c:1636:10:CheckKey	24	static
../Core/Src/main.c:1649:6:removeuid	16	static
../Core/Src/main.c:1653:6:startadd	8	static
../Core/Src/main.c:1680:6:setaddress	16	static
../Core/Src/main.c:1689:6:remoall	16	static
../Core/Src/main.c:1698:6:resetflash	72	static
../Core/Src/main.c:1723:6:add_finger	8	static
../Core/Src/main.c:1792:6:read_finger	8	static
../Core/Src/main.c:1828:6:startface	8	static
../Core/Src/main.c:1841:6:addface	16	static
../Core/Src/main.c:1862:6:removeface	16	static
../Core/Src/main.c:1883:9:checkfaceid	16	static
../Core/Src/main.c:1906:6:Error_Handler	4	static,ignoring_inline_asm
