../Core/Src/main.c:110:6:HAL_TIM_PeriodElapsedCallback	16	static
../Core/Src/main.c:116:6:check_fingerprint_status	16	static
../Core/Src/main.c:124:6:process_fingerprint	8	static
../Core/Src/main.c:139:5:main	72	static
../Core/Src/main.c:322:6:SystemClock_Config	88	static
../Core/Src/main.c:368:13:MX_I2C2_Init	8	static
../Core/Src/main.c:402:13:MX_SPI1_Init	8	static
../Core/Src/main.c:440:13:MX_TIM2_Init	32	static
../Core/Src/main.c:485:13:MX_USART1_UART_Init	8	static
../Core/Src/main.c:518:13:MX_GPIO_Init	40	static
../Core/Src/main.c:581:6:RFID	32	static
../Core/Src/main.c:1228:6:FACEID	24	static
../Core/Src/main.c:1541:6:FINGER	8	static
../Core/Src/main.c:1545:6:PASSWORD	16	static
../Core/Src/main.c:1591:9:CheckUID	32	static
../Core/Src/main.c:1605:9:CheckListUID	24	static
../Core/Src/main.c:1619:9:checkcountUID	16	static
../Core/Src/main.c:1636:6:adduid	16	static
../Core/Src/main.c:1672:6:checkthe	16	static
../Core/Src/main.c:1731:10:CheckKey	24	static
../Core/Src/main.c:1744:6:removeuid	16	static
../Core/Src/main.c:1748:6:startadd	8	static
../Core/Src/main.c:1775:6:setaddress	16	static
../Core/Src/main.c:1784:6:remoall	16	static
../Core/Src/main.c:1793:6:resetflash	72	static
../Core/Src/main.c:1818:6:add_finger	16	static
../Core/Src/main.c:1903:6:read_finger	8	static
../Core/Src/main.c:1939:6:startface	8	static
../Core/Src/main.c:1952:6:addface	16	static
../Core/Src/main.c:1973:6:removeface	16	static
../Core/Src/main.c:1994:9:checkfaceid	16	static
../Core/Src/main.c:2011:6:enter_password	24	static
../Core/Src/main.c:2023:6:change_password	16	static
../Core/Src/main.c:2035:9:check_password	24	static
../Core/Src/main.c:2042:6:set_default_password	16	static
../Core/Src/main.c:2058:6:Error_Handler	4	static,ignoring_inline_asm
