../Core/Src/main.c:100:6:HAL_TIM_PeriodElapsedCallback	16	static
../Core/Src/main.c:106:6:check_fingerprint_status	16	static
../Core/Src/main.c:114:6:process_fingerprint	8	static
../Core/Src/main.c:129:5:main	24	static
../Core/Src/main.c:262:6:SystemClock_Config	88	static
../Core/Src/main.c:308:13:MX_I2C2_Init	8	static
../Core/Src/main.c:342:13:MX_SPI1_Init	8	static
../Core/Src/main.c:380:13:MX_TIM2_Init	32	static
../Core/Src/main.c:425:13:MX_USART1_UART_Init	8	static
../Core/Src/main.c:458:13:MX_GPIO_Init	40	static
../Core/Src/main.c:521:6:RFID	32	static
../Core/Src/main.c:1169:6:FACEID	32	static
../Core/Src/main.c:1889:7:FINGER	8	static
../Core/Src/main.c:1893:6:PASSWORD	4	static
../Core/Src/main.c:1894:9:CheckUID	32	static
../Core/Src/main.c:1908:9:CheckListUID	24	static
../Core/Src/main.c:1922:9:checkcountUID	16	static
../Core/Src/main.c:1939:6:adduid	16	static
../Core/Src/main.c:1975:6:checkthe	16	static
../Core/Src/main.c:2034:10:CheckKey	24	static
../Core/Src/main.c:2047:6:removeuid	16	static
../Core/Src/main.c:2051:6:startadd	8	static
../Core/Src/main.c:2078:6:setaddress	16	static
../Core/Src/main.c:2087:6:remoall	16	static
../Core/Src/main.c:2096:6:resetflash	72	static
../Core/Src/main.c:2121:6:add_finger	8	static
../Core/Src/main.c:2190:6:read_finger	8	static
../Core/Src/main.c:2226:6:startface	8	static
../Core/Src/main.c:2239:6:addface	16	static
../Core/Src/main.c:2257:6:removeface	16	static
../Core/Src/main.c:2275:9:checkfaceid	16	static
../Core/Src/main.c:2290:6:checkface	16	static
../Core/Src/main.c:2361:6:Error_Handler	4	static,ignoring_inline_asm
