../Core/Src/main.c:113:6:HAL_TIM_PeriodElapsedCallback	16	static
../Core/Src/main.c:119:6:check_fingerprint_status	16	static
../Core/Src/main.c:127:6:process_fingerprint	8	static
../Core/Src/main.c:142:5:main	72	static
../Core/Src/main.c:325:6:SystemClock_Config	88	static
../Core/Src/main.c:371:13:MX_I2C2_Init	8	static
../Core/Src/main.c:405:13:MX_SPI1_Init	8	static
../Core/Src/main.c:443:13:MX_TIM2_Init	32	static
../Core/Src/main.c:488:13:MX_USART1_UART_Init	8	static
../Core/Src/main.c:521:13:MX_GPIO_Init	40	static
../Core/Src/main.c:584:6:RFID	32	static
../Core/Src/main.c:1231:6:FACEID	24	static
../Core/Src/main.c:1544:6:FINGER	16	static
../Core/Src/main.c:1598:6:PASSWORD	16	static
../Core/Src/main.c:1644:9:CheckUID	32	static
../Core/Src/main.c:1658:9:CheckListUID	24	static
../Core/Src/main.c:1672:9:checkcountUID	16	static
../Core/Src/main.c:1689:6:adduid	16	static
../Core/Src/main.c:1725:6:checkthe	16	static
../Core/Src/main.c:1784:10:CheckKey	24	static
../Core/Src/main.c:1797:6:removeuid	16	static
../Core/Src/main.c:1801:6:startadd	8	static
../Core/Src/main.c:1828:6:setaddress	16	static
../Core/Src/main.c:1837:6:remoall	16	static
../Core/Src/main.c:1846:6:resetflash	72	static
../Core/Src/main.c:1870:6:addface	16	static
../Core/Src/main.c:1891:6:removeface	16	static
../Core/Src/main.c:1912:9:checkfaceid	16	static
../Core/Src/main.c:1929:6:add_finger	16	static
../Core/Src/main.c:2014:6:read_finger	8	static
../Core/Src/main.c:2049:6:remove_id_finger	32	static
../Core/Src/main.c:2087:6:remove_all_finger	32	static
../Core/Src/main.c:2113:6:reset_fingerprint_module	4	static
../Core/Src/main.c:2122:6:startface	8	static
../Core/Src/main.c:2136:6:enter_password	24	static
../Core/Src/main.c:2148:6:change_password	16	static
../Core/Src/main.c:2160:9:check_password	24	static
../Core/Src/main.c:2167:6:set_default_password	16	static
../Core/Src/main.c:2185:6:Error_Handler	4	static,ignoring_inline_asm
